[
  {
    "_id": "69f8dd53-80c6-4a43-a119-399d5d71a2d0",
    "content_type": "text/html",
    "data": "Creator: user:bouvet:trude.hole-bouvet.no\nHeader: ,\nLead: ,Bouvet had operating revenues of NOK 385.7 \nmillion for the second quarter of 2017, compared with NOK 345.3 \nmillion in the same period of last year. Operating profit (EBIT) \ncame to NOK 36.8 million, compared with NOK 41 million in the second \nquarter of 2016. This quarter had four fewer working days compared \nwith the same period of last year.Body: Operating revenues increased 20.4 per cent for the first half to NOK 804.7 million. For the first six months, the operating profit ended at NOK 78 million, an increase of 27.2 per cent compared with last year.\n\"A good market and satisfied clients able and willing to invest, combined with our committed and capable employees, made this a very good quarter for us,\" says Sverre Hurum, CEO of Bouvet ASA.\nBouvet's operating costs, including depreciation, came to NOK 348.9 million for the second quarter, compared with NOK 304.3 million in the same period of 2016. That represents an increase of 14.6 per cent.\nThe EBIT margin for the second quarter was 9.5 per cent, down from 11.9 per cent in the second quarter last year.\nNet profit came to NOK 28.3 million, compared with NOK 30.9 million for the second quarter of 2016. Diluted earnings per share were NOK 2.72 for the quarter, compared with NOK 2.94 in the same period of last year.\nFurther information fromSverre Hurum, CEO, Bouvet ASA, tel +47 913 50 047Erik Stub\u0026oslash;, CFO, Bouvet ASA, tel +47 950 36 011",
    "filename": "en-69f8dd53-80c6-4a43-a119-399d5d71a2d0.txt"
  },
  {
    "_id": "b2f59b08-0886-4e1c-9663-21cf4ac5d317",
    "content_type": "text/html",
    "data": "Creator: user:bouvet:ylva.berge-bouvet.no\nHeader: ,\nLead: ,I år var det ikke lenger mulig å stjernemerke favoritt foredragene sine på NDC. Det gjorde Bouvet noe med på 90 minutter. \nBody: - P\u0026aring; konferanser er det veldig mange foredrag og spor, alt er ikke relevant og derfor er det viktig \u0026aring; ha mulighet til \u0026aring; markere de foredragene man vil se. Denne funksjonaliteten hadde ikke den offisielle NDC appen, s\u0026aring; vi dunka sammen v\u0026aring;r egen i enkleste form, sier utvikler Nikhil Andre Luthra i Bouvet.\nFor \u0026aring; lage NDC-appen brukte vi Node.js for \u0026aring; hente ut innholdet fra NDC sin side, og javascript for \u0026aring; lage og lagre listene p\u0026aring; brukerens telefon/nettleser. Designet derimot har det ikke blitt lagt vekt p\u0026aring;, her m\u0026aring;tte det praktiske g\u0026aring; foran det estetiske. \u0026nbsp;\u0026nbsp;\nPr\u0026oslash;v v\u0026aring;r NDC-app her: http://ndc.labben.org\n\n\n\n",
    "filename": "no-b2f59b08-0886-4e1c-9663-21cf4ac5d317.txt"
  },
  {
    "_id": "f07ceeea-7193-47c8-a79b-027b5d705ca6",
    "content_type": "text/html",
    "data": "Creator: user:bouvet:emelie.stjarnborg-bouvet.se\nHeader: ,\nLead: ,\"Design för alla\" betyder att alla har möjlighet att ta del av information, oavsett funktionsförmåga. Istället för att bygga speciallösningar bör man tänka inkluderande design redan i början av designprocessen. Alla vinner på detta i slutändan; alla besökare känner sig sedda, och du exkluderar inte de 20% av befolkningen. Dessutom är det ju numera lag på att offentlig sektor måste följa WCAG 2.0. Här kommer mina 8 bästa tips.Body: 1.\u0026nbsp;Kontrast\n\nAnvänd ett verktyg för att mäta kontrasten mellan text och bakgrund. Sträva efter att nå AA-nivå.\n\nAnvänd inte endast färg för att särskilja innehåll eller förmedla information.\n\n\nSträva minst att uppnå nivå AA.\n\n\n2.\u0026nbsp;Klickbarhet\n\nSkapa generösa klickytor runt alla klickbara element, minst 44x44 pixlar. Testa att klicka på knappar och länkar med ’fel’ hand\u0026nbsp;(alltså vänster om du är högerhänt).\n\n\nMinst 44X44 pixlars klickyta\n\n\n3.\u0026nbsp;Tangentbordsnavigering\n\nGör det möjligt att navigera på webbplatsen genom att tabba dig fram endast med tangentbord. Bygg upp i en logisk tabbordning.\n\nTesta dig fram genom att koppla ur musen – kan du använda dig av alla funktioner med endast tangentbordet?\n\n\u0026nbsp;\n\n4.\u0026nbsp;Alt-texter och textalternativ\n\nAnvänd alt-attribut för att beskriva innehåll i bilder så att skärmläsare kan läsa\u0026nbsp;upp innehållet. Syntolka eller beskriv med text allt\u0026nbsp;rörligt material.\n\n\nAnvänd beskrivande alt-attribut\n\n\n5.\u0026nbsp;Felmeddelanden\n\nVisa tydligt i positiv form var ett fel uppstått och hur det kan rättas till, till exempel det korrekta formatet för det aktuella\u0026nbsp;formulärfältet.\n\n\nAnvänd förklarande felmeddelanden\n\n\n6.\u0026nbsp;Tydliga texter och länkar\n\nAnvänd beskrivande länktexter, sidtitlar och rubriker. Skriv inte ’Läs mer’ eller ’Klicka här’ på en knapp, utan beskriv istället vart\u0026nbsp;länken leder.\n\n\nAnvänd beskrivande länktexter\n\n\n7. Möjliggör förstoring\n\nLåt användaren kunna förstora text upp till 200%, utan att behöva scrolla i sidled.\n\n\nMöjliggör zoom upp till 200% utan att användaren behöver scrolla\n\n\n8.\u0026nbsp;Gör användartester\n\nLåt riktiga användare testa produkten!\n\n\u0026nbsp;\n",
    "filename": "sv-f07ceeea-7193-47c8-a79b-027b5d705ca6.txt"
  }
]
