[
  {
    "AccountNo": 2700,
    "Amount": "~f-17027.5",
    "BalanceType": 0,
    "CountryType": 0,
    "Created": "~t2020-06-08T11:00:08.14Z",
    "CreatedBy": 2,
    "CurrencyNo": 0,
    "DepNo": 782,
    "EmployeeNo": 3310,
    "ExchangeAmount": 0,
    "ExtraCostUnitIIINo": 0,
    "ExtraCostUnitIINo": 0,
    "ExtraCostUnitINo": 0,
    "ExtraCostUnitIVNo": 0,
    "LastUpdate": "~t2020-06-08T11:00:08.14Z",
    "LastUpdatedBy": 2,
    "Period": 5,
    "ProductNo": 2078,
    "ProjectNo": 15289,
    "Quantity": 0,
    "TaxClassNo": 1,
    "UniqueNo": 6824848,
    "VoucherTypeNo": 10003,
    "Year": 2020,
    "_id": "6824848",
    "type": "~:visma-olavstoppen-balance"
  },
  {
    "AccountNo": 2700,
    "Amount": "~f-1056.25",
    "BalanceType": 0,
    "CountryType": 0,
    "Created": "~t2020-06-08T11:00:08.153Z",
    "CreatedBy": 2,
    "CurrencyNo": 0,
    "DepNo": 802,
    "EmployeeNo": 746,
    "ExchangeAmount": 0,
    "ExtraCostUnitIIINo": 0,
    "ExtraCostUnitIINo": 0,
    "ExtraCostUnitINo": 0,
    "ExtraCostUnitIVNo": 0,
    "LastUpdate": "~t2020-06-08T11:00:08.153Z",
    "LastUpdatedBy": 2,
    "Period": 6,
    "ProductNo": 2226,
    "ProjectNo": 14541,
    "Quantity": 0,
    "TaxClassNo": 1,
    "UniqueNo": 6824859,
    "VoucherTypeNo": 10003,
    "Year": 2020,
    "_id": "6824859",
    "type": "~:visma-olavstoppen-balance"
  }
]
