[
  {
    "Adresse-by": "test by",
    "Adresse-gatenavn": "test adresse",
    "Adresse-land": "test land",
    "Ansatt-ID": 1,
    "Arbeidssted": "Test location",
    "Dato-siste-endring": "16.03.2020",
    "Kontonummer": "test konto",
    "Navn": "Max Manus",
    "Personnummer": null,
    "Postnummer": "test postnummer",
    "Stillingsprosent": "100.0%",
    "_id": "0001"
  },
  {
    "Adresse-by": "test by",
    "Adresse-gatenavn": "test adresse",
    "Adresse-land": "test land",
    "Ansatt-ID": 2,
    "Arbeidssted": "Test location",
    "Dato-siste-endring": "16.03.2020",
    "Kontonummer": "test konto",
    "Navn": "Ola Norrman",
    "Personnummer": null,
    "Postnummer": "test postnummer",
    "Stillingsprosent": "100.0%",
    "_id": "0002"
  },
  {
    "Adresse-by": "test by",
    "Adresse-gatenavn": "test adresse",
    "Adresse-land": "test land",
    "Ansatt-ID": 3,
    "Arbeidssted": "Test location",
    "Dato-siste-endring": "16.03.2020",
    "Kontonummer": "test konto",
    "Navn": "Sven Svensson",
    "Personnummer": null,
    "Postnummer": "test postnummer",
    "Stillingsprosent": "100.0%",
    "_id": "0003"
  },
  {
    "Adresse-by": "test by",
    "Adresse-gatenavn": "test adresse",
    "Adresse-land": "test land",
    "Ansatt-ID": 4,
    "Arbeidssted": "Test location",
    "Dato-siste-endring": "16.03.2020",
    "Kontonummer": "test konto",
    "Navn": "Test Tester",
    "Personnummer": null,
    "Postnummer": "test postnummer",
    "Stillingsprosent": "100.0%",
    "_id": "0004"
  },
  {
    "Adresse-by": "test by",
    "Adresse-gatenavn": "test adresse",
    "Adresse-land": "test land",
    "Ansatt-ID": 6,
    "Arbeidssted": "Test location",
    "Dato-siste-endring": "16.03.2020",
    "Kontonummer": "test konto",
    "Navn": "Testina Testsen",
    "Personnummer": null,
    "Postnummer": "test postnummer",
    "Stillingsprosent": "100.0%",
    "_id": "0006"
  },
  {
    "Adresse-by": "test by",
    "Adresse-gatenavn": "test adresse",
    "Adresse-land": "test land",
    "Ansatt-ID": 7,
    "Arbeidssted": "Test location",
    "Dato-siste-endring": "16.03.2020",
    "Kontonummer": "test konto",
    "Navn": "Karl Michael Bergman",
    "Personnummer": null,
    "Postnummer": "test postnummer",
    "Stillingsprosent": "100.0%",
    "_id": "0007"
  },
  {
    "Adresse-by": "test by",
    "Adresse-gatenavn": "test adresse",
    "Adresse-land": "test land",
    "Ansatt-ID": 8,
    "Arbeidssted": "Test location",
    "Dato-siste-endring": "16.03.2020",
    "Kontonummer": "test konto",
    "Navn": "Gal Gadot",
    "Personnummer": null,
    "Postnummer": "test postnummer",
    "Stillingsprosent": "100.0%",
    "_id": "0008"
  },
  {
    "Adresse-by": "test by",
    "Adresse-gatenavn": "test adresse",
    "Adresse-land": "test land",
    "Ansatt-ID": 9,
    "Arbeidssted": "Test location",
    "Dato-siste-endring": "16.03.2020",
    "Kontonummer": "test konto",
    "Navn": "Bruce Wayne",
    "Personnummer": null,
    "Postnummer": "test postnummer",
    "Stillingsprosent": "100.0%",
    "_id": "0009"
  },
  {
    "Adresse-by": "test by",
    "Adresse-gatenavn": "test adresse",
    "Adresse-land": "test land",
    "Ansatt-ID": 10,
    "Arbeidssted": "Test location",
    "Dato-siste-endring": "16.03.2020",
    "Kontonummer": "test konto",
    "Navn": "Lynvingen",
    "Personnummer": null,
    "Postnummer": "test postnummer",
    "Stillingsprosent": "100.0%",
    "_id": "0010"
  },
  {
    "Adresse-by": "test by",
    "Adresse-gatenavn": "test adresse",
    "Adresse-land": "test land",
    "Ansatt-ID": 11,
    "Arbeidssted": "Test location",
    "Dato-siste-endring": "16.03.2020",
    "Kontonummer": "test konto",
    "Navn": "Virat Kohli",
    "Personnummer": null,
    "Postnummer": "test postnummer",
    "Stillingsprosent": "100.0%",
    "_id": "0011"
  },
  {
    "Adresse-by": "test by",
    "Adresse-gatenavn": "test adresse",
    "Adresse-land": "test land",
    "Ansatt-ID": 1316,
    "Arbeidssted": "Test location",
    "Dato-siste-endring": "16.03.2020",
    "Kontonummer": "test konto",
    "Navn": "User Userson",
    "Personnummer": null,
    "Postnummer": "test postnummer",
    "Stillingsprosent": "100.0%",
    "_id": "1316"
  },
  {
    "Adresse-by": "BØNES",
    "Adresse-gatenavn": "IkkeKomHjemTilMeg 1",
    "Adresse-land": "Norge",
    "Ansatt-ID": 132,
    "Arbeidssted": "Bergen",
    "Dato-siste-endring": "16.03.2020",
    "Kontonummer": "mitt.bank.nummer",
    "Navn": "Gjett Mail",
    "Personnummer": null,
    "Postnummer": "5153",
    "Stillingsprosent": "100.0%",
    "_id": "132"
  },
  {
    "Adresse-by": "Nordpolen",
    "Adresse-gatenavn": "Mintestvei 1",
    "Adresse-land": "Norge",
    "Ansatt-ID": 1528,
    "Arbeidssted": "Trondheim",
    "Dato-siste-endring": "16.03.2020",
    "Kontonummer": "1111.11.1111",
    "Navn": "Jeg Etternavn",
    "Personnummer": null,
    "Postnummer": "5555",
    "Stillingsprosent": "100.0%",
    "_id": "1528"
  },
  {
    "Adresse-by": "LILLESTRØM",
    "Adresse-gatenavn": "En hjemmelig adresse",
    "Adresse-land": "Norge",
    "Ansatt-ID": 1847,
    "Arbeidssted": "Oslo",
    "Dato-siste-endring": "16.03.2020",
    "Kontonummer": "7777.77.77777",
    "Navn": "Ehm Noe",
    "Personnummer": null,
    "Postnummer": "0101",
    "Stillingsprosent": "100.0%",
    "_id": "1847"
  },
  {
    "Adresse-by": "Hampstead Garden Suburb, London",
    "Adresse-gatenavn": "16 Heathgate",
    "Adresse-land": "England",
    "Ansatt-ID": 1872,
    "Arbeidssted": "Bergen",
    "Dato-siste-endring": "16.03.2020",
    "Kontonummer": "54654.5.54654",
    "Navn": "Hermione Granger",
    "Personnummer": null,
    "Postnummer": "0000",
    "Stillingsprosent": "100.0%",
    "_id": "1872"
  },
  {
    "Adresse-by": "OSLO",
    "Adresse-gatenavn": "DenVilDuNokVite 1",
    "Adresse-land": "Norge",
    "Ansatt-ID": 1938,
    "Arbeidssted": "Oslo",
    "Dato-siste-endring": "16.03.2020",
    "Kontonummer": "2223.66.16251",
    "Navn": "Lite Ambisjon",
    "Personnummer": null,
    "Postnummer": "1111",
    "Stillingsprosent": "100.0%",
    "_id": "1938"
  },
  {
    "Adresse-by": "TRONDHEIM",
    "Adresse-gatenavn": "Min hjemmegate",
    "Adresse-land": "Norge",
    "Ansatt-ID": 2015,
    "Arbeidssted": "Trondheim",
    "Dato-siste-endring": "16.03.2020",
    "Kontonummer": "123.123.123",
    "Navn": "Meg Finnepå",
    "Personnummer": null,
    "Postnummer": "6666",
    "Stillingsprosent": "100.0%",
    "_id": "2015"
  },
  {
    "Adresse-by": "STAVANGER",
    "Adresse-gatenavn": "Hjemmeveien 64",
    "Adresse-land": "Norge",
    "Ansatt-ID": 2156,
    "Arbeidssted": "Stavanger",
    "Dato-siste-endring": "16.03.2020",
    "Kontonummer": "2222.22.2222",
    "Navn": "Fornavn Testetternavn",
    "Personnummer": null,
    "Postnummer": "2222",
    "Stillingsprosent": "80.0%",
    "_id": "2156"
  },
  {
    "Adresse-by": "OSLO",
    "Adresse-gatenavn": "Hjemmeligveien 1",
    "Adresse-land": "Norge",
    "Ansatt-ID": 2276,
    "Arbeidssted": "Oslo",
    "Dato-siste-endring": "16.03.2020",
    "Kontonummer": "333.33.33333",
    "Navn": "Mitt Testnavn",
    "Personnummer": null,
    "Postnummer": "0000",
    "Stillingsprosent": "100.0%",
    "_id": "2276"
  },
  {
    "Adresse-by": "Nabobyen",
    "Adresse-gatenavn": "JegLikerIkkeNaboeneMine1",
    "Adresse-land": "Norge",
    "Ansatt-ID": 2288,
    "Arbeidssted": "Trondheim",
    "Dato-siste-endring": "16.03.2020",
    "Kontonummer": "44.44.444894",
    "Navn": "Min Nabo",
    "Personnummer": null,
    "Postnummer": "1212",
    "Stillingsprosent": "100.0%",
    "_id": "2288"
  },
  {
    "Adresse-by": "Little Whinging, Surrey",
    "Adresse-gatenavn": "4 Privet Drive",
    "Adresse-land": "test land",
    "Ansatt-ID": 2978,
    "Arbeidssted": "Stavanger",
    "Dato-siste-endring": "16.03.2020",
    "Kontonummer": "352413512",
    "Navn": "Harry Potter",
    "Personnummer": null,
    "Postnummer": "0000",
    "Stillingsprosent": "100.0%",
    "_id": "2978"
  },
  {
    "Adresse-by": "Stavanger",
    "Adresse-gatenavn": "Testveien 1",
    "Adresse-land": "Norge",
    "Ansatt-ID": 3471,
    "Arbeidssted": "Stavanger",
    "Dato-siste-endring": "16.03.2020",
    "Kontonummer": "123123123",
    "Navn": "Severus Snape",
    "Personnummer": null,
    "Postnummer": "90310",
    "Stillingsprosent": "100.0%",
    "_id": "3471"
  },
  {
    "Adresse-by": "test by",
    "Adresse-gatenavn": "test adresse",
    "Adresse-land": "test land",
    "Ansatt-ID": 391,
    "Arbeidssted": "Test location",
    "Dato-siste-endring": "16.03.2020",
    "Kontonummer": "test konto",
    "Navn": "bruker brukersen",
    "Personnummer": null,
    "Postnummer": "test postnummer",
    "Stillingsprosent": "100.0%",
    "_id": "391"
  },
  {
    "Adresse-by": "Oslo",
    "Adresse-gatenavn": "Nobels gate gate 3a",
    "Adresse-land": "Norge",
    "Ansatt-ID": 7777,
    "Arbeidssted": "Oslo",
    "Dato-siste-endring": "16.03.2020",
    "Kontonummer": "1230.123.1230",
    "Navn": "Alfie Collin",
    "Personnummer": null,
    "Postnummer": "0234",
    "Stillingsprosent": "100.0%",
    "_id": "7777"
  }
]
