[
  {
    "Email": "fgh@bouvet.no",
    "_deleted": true,
    "_id": "0009",
    "id": "U5H60EX5H"
  }
]
