[
  {
    "CostUnitID": 1751,
    "CostUnitValue": "3746",
    "HierarchyNo": 1,
    "SavedValue": "345",
    "_id": "1_1751_3746",
    "type": "~:visma-costunitshierarchydata"
  }
]
