[
  {
    "AcceptReplacementArticleYesNo": 0,
    "AccessLevel": 0,
    "Address1": "V/Regnskapsavdelingen",
    "Address2": "Ordrenr:Xxxxxxx",
    "AgentNo": 0,
    "AgentYesNo": 0,
    "AgreementGiroType": 0,
    "AgreementOrderCusGrpNo": 0,
    "AltPriceListNo": 0,
    "AltPriceListYesNo": 0,
    "AnnualSales": 0,
    "AverageCreditPeriod": 0,
    "Balance": 0,
    "BuContactNo": 0,
    "BusinessNo": 0,
    "ChainLeaderYesNo": 0,
    "ChainNo": 0,
    "ChainPriceTypeHasPriorityYesNo": 0,
    "ChartererCompanyNo": 0,
    "CommissionProfileNo": 0,
    "CompanyNo": "990224978",
    "ContactNoConfirmOrder": 0,
    "ContactNoDelivery": 0,
    "ContactNoInvoice": 0,
    "ContactNoListOfContents": 0,
    "ContactNoPickingList": 0,
    "ContactNoReminder": 0,
    "ContactsUpdatedInBizWeb": 0,
    "CountryNo": 0,
    "Created": "~t2011-03-11T16:37:16Z",
    "CreatedBy": 1,
    "CreditBlockAllowOfferAndNewOrders": 0,
    "CreditControlLastActionTime": "~t1970-01-01T00:00:00Z",
    "CreditLimit": "~f99999999.99",
    "CurrencyNo": 0,
    "CustProfilesOverrideChainProfiles": 0,
    "CustomerBonusProfileNo": 0,
    "CustomerGrpNo": 0,
    "CustomerNo": 10001,
    "CustomerProfileNo": 1,
    "CustomerTypeNo": 0,
    "DateLastFinancialStatement": "~t1970-01-01T00:00:00Z",
    "DateUpdatedContactData": "~t1970-01-01T00:00:00Z",
    "DateUpdatedFinancialData": "~t2014-05-01T00:00:00Z",
    "DebtCollectionGrpNo": 1,
    "DeliveryAddressNo": 2,
    "DeliveryMethodsNo": 0,
    "DepNo": 0,
    "DiscountGrpCustNo": 0,
    "DistrictNo": 0,
    "EDITestMode": 0,
    "EbusinessType": 0,
    "EdiProfileNo": 0,
    "EdiTestYesNo": 0,
    "EinvoiceStatus": 0,
    "ElectronicInvoiceActive": 0,
    "ElectronicInvoiceByMailYesNo": 0,
    "EmployeeNo": 0,
    "ExtraCostUnitIIINo": 0,
    "ExtraCostUnitIINo": 0,
    "ExtraCostUnitINo": 0,
    "ExtraCostUnitIVNo": 0,
    "FactCustomerNo": "0",
    "FinancialDataUpdatedInBizWeb": 1,
    "FixedAddnDedNo": 0,
    "FormProfileCustNo": 1,
    "GLAccountRec": 1500,
    "GrossInvoicingYesNo": 0,
    "InActiveYesNo": 1,
    "InvoiceAdressNo": 2,
    "LastMovementDate": "~t2007-12-18T00:00:00Z",
    "LastSubscriptionInvoiceDate": "~t1970-01-01T00:00:00Z",
    "LastUpdate": "~t2015-12-18T13:07:37Z",
    "LastUpdatedBy": 5,
    "LastUpdatedInBizWeb": "~t2015-06-22T00:00:00Z",
    "LastupdatedFromBizWeb": "~t1970-01-01T00:00:00Z",
    "LocalGovernmentNo": 0,
    "LockedYesNo": 0,
    "MDM_Deleted": 0,
    "MDM_SyncVersion": 0,
    "MDM_Version": 0,
    "MaindataUpdatedInBizWeb": 1,
    "MergeToCustomerNo": 0,
    "Name": "Bankenes Betalingssentral",
    "NoOfEmployees": 0,
    "NoOfSubscription": 0,
    "NotBreakageYesNo": 0,
    "OurSupplNo": 0,
    "PaymentPattern": 0,
    "PostCode": "0045",
    "PostCode-ni": "~:0045",
    "PostOffice": "OSLO",
    "PriceCode": 1,
    "PriceListNo": 0,
    "PrintProfileNo": 1,
    "ProductNo": 0,
    "ProjectNo": 0,
    "RegistrationDate": "~t2011-03-11T00:00:00Z",
    "RemainderOrderYesNo": 0,
    "RemittanceProfileNo": 0,
    "Result": 0,
    "RoundingCode": 0,
    "ShipmentTypeNo": 0,
    "SortName": "Bankenes Betalingssentral",
    "SubscriptionProfileNo": 0,
    "SupplierNo": 0,
    "SwiftCodeNo": 0,
    "TermsOfDeliveryNo": 0,
    "TermsOfPayCustNo": 2,
    "TypeOfChain": 0,
    "UpperAmountAltPriceList": 0,
    "WWWAddress": "Ikke med i utvalg Omsetning juni2010-nov2011",
    "WareHouseNo": 0,
    "ZpiderImportProfileNo": 0,
    "_id": "10001"
  },
  {
    "AcceptReplacementArticleYesNo": 0,
    "AccessLevel": 0,
    "Address1": "Postboks 1583",
    "AgentNo": 0,
    "AgentYesNo": 0,
    "AgreementGiroType": 0,
    "AgreementOrderCusGrpNo": 0,
    "AltPriceListNo": 0,
    "AltPriceListYesNo": 0,
    "AnnualSales": 0,
    "AverageCreditPeriod": 0,
    "Balance": 0,
    "BuContactNo": 0,
    "BusinessNo": 0,
    "ChainLeaderYesNo": 0,
    "ChainNo": 0,
    "ChainPriceTypeHasPriorityYesNo": 0,
    "ChartererCompanyNo": 0,
    "CommissionProfileNo": 0,
    "CompanyNo": "992462817",
    "ContactNoConfirmOrder": 0,
    "ContactNoDelivery": 0,
    "ContactNoInvoice": 0,
    "ContactNoListOfContents": 0,
    "ContactNoPickingList": 0,
    "ContactNoReminder": 0,
    "ContactsUpdatedInBizWeb": 0,
    "CountryNo": 0,
    "Created": "~t2011-03-11T16:37:16Z",
    "CreatedBy": 1,
    "CreditBlockAllowOfferAndNewOrders": 0,
    "CreditControlLastActionTime": "~t1970-01-01T00:00:00Z",
    "CreditLimit": "~f99999999.99",
    "CurrencyNo": 0,
    "CustProfilesOverrideChainProfiles": 0,
    "CustomerBonusProfileNo": 0,
    "CustomerGrpNo": 0,
    "CustomerNo": 10006,
    "CustomerProfileNo": 1,
    "CustomerTypeNo": 0,
    "DateLastFinancialStatement": "~t1970-01-01T00:00:00Z",
    "DateUpdatedContactData": "~t1970-01-01T00:00:00Z",
    "DateUpdatedFinancialData": "~t2009-08-13T00:00:00Z",
    "DebtCollectionGrpNo": 1,
    "DeliveryAddressNo": 7,
    "DeliveryMethodsNo": 0,
    "DepNo": 0,
    "DiscountGrpCustNo": 0,
    "DistrictNo": 0,
    "EDITestMode": 0,
    "EbusinessType": 0,
    "EdiProfileNo": 0,
    "EdiTestYesNo": 0,
    "EinvoiceStatus": 0,
    "ElectronicInvoiceActive": 0,
    "ElectronicInvoiceByMailYesNo": 0,
    "EmployeeNo": 0,
    "ExtraCostUnitIIINo": 0,
    "ExtraCostUnitIINo": 0,
    "ExtraCostUnitINo": 0,
    "ExtraCostUnitIVNo": 0,
    "FactCustomerNo": "0",
    "FinancialDataUpdatedInBizWeb": 1,
    "FixedAddnDedNo": 0,
    "FormProfileCustNo": 1,
    "GLAccountRec": 1500,
    "GrossInvoicingYesNo": 0,
    "InActiveYesNo": 1,
    "InvoiceAdressNo": 7,
    "LastMovementDate": "~t2008-11-28T00:00:00Z",
    "LastSubscriptionInvoiceDate": "~t1970-01-01T00:00:00Z",
    "LastUpdate": "~t2015-12-18T13:07:37Z",
    "LastUpdatedBy": 5,
    "LastUpdatedInBizWeb": "~t2009-12-02T00:00:00Z",
    "LastupdatedFromBizWeb": "~t1970-01-01T00:00:00Z",
    "LocalGovernmentNo": 0,
    "LockedYesNo": 0,
    "MDM_Deleted": 0,
    "MDM_SyncVersion": 0,
    "MDM_Version": 0,
    "MaindataUpdatedInBizWeb": 1,
    "MergeToCustomerNo": 0,
    "Name": "Nordpool International AS",
    "NoOfEmployees": 0,
    "NoOfSubscription": 0,
    "NotBreakageYesNo": 0,
    "OurSupplNo": 0,
    "PaymentPattern": 0,
    "PostCode": "7435",
    "PostCode-ni": "~:7435",
    "PostOffice": "TRONDHEIM",
    "PriceCode": 1,
    "PriceListNo": 0,
    "PrintProfileNo": 1,
    "ProductNo": 0,
    "ProjectNo": 0,
    "RegistrationDate": "~t2011-03-11T00:00:00Z",
    "RemainderOrderYesNo": 0,
    "RemittanceProfileNo": 0,
    "Result": 0,
    "RoundingCode": 0,
    "ShipmentTypeNo": 0,
    "SortName": "Nordpool International AS",
    "SubscriptionProfileNo": 0,
    "SupplierNo": 0,
    "SwiftCodeNo": 0,
    "TermsOfDeliveryNo": 0,
    "TermsOfPayCustNo": 2,
    "TypeOfChain": 0,
    "UpperAmountAltPriceList": 0,
    "WWWAddress": "Ikke med i utvalg Omsetning juni2010-nov2011",
    "WareHouseNo": 0,
    "ZpiderImportProfileNo": 0,
    "_id": "10006"
  },
  {
    "AcceptReplacementArticleYesNo": 0,
    "AccessLevel": 0,
    "Address1": "Postboks 100",
    "AgentNo": 0,
    "AgentYesNo": 0,
    "AgreementGiroType": 0,
    "AgreementOrderCusGrpNo": 0,
    "AltPriceListNo": 0,
    "AltPriceListYesNo": 0,
    "AnnualSales": 0,
    "AverageCreditPeriod": 0,
    "Balance": 0,
    "BuContactNo": 0,
    "BusinessNo": 0,
    "ChainLeaderYesNo": 0,
    "ChainNo": 0,
    "ChainPriceTypeHasPriorityYesNo": 0,
    "ChartererCompanyNo": 0,
    "CommissionProfileNo": 0,
    "CompanyNo": "965368248 ble slettet 110116",
    "ContactNoConfirmOrder": 0,
    "ContactNoDelivery": 0,
    "ContactNoInvoice": 0,
    "ContactNoListOfContents": 0,
    "ContactNoPickingList": 0,
    "ContactNoReminder": 0,
    "ContactsUpdatedInBizWeb": 0,
    "CountryNo": 0,
    "Created": "~t2011-03-11T16:37:20Z",
    "CreatedBy": 1,
    "CreditBlockAllowOfferAndNewOrders": 0,
    "CreditControlLastActionTime": "~t1970-01-01T00:00:00Z",
    "CreditLimit": "~f99999999.99",
    "CurrencyNo": 0,
    "CustProfilesOverrideChainProfiles": 0,
    "CustomerBonusProfileNo": 0,
    "CustomerGrpNo": 0,
    "CustomerNo": 10038,
    "CustomerProfileNo": 1,
    "CustomerTypeNo": 2,
    "DateLastFinancialStatement": "~t1970-01-01T00:00:00Z",
    "DateUpdatedContactData": "~t1970-01-01T00:00:00Z",
    "DateUpdatedFinancialData": "~t2015-07-06T00:00:00Z",
    "DebtCollectionGrpNo": 1,
    "DeliveryAddressNo": 39,
    "DeliveryMethodsNo": 0,
    "DepNo": 0,
    "DiscountGrpCustNo": 0,
    "DistrictNo": 0,
    "EANLocationNo": "965368248",
    "EDITestMode": 0,
    "EbusinessType": 0,
    "EdiProfileNo": 2,
    "EdiTestYesNo": 0,
    "EinvoiceStatus": 0,
    "ElectronicInvoiceActive": 0,
    "ElectronicInvoiceByMailYesNo": 0,
    "EmployeeNo": 0,
    "ExtraCostUnitIIINo": 0,
    "ExtraCostUnitIINo": 0,
    "ExtraCostUnitINo": 0,
    "ExtraCostUnitIVNo": 0,
    "FactCustomerNo": "0",
    "FinancialDataUpdatedInBizWeb": 1,
    "FixedAddnDedNo": 0,
    "FormProfileCustNo": 4,
    "GLAccountRec": 1500,
    "GrossInvoicingYesNo": 0,
    "InActiveYesNo": 1,
    "InvoiceAdressNo": 39,
    "LastMovementDate": "~t2009-01-05T00:00:00Z",
    "LastSubscriptionInvoiceDate": "~t1970-01-01T00:00:00Z",
    "LastUpdate": "~t2016-11-14T14:34:19Z",
    "LastUpdatedBy": 7,
    "LastUpdatedInBizWeb": "~t2015-11-19T00:00:00Z",
    "LastupdatedFromBizWeb": "~t1970-01-01T00:00:00Z",
    "LocalGovernmentNo": 0,
    "LockedYesNo": 0,
    "MDM_Deleted": 0,
    "MDM_SyncVersion": 0,
    "MDM_Version": 0,
    "MaindataUpdatedInBizWeb": 1,
    "MergeToCustomerNo": 0,
    "Name": "Oslo Lufthavn",
    "NoOfEmployees": 0,
    "NoOfSubscription": 0,
    "NotBreakageYesNo": 0,
    "OurSupplNo": 0,
    "PaymentPattern": 0,
    "PostCode": "2061",
    "PostCode-ni": "~:2061",
    "PostOffice": "GARDERMOEN",
    "PriceCode": 1,
    "PriceListNo": 0,
    "PrintProfileNo": 3,
    "ProductNo": 0,
    "ProjectNo": 0,
    "RegistrationDate": "~t2011-03-11T00:00:00Z",
    "RemainderOrderYesNo": 0,
    "RemittanceProfileNo": 0,
    "Result": 0,
    "RoundingCode": 0,
    "ShipmentTypeNo": 0,
    "SortName": "Oslo Lufthavn",
    "SubscriptionProfileNo": 0,
    "SupplierNo": 0,
    "SwiftCodeNo": 0,
    "TermsOfDeliveryNo": 0,
    "TermsOfPayCustNo": 2,
    "TypeOfChain": 0,
    "UpperAmountAltPriceList": 0,
    "WWWAddress": "Ikke med i utvalg Omsetning juni2010-nov2011",
    "WareHouseNo": 0,
    "ZpiderImportProfileNo": 0,
    "_id": "10038"
  },
  {
    "AcceptReplacementArticleYesNo": 0,
    "AccessLevel": 0,
    "Address1": "Posboks 155 Kalbakken",
    "AgentNo": 0,
    "AgentYesNo": 0,
    "AgreementGiroType": 0,
    "AgreementOrderCusGrpNo": 0,
    "AltPriceListNo": 0,
    "AltPriceListYesNo": 0,
    "AnnualSales": 0,
    "AverageCreditPeriod": 0,
    "Balance": 0,
    "BuContactNo": 0,
    "BusinessNo": 0,
    "ChainLeaderYesNo": 0,
    "ChainNo": 0,
    "ChainPriceTypeHasPriorityYesNo": 0,
    "ChartererCompanyNo": 0,
    "CommissionProfileNo": 0,
    "CompanyNo": "950 420 103",
    "ContactNoConfirmOrder": 0,
    "ContactNoDelivery": 0,
    "ContactNoInvoice": 0,
    "ContactNoListOfContents": 0,
    "ContactNoPickingList": 0,
    "ContactNoReminder": 0,
    "ContactsUpdatedInBizWeb": 0,
    "CountryNo": 0,
    "Created": "~t2011-03-11T16:37:20Z",
    "CreatedBy": 1,
    "CreditBlockAllowOfferAndNewOrders": 0,
    "CreditControlLastActionTime": "~t1970-01-01T00:00:00Z",
    "CreditLimit": "~f99999999.99",
    "CurrencyNo": 0,
    "CustProfilesOverrideChainProfiles": 0,
    "CustomerBonusProfileNo": 0,
    "CustomerGrpNo": 0,
    "CustomerNo": 10040,
    "CustomerProfileNo": 1,
    "CustomerTypeNo": 0,
    "DateLastFinancialStatement": "~t1970-01-01T00:00:00Z",
    "DateUpdatedContactData": "~t1970-01-01T00:00:00Z",
    "DateUpdatedFinancialData": "~t2015-06-16T00:00:00Z",
    "DebtCollectionGrpNo": 1,
    "DeliveryAddressNo": 41,
    "DeliveryMethodsNo": 0,
    "DepNo": 0,
    "DiscountGrpCustNo": 0,
    "DistrictNo": 0,
    "EDITestMode": 0,
    "EbusinessType": 0,
    "EdiProfileNo": 0,
    "EdiTestYesNo": 0,
    "EinvoiceStatus": 0,
    "ElectronicInvoiceActive": 0,
    "ElectronicInvoiceByMailYesNo": 0,
    "EmployeeNo": 0,
    "ExtraCostUnitIIINo": 0,
    "ExtraCostUnitIINo": 0,
    "ExtraCostUnitINo": 0,
    "ExtraCostUnitIVNo": 0,
    "FactCustomerNo": "0",
    "FinancialDataUpdatedInBizWeb": 1,
    "FixedAddnDedNo": 0,
    "FormProfileCustNo": 1,
    "GLAccountRec": 1500,
    "GrossInvoicingYesNo": 0,
    "InActiveYesNo": 1,
    "InvoiceAdressNo": 41,
    "LastMovementDate": "~t2009-06-29T00:00:00Z",
    "LastSubscriptionInvoiceDate": "~t1970-01-01T00:00:00Z",
    "LastUpdate": "~t2015-12-18T13:07:38Z",
    "LastUpdatedBy": 5,
    "LastUpdatedInBizWeb": "~t2015-11-19T00:00:00Z",
    "LastupdatedFromBizWeb": "~t1970-01-01T00:00:00Z",
    "LocalGovernmentNo": 0,
    "LockedYesNo": 0,
    "MDM_Deleted": 0,
    "MDM_SyncVersion": 0,
    "MDM_Version": 0,
    "MaindataUpdatedInBizWeb": 1,
    "MergeToCustomerNo": 0,
    "Name": "Cleanosol AS",
    "NoOfEmployees": 0,
    "NoOfSubscription": 0,
    "NotBreakageYesNo": 0,
    "OurSupplNo": 0,
    "PaymentPattern": 0,
    "PostCode": "0903",
    "PostCode-ni": "~:0903",
    "PostOffice": "OSLO",
    "PriceCode": 1,
    "PriceListNo": 0,
    "PrintProfileNo": 1,
    "ProductNo": 0,
    "ProjectNo": 0,
    "RegistrationDate": "~t2011-03-11T00:00:00Z",
    "RemainderOrderYesNo": 0,
    "RemittanceProfileNo": 0,
    "Result": 0,
    "RoundingCode": 0,
    "ShipmentTypeNo": 0,
    "SortName": "Cleanosol AS",
    "SubscriptionProfileNo": 0,
    "SupplierNo": 0,
    "SwiftCodeNo": 0,
    "Telephone": "Sperret 2008",
    "TermsOfDeliveryNo": 0,
    "TermsOfPayCustNo": 2,
    "TypeOfChain": 0,
    "UpperAmountAltPriceList": 0,
    "WWWAddress": "Ikke i bruk siste 3 år",
    "WareHouseNo": 0,
    "ZpiderImportProfileNo": 0,
    "_id": "10040"
  },
  {
    "AcceptReplacementArticleYesNo": 0,
    "AccessLevel": 0,
    "Address1": "Regnskapsservice",
    "Address2": "Postboks 1 Alnabru",
    "AgentNo": 0,
    "AgentYesNo": 0,
    "AgreementGiroType": 0,
    "AgreementOrderCusGrpNo": 0,
    "AltPriceListNo": 0,
    "AltPriceListYesNo": 0,
    "AnnualSales": 0,
    "AverageCreditPeriod": 0,
    "Balance": 0,
    "BuContactNo": 0,
    "BusinessNo": 0,
    "ChainLeaderYesNo": 0,
    "ChainNo": 0,
    "ChainPriceTypeHasPriorityYesNo": 0,
    "ChartererCompanyNo": 0,
    "CommissionProfileNo": 0,
    "CompanyNo": "973104357",
    "ContactNoConfirmOrder": 0,
    "ContactNoDelivery": 0,
    "ContactNoInvoice": 0,
    "ContactNoListOfContents": 0,
    "ContactNoPickingList": 0,
    "ContactNoReminder": 0,
    "ContactsUpdatedInBizWeb": 0,
    "CountryNo": 0,
    "Created": "~t2011-03-11T16:37:29Z",
    "CreatedBy": 1,
    "CreditBlockAllowOfferAndNewOrders": 0,
    "CreditControlLastActionTime": "~t1970-01-01T00:00:00Z",
    "CreditLimit": "~f99999999.99",
    "CurrencyNo": 0,
    "CustProfilesOverrideChainProfiles": 0,
    "CustomerBonusProfileNo": 0,
    "CustomerGrpNo": 0,
    "CustomerNo": 10122,
    "CustomerProfileNo": 1,
    "CustomerTypeNo": 0,
    "DateLastFinancialStatement": "~t1970-01-01T00:00:00Z",
    "DateUpdatedContactData": "~t1970-01-01T00:00:00Z",
    "DateUpdatedFinancialData": "~t1970-01-01T00:00:00Z",
    "DebtCollectionGrpNo": 1,
    "DeliveryAddressNo": 123,
    "DeliveryMethodsNo": 0,
    "DepNo": 0,
    "DiscountGrpCustNo": 0,
    "DistrictNo": 0,
    "EDITestMode": 0,
    "EbusinessType": 0,
    "EdiProfileNo": 0,
    "EdiTestYesNo": 0,
    "EinvoiceStatus": 0,
    "ElectronicInvoiceActive": 0,
    "ElectronicInvoiceByMailYesNo": 0,
    "EmployeeNo": 0,
    "ExtraCostUnitIIINo": 0,
    "ExtraCostUnitIINo": 0,
    "ExtraCostUnitINo": 0,
    "ExtraCostUnitIVNo": 0,
    "FactCustomerNo": "0",
    "FinancialDataUpdatedInBizWeb": 0,
    "FixedAddnDedNo": 0,
    "FormProfileCustNo": 1,
    "GLAccountRec": 1500,
    "GrossInvoicingYesNo": 0,
    "InActiveYesNo": 0,
    "InvoiceAdressNo": 123,
    "LastMovementDate": "~t2008-08-28T00:00:00Z",
    "LastSubscriptionInvoiceDate": "~t1970-01-01T00:00:00Z",
    "LastUpdate": "~t2016-02-05T15:26:59Z",
    "LastUpdatedBy": 11,
    "LastUpdatedInBizWeb": "~t2016-01-27T00:00:00Z",
    "LastupdatedFromBizWeb": "~t2016-02-05T15:26:58Z",
    "LocalGovernmentNo": 0,
    "LockedYesNo": 0,
    "MDM_Deleted": 0,
    "MDM_SyncVersion": 0,
    "MDM_Version": 0,
    "MaindataUpdatedInBizWeb": 0,
    "MergeToCustomerNo": 0,
    "Name": "Siemens AS Oslo",
    "NoOfEmployees": 0,
    "NoOfSubscription": 0,
    "NotBreakageYesNo": 0,
    "OurSupplNo": 0,
    "PaymentPattern": 0,
    "PostCode": "0613",
    "PostCode-ni": "~:0613",
    "PostOffice": "OSLO",
    "PriceCode": 1,
    "PriceListNo": 0,
    "PrintProfileNo": 1,
    "ProductNo": 0,
    "ProjectNo": 0,
    "RegistrationDate": "~t2011-03-11T00:00:00Z",
    "RemainderOrderYesNo": 0,
    "RemittanceProfileNo": 0,
    "Result": 0,
    "RoundingCode": 0,
    "ShipmentTypeNo": 0,
    "SortName": "Siemens AS Oslo",
    "SubscriptionProfileNo": 0,
    "SupplierNo": 0,
    "SwiftCodeNo": 0,
    "TermsOfDeliveryNo": 0,
    "TermsOfPayCustNo": 2,
    "TypeOfChain": 0,
    "UpperAmountAltPriceList": 0,
    "WareHouseNo": 0,
    "ZpiderImportProfileNo": 0,
    "_id": "10122"
  },
  {
    "AcceptReplacementArticleYesNo": 0,
    "AccessLevel": 0,
    "Address1": "Fakturamottak Ssø",
    "Address2": "Postboks 4104",
    "AgentNo": 0,
    "AgentYesNo": 0,
    "AgreementGiroType": 0,
    "AgreementOrderCusGrpNo": 0,
    "AltPriceListNo": 0,
    "AltPriceListYesNo": 0,
    "AnnualSales": 0,
    "AverageCreditPeriod": 0,
    "Balance": 0,
    "BuContactNo": 0,
    "BusinessNo": 0,
    "ChainLeaderYesNo": 0,
    "ChainNo": 0,
    "ChainPriceTypeHasPriorityYesNo": 0,
    "ChartererCompanyNo": 0,
    "CommissionProfileNo": 0,
    "CompanyNo": "9908:974760746",
    "ContactNoDelivery": 0,
    "ContactNoInvoice": 0,
    "ContactNoListOfContents": 0,
    "ContactNoReminder": 0,
    "ContactsUpdatedInBizWeb": 0,
    "CountryNo": 0,
    "Created": "~t2011-03-11T16:37:36Z",
    "CreatedBy": 1,
    "CreditBlockAllowOfferAndNewOrders": 0,
    "CreditControlLastActionTime": "~t1970-01-01T00:00:00Z",
    "CreditLimit": "~f99999999.99",
    "CurrencyNo": 0,
    "CustProfilesOverrideChainProfiles": 0,
    "CustomerBonusProfileNo": 0,
    "CustomerGrpNo": 0,
    "CustomerNo": 10194,
    "CustomerProfileNo": 1,
    "CustomerTypeNo": 0,
    "DateLastFinancialStatement": "~t1970-01-01T00:00:00Z",
    "DateUpdatedContactData": "~t1970-01-01T00:00:00Z",
    "DateUpdatedFinancialData": "~t1970-01-01T00:00:00Z",
    "DebtCollectionGrpNo": 1,
    "DeliveryAddressNo": 199,
    "DeliveryMethodsNo": 0,
    "DepNo": 0,
    "DiscountGrpCustNo": 0,
    "DistrictNo": 0,
    "EANLocationNo": "9908:974760746",
    "EDITestMode": 0,
    "EbusinessType": 0,
    "EdiProfileNo": 0,
    "EdiTestYesNo": 0,
    "EinvoiceStatus": 0,
    "ElectronicInvoiceActive": 0,
    "ElectronicInvoiceByMailYesNo": 0,
    "EmployeeNo": 0,
    "ExtraCostUnitIIINo": 0,
    "ExtraCostUnitIINo": 0,
    "ExtraCostUnitINo": 0,
    "ExtraCostUnitIVNo": 0,
    "FactCustomerNo": "0",
    "FinancialDataUpdatedInBizWeb": 0,
    "FixedAddnDedNo": 0,
    "FormProfileCustNo": 1,
    "GLAccountRec": 1500,
    "GrossInvoicingYesNo": 0,
    "InActiveYesNo": 1,
    "InvoiceAdressNo": 199,
    "LastMovementDate": "~t2008-10-16T00:00:00Z",
    "LastSubscriptionInvoiceDate": "~t1970-01-01T00:00:00Z",
    "LastUpdate": "~t2012-12-04T09:14:52Z",
    "LastUpdatedBy": 9,
    "LastUpdatedInBizWeb": "~t1970-01-01T00:00:00Z",
    "LastupdatedFromBizWeb": "~t1970-01-01T00:00:00Z",
    "LocalGovernmentNo": 0,
    "LockedYesNo": 0,
    "MaindataUpdatedInBizWeb": 0,
    "MergeToCustomerNo": 0,
    "Name": "Utlendingsdirektoratet (Udi)",
    "NoOfEmployees": 0,
    "NoOfSubscription": 0,
    "NotBreakageYesNo": 0,
    "OurSupplNo": 0,
    "PaymentPattern": 0,
    "PostCode": "2307",
    "PostCode-ni": "~:2307",
    "PostOffice": "HAMAR",
    "PriceCode": 1,
    "PriceListNo": 0,
    "PrintProfileNo": 1,
    "ProductNo": 0,
    "ProjectNo": 0,
    "RegistrationDate": "~t2011-03-11T00:00:00Z",
    "RemainderOrderYesNo": 0,
    "RemittanceProfileNo": 0,
    "Result": 0,
    "RoundingCode": 0,
    "ShipmentTypeNo": 0,
    "SortName": "Utlendingsdirektoratet (Udi)",
    "SubscriptionProfileNo": 0,
    "SupplierNo": 0,
    "SwiftCodeNo": 0,
    "TermsOfDeliveryNo": 0,
    "TermsOfPayCustNo": 10,
    "TypeOfChain": 0,
    "UpperAmountAltPriceList": 0,
    "WWWAddress": "Omsetning juni2010-nov2011",
    "WareHouseNo": 0,
    "ZpiderImportProfileNo": 0,
    "_id": "10194"
  },
  {
    "AcceptReplacementArticleYesNo": 0,
    "AccessLevel": 0,
    "Address1": "Postboks 8100 Dep",
    "AgentNo": 0,
    "AgentYesNo": 0,
    "AgreementGiroType": 0,
    "AgreementOrderCusGrpNo": 0,
    "AltPriceListNo": 0,
    "AltPriceListYesNo": 0,
    "AnnualSales": 0,
    "AverageCreditPeriod": 0,
    "Balance": 0,
    "BuContactNo": 0,
    "BusinessNo": 0,
    "ChainLeaderYesNo": 0,
    "ChainNo": 0,
    "ChainPriceTypeHasPriorityYesNo": 0,
    "ChartererCompanyNo": 0,
    "CommissionProfileNo": 0,
    "CompanyNo": "970935657",
    "ContactNoConfirmOrder": 0,
    "ContactNoDelivery": 0,
    "ContactNoInvoice": 0,
    "ContactNoListOfContents": 0,
    "ContactNoPickingList": 0,
    "ContactNoReminder": 0,
    "ContactsUpdatedInBizWeb": 0,
    "CountryNo": 0,
    "Created": "~t2011-03-11T16:37:46Z",
    "CreatedBy": 1,
    "CreditBlockAllowOfferAndNewOrders": 0,
    "CreditControlLastActionTime": "~t1970-01-01T00:00:00Z",
    "CreditLimit": "~f99999999.99",
    "CurrencyNo": 0,
    "CustProfilesOverrideChainProfiles": 0,
    "CustomerBonusProfileNo": 0,
    "CustomerGrpNo": 0,
    "CustomerNo": 10313,
    "CustomerProfileNo": 1,
    "CustomerTypeNo": 0,
    "DateLastFinancialStatement": "~t1970-01-01T00:00:00Z",
    "DateUpdatedContactData": "~t1970-01-01T00:00:00Z",
    "DateUpdatedFinancialData": "~t2015-07-16T00:00:00Z",
    "DebtCollectionGrpNo": 1,
    "DeliveryAddressNo": 312,
    "DeliveryMethodsNo": 0,
    "DepNo": 0,
    "DiscountGrpCustNo": 0,
    "DistrictNo": 0,
    "EDITestMode": 0,
    "EbusinessType": 0,
    "EdiProfileNo": 0,
    "EdiTestYesNo": 0,
    "EinvoiceStatus": 0,
    "ElectronicInvoiceActive": 0,
    "ElectronicInvoiceByMailYesNo": 0,
    "EmployeeNo": 0,
    "ExtraCostUnitIIINo": 0,
    "ExtraCostUnitIINo": 0,
    "ExtraCostUnitINo": 0,
    "ExtraCostUnitIVNo": 0,
    "FactCustomerNo": "0",
    "FinancialDataUpdatedInBizWeb": 1,
    "FixedAddnDedNo": 0,
    "FormProfileCustNo": 1,
    "GLAccountRec": 1500,
    "GrossInvoicingYesNo": 0,
    "InActiveYesNo": 1,
    "InvoiceAdressNo": 312,
    "LastMovementDate": "~t2010-01-25T00:00:00Z",
    "LastSubscriptionInvoiceDate": "~t1970-01-01T00:00:00Z",
    "LastUpdate": "~t2015-12-18T13:07:39Z",
    "LastUpdatedBy": 5,
    "LastUpdatedInBizWeb": "~t2015-02-09T00:00:00Z",
    "LastupdatedFromBizWeb": "~t1970-01-01T00:00:00Z",
    "LocalGovernmentNo": 0,
    "LockedYesNo": 0,
    "MDM_Deleted": 0,
    "MDM_SyncVersion": 0,
    "MDM_Version": 0,
    "MaindataUpdatedInBizWeb": 1,
    "MergeToCustomerNo": 0,
    "Name": "Klima- Og Forurensningsdirekt.",
    "NoOfEmployees": 0,
    "NoOfSubscription": 0,
    "NotBreakageYesNo": 0,
    "OurSupplNo": 0,
    "PaymentPattern": 0,
    "PostCode": "0032",
    "PostCode-ni": "~:0032",
    "PostOffice": "OSLO",
    "PriceCode": 1,
    "PriceListNo": 0,
    "PrintProfileNo": 1,
    "ProductNo": 0,
    "ProjectNo": 0,
    "RegistrationDate": "~t2011-03-11T00:00:00Z",
    "RemainderOrderYesNo": 0,
    "RemittanceProfileNo": 0,
    "Result": 0,
    "RoundingCode": 0,
    "ShipmentTypeNo": 0,
    "SortName": "Klima- Og Forurensningsdirekt.",
    "SubscriptionProfileNo": 0,
    "SupplierNo": 0,
    "SwiftCodeNo": 0,
    "TermsOfDeliveryNo": 0,
    "TermsOfPayCustNo": 2,
    "TypeOfChain": 0,
    "UpperAmountAltPriceList": 0,
    "WWWAddress": "Ikke med i utvalg Omsetning juni2010-nov2011",
    "WareHouseNo": 0,
    "ZpiderImportProfileNo": 0,
    "_id": "10313"
  },
  {
    "AcceptReplacementArticleYesNo": 0,
    "AccessLevel": 0,
    "Address1": "Conrad Mohrsv. 29",
    "Address2": "P.O. Box 6101 Postterminalen",
    "AgentNo": 0,
    "AgentYesNo": 0,
    "AgreementGiroType": 0,
    "AgreementOrderCusGrpNo": 0,
    "AltPriceListNo": 0,
    "AltPriceListYesNo": 0,
    "AnnualSales": 0,
    "AverageCreditPeriod": 0,
    "Balance": "~f23590.48",
    "BuContactNo": 0,
    "BusinessNo": 0,
    "ChainLeaderYesNo": 0,
    "ChainNo": 0,
    "ChainPriceTypeHasPriorityYesNo": 0,
    "ChartererCompanyNo": 0,
    "CommissionProfileNo": 0,
    "CompanyNo": "930 192 503",
    "ContactNoConfirmOrder": 0,
    "ContactNoDelivery": 0,
    "ContactNoInvoice": 0,
    "ContactNoListOfContents": 0,
    "ContactNoPickingList": 0,
    "ContactNoReminder": 0,
    "ContactsUpdatedInBizWeb": 0,
    "CountryNo": 0,
    "Created": "~t2011-03-11T16:38:03Z",
    "CreatedBy": 1,
    "CreditBlockAllowOfferAndNewOrders": 0,
    "CreditControlLastActionTime": "~t1970-01-01T00:00:00Z",
    "CreditLimit": "~f99999999.99",
    "CurrencyNo": 0,
    "CustProfilesOverrideChainProfiles": 0,
    "CustomerBonusProfileNo": 0,
    "CustomerGrpNo": 0,
    "CustomerNo": 10490,
    "CustomerProfileNo": 1,
    "CustomerTypeNo": 2,
    "DateLastFinancialStatement": "~t1970-01-01T00:00:00Z",
    "DateUpdatedContactData": "~t1970-01-01T00:00:00Z",
    "DateUpdatedFinancialData": "~t2015-07-15T00:00:00Z",
    "DebtCollectionGrpNo": 1,
    "DeliveryAddressNo": 509,
    "DeliveryMethodsNo": 0,
    "DepNo": 0,
    "DiscountGrpCustNo": 0,
    "DistrictNo": 0,
    "EANLocationNo": "930 192 503",
    "EDITestMode": 0,
    "EbusinessType": 0,
    "EdiProfileNo": 2,
    "EdiTestYesNo": 0,
    "EinvoiceStatus": 0,
    "ElectronicInvoiceActive": 0,
    "ElectronicInvoiceByMailYesNo": 0,
    "EmployeeNo": 0,
    "ExtraCostUnitIIINo": 0,
    "ExtraCostUnitIINo": 0,
    "ExtraCostUnitINo": 0,
    "ExtraCostUnitIVNo": 0,
    "FactCustomerNo": "0",
    "FinancialDataUpdatedInBizWeb": 1,
    "FixedAddnDedNo": 0,
    "FormProfileCustNo": 4,
    "GLAccountRec": 1500,
    "GrossInvoicingYesNo": 0,
    "InActiveYesNo": 0,
    "InvoiceAdressNo": 509,
    "LastMovementDate": "~t2010-04-20T00:00:00Z",
    "LastSubscriptionInvoiceDate": "~t1970-01-01T00:00:00Z",
    "LastUpdate": "~t2016-12-08T11:02:30Z",
    "LastUpdatedBy": 3,
    "LastUpdatedInBizWeb": "~t2013-11-11T00:00:00Z",
    "LastupdatedFromBizWeb": "~t1970-01-01T00:00:00Z",
    "LocalGovernmentNo": 0,
    "LockedYesNo": 0,
    "MDM_Deleted": 0,
    "MDM_SyncVersion": 0,
    "MDM_Version": 0,
    "MaindataUpdatedInBizWeb": 1,
    "MergeToCustomerNo": 0,
    "Name": "Odfjell  SE",
    "NoOfEmployees": 0,
    "NoOfSubscription": 0,
    "NotBreakageYesNo": 0,
    "OurSupplNo": 0,
    "PaymentPattern": 0,
    "PostCode": "5892",
    "PostCode-ni": "~:5892",
    "PostOffice": "BERGEN",
    "PriceCode": 1,
    "PriceListNo": 0,
    "PrintProfileNo": 3,
    "ProductNo": 0,
    "ProjectNo": 0,
    "RegistrationDate": "~t2011-03-11T00:00:00Z",
    "RemainderOrderYesNo": 0,
    "RemittanceProfileNo": 0,
    "Result": 0,
    "RoundingCode": 0,
    "ShipmentTypeNo": 0,
    "SortName": "Odfjell  SE",
    "SubscriptionProfileNo": 0,
    "SupplierNo": 0,
    "SwiftCodeNo": 0,
    "TermsOfDeliveryNo": 0,
    "TermsOfPayCustNo": 2,
    "TypeOfChain": 0,
    "UpperAmountAltPriceList": 0,
    "WWWAddress": "Omsetning juni2010-nov2011",
    "WareHouseNo": 0,
    "ZpiderImportProfileNo": 0,
    "_id": "10490"
  },
  {
    "AcceptReplacementArticleYesNo": 0,
    "AccessLevel": 0,
    "Address1": "Kirkegårdsveien 45",
    "AgentNo": 0,
    "AgentYesNo": 0,
    "AgreementGiroType": 0,
    "AgreementOrderCusGrpNo": 0,
    "AltPriceListNo": 0,
    "AltPriceListYesNo": 0,
    "AnnualSales": 0,
    "AverageCreditPeriod": 0,
    "Balance": 0,
    "BuContactNo": 0,
    "BusinessNo": 0,
    "ChainLeaderYesNo": 0,
    "ChainNo": 0,
    "ChainPriceTypeHasPriorityYesNo": 0,
    "ChartererCompanyNo": 0,
    "CommissionProfileNo": 0,
    "CompanyNo": "873077832",
    "ContactNoConfirmOrder": 0,
    "ContactNoDelivery": 0,
    "ContactNoInvoice": 0,
    "ContactNoListOfContents": 0,
    "ContactNoPickingList": 0,
    "ContactNoReminder": 0,
    "ContactsUpdatedInBizWeb": 0,
    "CountryNo": 0,
    "Created": "~t2011-03-11T16:38:22Z",
    "CreatedBy": 1,
    "CreditBlockAllowOfferAndNewOrders": 0,
    "CreditControlLastActionTime": "~t1970-01-01T00:00:00Z",
    "CreditLimit": "~f99999999.99",
    "CurrencyNo": 0,
    "CustProfilesOverrideChainProfiles": 0,
    "CustomerBonusProfileNo": 0,
    "CustomerGrpNo": 0,
    "CustomerNo": 10725,
    "CustomerProfileNo": 1,
    "CustomerTypeNo": 0,
    "DateLastFinancialStatement": "~t1970-01-01T00:00:00Z",
    "DateUpdatedContactData": "~t1970-01-01T00:00:00Z",
    "DateUpdatedFinancialData": "~t1970-01-01T00:00:00Z",
    "DebtCollectionGrpNo": 1,
    "DeliveryAddressNo": 743,
    "DeliveryMethodsNo": 0,
    "DepNo": 0,
    "DiscountGrpCustNo": 0,
    "DistrictNo": 0,
    "EDITestMode": 0,
    "EbusinessType": 0,
    "EdiProfileNo": 0,
    "EdiTestYesNo": 0,
    "EinvoiceStatus": 0,
    "ElectronicInvoiceActive": 0,
    "ElectronicInvoiceByMailYesNo": 0,
    "EmployeeNo": 0,
    "ExtraCostUnitIIINo": 0,
    "ExtraCostUnitIINo": 0,
    "ExtraCostUnitINo": 0,
    "ExtraCostUnitIVNo": 0,
    "FactCustomerNo": "0",
    "FinancialDataUpdatedInBizWeb": 0,
    "FixedAddnDedNo": 0,
    "FormProfileCustNo": 1,
    "GLAccountRec": 1500,
    "GrossInvoicingYesNo": 0,
    "InActiveYesNo": 0,
    "InvoiceAdressNo": 743,
    "LastMovementDate": "~t2005-09-09T00:00:00Z",
    "LastSubscriptionInvoiceDate": "~t1970-01-01T00:00:00Z",
    "LastUpdate": "~t2016-02-05T15:22:00Z",
    "LastUpdatedBy": 11,
    "LastUpdatedInBizWeb": "~t2016-01-27T00:00:00Z",
    "LastupdatedFromBizWeb": "~t2016-02-05T15:21:57Z",
    "LocalGovernmentNo": 0,
    "LockedYesNo": 0,
    "MDM_Deleted": 0,
    "MDM_SyncVersion": 0,
    "MDM_Version": 0,
    "MaindataUpdatedInBizWeb": 0,
    "MergeToCustomerNo": 0,
    "Name": "Kongsberg Defence Og Aerospace",
    "NoOfEmployees": 1742,
    "NoOfSubscription": 0,
    "NotBreakageYesNo": 0,
    "OurSupplNo": 0,
    "PaymentPattern": 0,
    "PostCode": "3601",
    "PostCode-ni": "~:3601",
    "PostOffice": "KONGSBERG",
    "PriceCode": 1,
    "PriceListNo": 0,
    "PrintProfileNo": 1,
    "ProductNo": 0,
    "ProjectNo": 0,
    "RegistrationDate": "~t2011-03-11T00:00:00Z",
    "RemainderOrderYesNo": 0,
    "RemittanceProfileNo": 0,
    "Result": 0,
    "RoundingCode": 0,
    "ShipmentTypeNo": 0,
    "SortName": "Kongsberg Defence Og Aerospace",
    "SubscriptionProfileNo": 0,
    "SupplierNo": 0,
    "SwiftCodeNo": 0,
    "TermsOfDeliveryNo": 0,
    "TermsOfPayCustNo": 1,
    "TypeOfChain": 0,
    "UpperAmountAltPriceList": 0,
    "WWWAddress": "Omsetning juni2010-nov2011",
    "WareHouseNo": 0,
    "ZpiderImportProfileNo": 0,
    "_id": "10725"
  },
  {
    "AcceptReplacementArticleYesNo": 0,
    "AccessLevel": 0,
    "Address2": "Torvt.2",
    "AgentNo": 0,
    "AgentYesNo": 0,
    "AgreementGiroType": 0,
    "AgreementOrderCusGrpNo": 0,
    "AltPriceListNo": 0,
    "AltPriceListYesNo": 0,
    "AnnualSales": 0,
    "AverageCreditPeriod": 0,
    "Balance": 0,
    "BuContactNo": 0,
    "BusinessNo": 0,
    "ChainLeaderYesNo": 0,
    "ChainNo": 0,
    "ChainPriceTypeHasPriorityYesNo": 0,
    "ChartererCompanyNo": 0,
    "CommissionProfileNo": 0,
    "CompanyNo": "990 164 096",
    "ContactNoConfirmOrder": 0,
    "ContactNoDelivery": 0,
    "ContactNoInvoice": 0,
    "ContactNoListOfContents": 0,
    "ContactNoPickingList": 0,
    "ContactNoReminder": 0,
    "ContactsUpdatedInBizWeb": 0,
    "CountryNo": 0,
    "Created": "~t2011-03-11T16:38:23Z",
    "CreatedBy": 1,
    "CreditBlockAllowOfferAndNewOrders": 0,
    "CreditControlLastActionTime": "~t1970-01-01T00:00:00Z",
    "CreditLimit": "~f99999999.99",
    "CurrencyNo": 0,
    "CustProfilesOverrideChainProfiles": 0,
    "CustomerBonusProfileNo": 0,
    "CustomerGrpNo": 0,
    "CustomerNo": 10733,
    "CustomerProfileNo": 1,
    "CustomerTypeNo": 0,
    "DateLastFinancialStatement": "~t1970-01-01T00:00:00Z",
    "DateUpdatedContactData": "~t1970-01-01T00:00:00Z",
    "DateUpdatedFinancialData": "~t2014-06-20T00:00:00Z",
    "DebtCollectionGrpNo": 1,
    "DeliveryAddressNo": 751,
    "DeliveryMethodsNo": 0,
    "DepNo": 0,
    "DiscountGrpCustNo": 0,
    "DistrictNo": 0,
    "EDITestMode": 0,
    "EbusinessType": 0,
    "EdiProfileNo": 0,
    "EdiTestYesNo": 0,
    "EinvoiceStatus": 0,
    "ElectronicInvoiceActive": 0,
    "ElectronicInvoiceByMailYesNo": 0,
    "EmailAddress": "regnskap@ventelo.no",
    "EmployeeNo": 0,
    "ExtraCostUnitIIINo": 0,
    "ExtraCostUnitIINo": 0,
    "ExtraCostUnitINo": 0,
    "ExtraCostUnitIVNo": 0,
    "FactCustomerNo": "0",
    "FinancialDataUpdatedInBizWeb": 1,
    "FixedAddnDedNo": 0,
    "FormProfileCustNo": 1,
    "GLAccountRec": 1500,
    "GrossInvoicingYesNo": 0,
    "InActiveYesNo": 1,
    "InvoiceAdressNo": 751,
    "LastMovementDate": "~t2008-06-13T00:00:00Z",
    "LastSubscriptionInvoiceDate": "~t1970-01-01T00:00:00Z",
    "LastUpdate": "~t2015-12-18T13:07:42Z",
    "LastUpdatedBy": 5,
    "LastUpdatedInBizWeb": "~t2015-01-19T00:00:00Z",
    "LastupdatedFromBizWeb": "~t1970-01-01T00:00:00Z",
    "LocalGovernmentNo": 0,
    "LockedYesNo": 0,
    "MDM_Deleted": 0,
    "MDM_SyncVersion": 0,
    "MDM_Version": 0,
    "MaindataUpdatedInBizWeb": 1,
    "MergeToCustomerNo": 0,
    "Name": "Ventelo AS",
    "NoOfEmployees": 0,
    "NoOfSubscription": 0,
    "NotBreakageYesNo": 0,
    "OurSupplNo": 0,
    "PaymentPattern": 0,
    "PostCode": "8037",
    "PostCode-ni": "~:8037",
    "PostOffice": "BODØ",
    "PriceCode": 1,
    "PriceListNo": 0,
    "PrintProfileNo": 1,
    "ProductNo": 0,
    "ProjectNo": 0,
    "RegistrationDate": "~t2011-03-11T00:00:00Z",
    "RemainderOrderYesNo": 0,
    "RemittanceProfileNo": 0,
    "Result": 0,
    "RoundingCode": 0,
    "ShipmentTypeNo": 0,
    "SortName": "Ventelo AS",
    "SubscriptionProfileNo": 0,
    "SupplierNo": 0,
    "SwiftCodeNo": 0,
    "TermsOfDeliveryNo": 0,
    "TermsOfPayCustNo": 1,
    "TypeOfChain": 0,
    "UpperAmountAltPriceList": 0,
    "WWWAddress": "Omsetning juni2010-nov2011",
    "WareHouseNo": 0,
    "ZpiderImportProfileNo": 0,
    "_id": "10733"
  }
]
