[
  {
    "_id": "1529",
    "line1": "The missing fields that need to be filled in are",
    "line2": "Gender\nCountry\n"
  },
  {
    "_id": "2014",
    "line1": "The missing fields that need to be filled in are",
    "line2": "Title\nCountry\nWorking hours\nPhone number\n",
    "line3": "A correct phone number looks like the following: +4798765432, i.e. +\u003ccountry code\u003e\u003cnumber\u003e. Make sure there are no white spaces. If you have no phone number you wish to register, please register on the number +4711111111. Do not use your own number, or that of a colleague. \n\n"
  }
]
