[
  {
    "AnsattIDFolk": 1,
    "Ansattnavn": "Max Manus",
    "AvdelingsIDGammelt": null,
    "AvdelingsIDVisma": 801,
    "AvdelingsnavnGammelt": null,
    "AvdelingsnavnNytt": "test avdeling",
    "Mnd": 11,
    "RegionId": null,
    "_id": "0001;11.2018",
    "startdate": "~t2018-11-04T00:00:00Z",
    "År": 2018
  },
  {
    "AnsattIDFolk": 2,
    "Ansattnavn": "Ola Norrman",
    "AvdelingsIDGammelt": null,
    "AvdelingsIDVisma": null,
    "AvdelingsnavnGammelt": null,
    "AvdelingsnavnNytt": "Alle Sesam",
    "Mnd": 11,
    "RegionId": null,
    "_id": "0002;11.2018",
    "startdate": "~t2018-11-04T00:00:00Z",
    "År": 2018
  },
  {
    "AnsattIDFolk": 3,
    "Ansattnavn": "Sven Svensson",
    "AvdelingsIDGammelt": null,
    "AvdelingsIDVisma": null,
    "AvdelingsnavnGammelt": null,
    "AvdelingsnavnNytt": "Alle Sesam",
    "Mnd": 11,
    "RegionId": null,
    "_id": "0003;11.2018",
    "startdate": "~t2018-11-04T00:00:00Z",
    "År": 2018
  },
  {
    "AnsattIDFolk": 4,
    "Ansattnavn": "Test Tester",
    "AvdelingsIDGammelt": null,
    "AvdelingsIDVisma": null,
    "AvdelingsnavnGammelt": null,
    "AvdelingsnavnNytt": "Rundemannen",
    "Mnd": 11,
    "RegionId": null,
    "_id": "0004;11.2018",
    "startdate": "~t2018-11-04T00:00:00Z",
    "År": 2018
  },
  {
    "AnsattIDFolk": 6,
    "Ansattnavn": "Testina Testsen",
    "AvdelingsIDGammelt": null,
    "AvdelingsIDVisma": null,
    "AvdelingsnavnGammelt": null,
    "AvdelingsnavnNytt": "TI\u0026IIT",
    "Mnd": 11,
    "RegionId": null,
    "_id": "0006;11.2018",
    "startdate": "~t2018-11-04T00:00:00Z",
    "År": 2018
  },
  {
    "AnsattIDFolk": 7,
    "Ansattnavn": "Karl Michael Bergman",
    "AvdelingsIDGammelt": null,
    "AvdelingsIDVisma": null,
    "AvdelingsnavnGammelt": null,
    "AvdelingsnavnNytt": "Øst Prosjektledelse 2",
    "Mnd": 11,
    "RegionId": null,
    "_id": "0007;11.2018",
    "startdate": "~t2018-11-04T00:00:00Z",
    "År": 2018
  },
  {
    "AnsattIDFolk": 8,
    "Ansattnavn": "Gal Gadot",
    "AvdelingsIDGammelt": null,
    "AvdelingsIDVisma": null,
    "AvdelingsnavnGammelt": null,
    "AvdelingsnavnNytt": "Olavstoppen",
    "Mnd": 11,
    "RegionId": null,
    "_id": "0008;11.2018",
    "startdate": "~t2018-11-04T00:00:00Z",
    "År": 2018
  },
  {
    "AnsattIDFolk": 9,
    "Ansattnavn": "Bruce Wayne",
    "AvdelingsIDGammelt": null,
    "AvdelingsIDVisma": null,
    "AvdelingsnavnGammelt": null,
    "AvdelingsnavnNytt": "Stavanger Morgenstiern",
    "Mnd": 11,
    "RegionId": null,
    "_id": "0009;11.2018",
    "startdate": "~t2018-11-04T00:00:00Z",
    "År": 2018
  },
  {
    "AnsattIDFolk": 10,
    "Ansattnavn": "Lynvingen ",
    "AvdelingsIDGammelt": null,
    "AvdelingsIDVisma": null,
    "AvdelingsnavnGammelt": null,
    "AvdelingsnavnNytt": "Stavanger Morgenstiern",
    "Mnd": 11,
    "RegionId": null,
    "_id": "0010;11.2018",
    "startdate": "~t2018-11-04T00:00:00Z",
    "År": 2018
  },
  {
    "AnsattIDFolk": 11,
    "Ansattnavn": "Virat Kohli",
    "AvdelingsIDGammelt": null,
    "AvdelingsIDVisma": null,
    "AvdelingsnavnGammelt": null,
    "AvdelingsnavnNytt": "Stavanger mIMe",
    "Mnd": 11,
    "RegionId": null,
    "_id": "0011;11.2018",
    "startdate": "~t2018-11-04T00:00:00Z",
    "År": 2018
  },
  {
    "AnsattIDFolk": 1316,
    "Ansattnavn": "User Userson",
    "AvdelingsIDGammelt": null,
    "AvdelingsIDVisma": null,
    "AvdelingsnavnGammelt": null,
    "AvdelingsnavnNytt": "Øst Ria 2",
    "Mnd": 11,
    "RegionId": null,
    "_id": "1316;11.2018",
    "startdate": "~t2018-11-04T00:00:00Z",
    "År": 2018
  },
  {
    "AnsattIDFolk": 132,
    "Ansattnavn": "Gjett Mail",
    "AvdelingsIDGammelt": null,
    "AvdelingsIDVisma": null,
    "AvdelingsnavnGammelt": null,
    "AvdelingsnavnNytt": "Ulriken",
    "Mnd": 11,
    "RegionId": 5,
    "_id": "132;11.2018",
    "startdate": "~t2018-11-04T00:00:00Z",
    "År": 2018
  },
  {
    "AnsattIDFolk": 1528,
    "Ansattnavn": "Jeg Etternavn",
    "AvdelingsIDGammelt": null,
    "AvdelingsIDVisma": 801,
    "AvdelingsnavnGammelt": null,
    "AvdelingsnavnNytt": "Trondheim Tech 1",
    "Mnd": 11,
    "RegionId": 6,
    "_id": "1528;11.2018",
    "startdate": "~t2018-11-04T00:00:00Z",
    "År": 2018
  },
  {
    "AnsattIDFolk": 1847,
    "Ansattnavn": "Ehm Noe",
    "AvdelingsIDGammelt": null,
    "AvdelingsIDVisma": null,
    "AvdelingsnavnGammelt": null,
    "AvdelingsnavnNytt": "SAP Tech og forvaltning",
    "Mnd": 11,
    "RegionId": 2,
    "_id": "1847;11.2018",
    "startdate": "~t2018-11-04T00:00:00Z",
    "År": 2018
  },
  {
    "AnsattIDFolk": 1872,
    "Ansattnavn": "Hermione Granger",
    "AvdelingsIDGammelt": null,
    "AvdelingsIDVisma": null,
    "AvdelingsnavnGammelt": null,
    "AvdelingsnavnNytt": "Ulriken",
    "Mnd": 11,
    "RegionId": 5,
    "_id": "1872;11.2018",
    "startdate": "~t2018-11-04T00:00:00Z",
    "År": 2018
  },
  {
    "AnsattIDFolk": 1938,
    "Ansattnavn": "Lite Ambisjon",
    "AvdelingsIDGammelt": null,
    "AvdelingsIDVisma": null,
    "AvdelingsnavnGammelt": null,
    "AvdelingsnavnNytt": "Øst Webapps 2",
    "Mnd": 11,
    "RegionId": 2,
    "_id": "1938;11.2018",
    "startdate": "~t2018-11-04T00:00:00Z",
    "År": 2018
  },
  {
    "AnsattIDFolk": 2015,
    "Ansattnavn": "Meg Finnepå",
    "AvdelingsIDGammelt": null,
    "AvdelingsIDVisma": 801,
    "AvdelingsnavnGammelt": null,
    "AvdelingsnavnNytt": "Trondheim Tech 1",
    "Mnd": 11,
    "RegionId": 6,
    "_id": "2015;11.2018",
    "startdate": "~t2018-11-04T00:00:00Z",
    "År": 2018
  },
  {
    "AnsattIDFolk": 2276,
    "Ansattnavn": "Test Testsson",
    "AvdelingsIDGammelt": null,
    "AvdelingsIDVisma": null,
    "AvdelingsnavnGammelt": null,
    "AvdelingsnavnNytt": "Øst Microsoft 2",
    "Mnd": 11,
    "RegionId": 2,
    "_id": "2276;11.2018",
    "startdate": "~t2018-11-04T00:00:00Z",
    "År": 2018
  },
  {
    "AnsattIDFolk": 2288,
    "Ansattnavn": "Min Nabo",
    "AvdelingsIDGammelt": null,
    "AvdelingsIDVisma": null,
    "AvdelingsnavnGammelt": null,
    "AvdelingsnavnNytt": "Trondheim Rådgivning\u0026Prosjektledelse",
    "Mnd": 11,
    "RegionId": 6,
    "_id": "2288;11.2018",
    "startdate": "~t2018-11-04T00:00:00Z",
    "År": 2018
  },
  {
    "AnsattIDFolk": 391,
    "Ansattnavn": "bruker brukersen",
    "AvdelingsIDGammelt": null,
    "AvdelingsIDVisma": null,
    "AvdelingsnavnGammelt": null,
    "AvdelingsnavnNytt": "Øst Design 1",
    "Mnd": 11,
    "RegionId": null,
    "_id": "391;11.2018",
    "startdate": "~t2018-11-04T00:00:00Z",
    "År": 2018
  }
]
