[
  {
    "Ansatt-ID": 1,
    "Ansettelsesdato": "~t2020-04-01T00:00:00Z",
    "Ansettelsestype": "Fast ansatt",
    "Arbeidssted": "Test location",
    "Brukernavn": "max.manus@bouvet.no",
    "E-post": "max.manus@bouvet.no",
    "Faktisk_siste_arbeidsdag": "~t2020-12-31T00:00:00Z",
    "Jobbrolle": "Konsulent",
    "Kommentar": "",
    "Leder": "test leder",
    "Mnd": 1,
    "Mobiltelefon": "test telefon",
    "Navn": "Max Manus",
    "Organisasjon": "test avdeling",
    "Region": "Øst",
    "Sjekket": false,
    "Sluttdato": "~t2020-12-31T00:00:00Z",
    "_id": "0001",
    "År": 2021
  },
  {
    "Ansatt-ID": 4,
    "Ansettelsesdato": "~t2017-08-01T00:00:00Z",
    "Ansettelsestype": "Fast ansatt",
    "Arbeidssted": "Test location",
    "Brukernavn": "test.tester@bouvet.no",
    "E-post": "test.tester@bouvet.no",
    "Faktisk_siste_arbeidsdag": "~t2020-12-31T00:00:00Z",
    "Jobbrolle": "Konsulent",
    "Kommentar": "",
    "Leder": "test leder",
    "Mnd": 1,
    "Mobiltelefon": "55555555",
    "Navn": "Test Tester",
    "Organisasjon": "Rundemannen",
    "Region": "Øst",
    "Sjekket": false,
    "Sluttdato": "~t2020-12-31T00:00:00Z",
    "_id": "0004",
    "År": 2021
  },
  {
    "Ansatt-ID": 7,
    "Ansettelsesdato": "~t2020-03-20T00:00:00Z",
    "Ansettelsestype": "Fast ansatt",
    "Arbeidssted": "Test location",
    "Brukernavn": "cba@bouvet.no",
    "E-post": "cba@bouvet.no",
    "Faktisk_siste_arbeidsdag": "~t2020-12-31T00:00:00Z",
    "Jobbrolle": "Konsulent",
    "Kommentar": "",
    "Leder": "test leder",
    "Mnd": 1,
    "Mobiltelefon": "99999999",
    "Navn": "Karl Michael Bergman",
    "Organisasjon": "Øst Prosjektledelse 2",
    "Region": "Øst",
    "Sjekket": false,
    "Sluttdato": "~t2020-12-31T00:00:00Z",
    "_id": "0007",
    "År": 2021
  },
  {
    "Ansatt-ID": 9,
    "Ansettelsesdato": "~t2017-08-01T00:00:00Z",
    "Ansettelsestype": "Fast ansatt",
    "Arbeidssted": "Test location",
    "Brukernavn": "fgh@bouvet.no",
    "E-post": "fgh@bouvet.no",
    "Faktisk_siste_arbeidsdag": "~t2020-12-31T00:00:00Z",
    "Jobbrolle": "Konsulent",
    "Kommentar": "",
    "Leder": "test leder",
    "Mnd": 1,
    "Mobiltelefon": "+4512342345",
    "Navn": "Bruce Wayne",
    "Organisasjon": "Stavanger Morgenstiern",
    "Region": "Sverige",
    "Sjekket": false,
    "Sluttdato": "~t2020-12-31T00:00:00Z",
    "_id": "0009",
    "År": 2021
  },
  {
    "Ansatt-ID": 10,
    "Ansettelsesdato": "~t2017-08-01T00:00:00Z",
    "Ansettelsestype": "Fast ansatt",
    "Arbeidssted": "Test location",
    "Brukernavn": "klm@bouvet.no",
    "E-post": "klm@bouvet.no",
    "Faktisk_siste_arbeidsdag": "~t2020-12-31T00:00:00Z",
    "Jobbrolle": "Konsulent",
    "Kommentar": "",
    "Leder": "test leder",
    "Mnd": 1,
    "Mobiltelefon": "+4623452345",
    "Navn": "Lynvingen",
    "Organisasjon": "Stavanger Morgenstiern",
    "Region": "Øst",
    "Sjekket": false,
    "Sluttdato": "~t2020-12-31T00:00:00Z",
    "_id": "0010",
    "År": 2021
  },
  {
    "Ansatt-ID": 1316,
    "Ansettelsesdato": "~t2017-08-01T00:00:00Z",
    "Ansettelsestype": "Fast ansatt",
    "Arbeidssted": "Test location",
    "Brukernavn": "user.userson@bouvet.no",
    "E-post": "user.userson@bouvet.no",
    "Faktisk_siste_arbeidsdag": "~t2020-02-17T00:00:00Z",
    "Jobbrolle": "Konsulent",
    "Kommentar": "",
    "Leder": "test leder",
    "Mnd": 1,
    "Mobiltelefon": "+4689898989",
    "Navn": "User Userson",
    "Organisasjon": "Øst Ria 2",
    "Region": "Øst",
    "Sjekket": false,
    "Sluttdato": "~t2020-12-31T00:00:00Z",
    "_id": "1316",
    "År": 2021
  },
  {
    "Ansatt-ID": 1872,
    "Ansettelsesdato": "~t2017-02-01T00:00:00Z",
    "Ansettelsestype": "Fast ansatt",
    "Arbeidssted": "Bergen",
    "Brukernavn": "hermione.granger@bouvet.no",
    "E-post": "sigve.furholt@bouvet.no",
    "Faktisk_siste_arbeidsdag": "~t2019-11-29T00:00:00Z",
    "Jobbrolle": "Konsulent",
    "Kommentar": "",
    "Leder": "Øyvind Litlere",
    "Mnd": 12,
    "Mobiltelefon": "+6546546546",
    "Navn": "Hermione Granger",
    "Organisasjon": "Ulriken",
    "Region": "Bergen",
    "Sjekket": false,
    "Sluttdato": "~t2019-11-30T00:00:00Z",
    "_id": "1872",
    "År": 2019
  },
  {
    "Ansatt-ID": 391,
    "Ansettelsesdato": "~t2017-08-01T00:00:00Z",
    "Ansettelsestype": "Fast ansatt",
    "Arbeidssted": "Test location",
    "Brukernavn": "bruker.brukersen@bouvet.no",
    "E-post": "bruker.brukersen@bouvet.no",
    "Faktisk_siste_arbeidsdag": "~t2020-12-31T00:00:00Z",
    "Jobbrolle": "Konsulent",
    "Kommentar": "",
    "Leder": "test leder",
    "Mnd": 1,
    "Mobiltelefon": "+4712345644",
    "Navn": "bruker brukersen",
    "Organisasjon": "Øst Design 1",
    "Region": "Øst",
    "Sjekket": false,
    "Sluttdato": "~t2020-12-31T00:00:00Z",
    "_id": "391",
    "År": 2021
  }
]
