[
  {
    "_id": "0001",
    "events": [
      {
        "description": "Dette er en introduksjon til bruk av den nye, flotte symaskinen vi har fått på Labben:\n- Grunnleggende funksjoner og utstyr\n- Tredning av maskin, spole og bytte tråd, bytte nål.\n- Sikker bruk\n- Orden i sysakene\nBeste måten å lære er gjennom praktisk bruk, så vi skal også sy en liten gjenstand :)\nPasser for alle.\nDet blir pizza :-)\n",
        "name": "Intro symaskin#2: sy en liten gjenstand",
        "startdate": "28.01.2020",
        "url": "https://event.bouvet.no/events/view/067113c5-33e7-4e00-b71e-0e9b5ea79ff3"
      },
      {
        "description": "Velkommen til labbaften! Her kan du:\nvære sosial på labben\nlære deg noe nytt\nta med et prosjekt hjemmefra\nhjelpe noen med deres prosjekt\nsitte i sofaen\nreparere noe du har som er ødelagt\nfly droner\nSpille HTC Vive\nVi har masse utstyr! Sensorer, mikrokontrollere, symaskin, 3d-printere, loddeutstyr etc. Mangler vi noe? Kom innom så kan vi bestille!\nVi bestiller noe mat og drikke.\n",
        "name": "Labbaften",
        "startdate": "06.02.2020",
        "url": "https://event.bouvet.no/events/view/058b27e9-bf1d-4648-8319-7aa720b4a55a"
      }
    ],
    "useruid": "0001"
  },
  {
    "_id": "0003",
    "events": [
      {
        "description": "Velkommen til labbaften! Her kan du:\nvære sosial på labben\nlære deg noe nytt\nta med et prosjekt hjemmefra\nhjelpe noen med deres prosjekt\nsitte i sofaen\nreparere noe du har som er ødelagt\nfly droner\nSpille HTC Vive\nVi har masse utstyr! Sensorer, mikrokontrollere, symaskin, 3d-printere, loddeutstyr etc. Mangler vi noe? Kom innom så kan vi bestille!\nVi bestiller noe mat og drikke.\n",
        "name": "Labbaften",
        "startdate": "06.02.2020",
        "url": "https://event.bouvet.no/events/view/058b27e9-bf1d-4648-8319-7aa720b4a55a"
      }
    ],
    "useruid": "0003"
  },
  {
    "_id": "0004",
    "events": [
      {
        "description": "Dette er en introduksjon til bruk av den nye, flotte symaskinen vi har fått på Labben:\n- Grunnleggende funksjoner og utstyr\n- Tredning av maskin, spole og bytte tråd, bytte nål.\n- Sikker bruk\n- Orden i sysakene\nBeste måten å lære er gjennom praktisk bruk, så vi skal også sy en liten gjenstand :)\nPasser for alle.\nDet blir pizza :-)\n",
        "name": "Intro symaskin#2: sy en liten gjenstand",
        "startdate": "28.01.2020",
        "url": "https://event.bouvet.no/events/view/067113c5-33e7-4e00-b71e-0e9b5ea79ff3"
      },
      {
        "description": "Velkommen til labbaften! Her kan du:\nvære sosial på labben\nlære deg noe nytt\nta med et prosjekt hjemmefra\nhjelpe noen med deres prosjekt\nsitte i sofaen\nreparere noe du har som er ødelagt\nfly droner\nSpille HTC Vive\nVi har masse utstyr! Sensorer, mikrokontrollere, symaskin, 3d-printere, loddeutstyr etc. Mangler vi noe? Kom innom så kan vi bestille!\nVi bestiller noe mat og drikke.\n",
        "name": "Labbaften",
        "startdate": "06.02.2020",
        "url": "https://event.bouvet.no/events/view/058b27e9-bf1d-4648-8319-7aa720b4a55a"
      }
    ],
    "useruid": "0004"
  },
  {
    "_id": "0006",
    "events": [
      {
        "description": "Velkommen til labbaften! Her kan du:\nvære sosial på labben\nlære deg noe nytt\nta med et prosjekt hjemmefra\nhjelpe noen med deres prosjekt\nsitte i sofaen\nreparere noe du har som er ødelagt\nfly droner\nSpille HTC Vive\nVi har masse utstyr! Sensorer, mikrokontrollere, symaskin, 3d-printere, loddeutstyr etc. Mangler vi noe? Kom innom så kan vi bestille!\nVi bestiller noe mat og drikke.\n",
        "name": "Labbaften",
        "startdate": "06.02.2020",
        "url": "https://event.bouvet.no/events/view/058b27e9-bf1d-4648-8319-7aa720b4a55a"
      }
    ],
    "useruid": "0006"
  },
  {
    "_id": "0008",
    "events": [
      {
        "description": "Dette er en introduksjon til bruk av den nye, flotte symaskinen vi har fått på Labben:\n- Grunnleggende funksjoner og utstyr\n- Tredning av maskin, spole og bytte tråd, bytte nål.\n- Sikker bruk\n- Orden i sysakene\nBeste måten å lære er gjennom praktisk bruk, så vi skal også sy en liten gjenstand :)\nPasser for alle.\nDet blir pizza :-)\n",
        "name": "Intro symaskin#2: sy en liten gjenstand",
        "startdate": "28.01.2020",
        "url": "https://event.bouvet.no/events/view/067113c5-33e7-4e00-b71e-0e9b5ea79ff3"
      },
      {
        "description": "Velkommen til labbaften! Her kan du:\nvære sosial på labben\nlære deg noe nytt\nta med et prosjekt hjemmefra\nhjelpe noen med deres prosjekt\nsitte i sofaen\nreparere noe du har som er ødelagt\nfly droner\nSpille HTC Vive\nVi har masse utstyr! Sensorer, mikrokontrollere, symaskin, 3d-printere, loddeutstyr etc. Mangler vi noe? Kom innom så kan vi bestille!\nVi bestiller noe mat og drikke.\n",
        "name": "Labbaften",
        "startdate": "06.02.2020",
        "url": "https://event.bouvet.no/events/view/058b27e9-bf1d-4648-8319-7aa720b4a55a"
      }
    ],
    "useruid": "0008"
  },
  {
    "_id": "0011",
    "events": [
      {
        "description": "Dette er en introduksjon til bruk av den nye, flotte symaskinen vi har fått på Labben:\n- Grunnleggende funksjoner og utstyr\n- Tredning av maskin, spole og bytte tråd, bytte nål.\n- Sikker bruk\n- Orden i sysakene\nBeste måten å lære er gjennom praktisk bruk, så vi skal også sy en liten gjenstand :)\nPasser for alle.\nDet blir pizza :-)\n",
        "name": "Intro symaskin#2: sy en liten gjenstand",
        "startdate": "28.01.2020",
        "url": "https://event.bouvet.no/events/view/067113c5-33e7-4e00-b71e-0e9b5ea79ff3"
      }
    ],
    "useruid": "0011"
  }
]
