[
  {
    "AccountingYear": 2020,
    "Amount": 171270,
    "AssetNo": 0,
    "AssetTransType": 0,
    "AttestStatus": 0,
    "BankReconciliationStatus": 0,
    "BatchNo": 77268,
    "ChangeDone": 0,
    "ContraEntryChainBalance": 171270,
    "ContraEntryChainNo": 6486110,
    "ContraEntryChainStatus": 0,
    "CorrectedFromUniqueNo": 0,
    "CountryType": 0,
    "Created": "~t2020-06-05T15:21:14Z",
    "CreatedBy": 8,
    "CurrencyNo": 0,
    "CustomerNo": 0,
    "DepNo": 401,
    "Description": "54254 Aakerholt AS _173 t a 990",
    "EmployeeNo": 3056,
    "EntryDate": "~t2020-06-03T00:00:00Z",
    "ExchangeAmount": 0,
    "ExchangeRate": 0,
    "ExpenseTransUniqueID": 0,
    "ExtraCostUnitIIINo": 0,
    "ExtraCostUnitIINo": 0,
    "ExtraCostUnitINo": 0,
    "ExtraCostUnitIVNo": 0,
    "GLAccountNo": 2960,
    "LastUpdate": "~t2020-06-05T15:21:14Z",
    "LastUpdatedBy": 8,
    "LastUploadDataStorage": "~t1970-01-01T00:00:00Z",
    "NetAmountSelfEmployed": 0,
    "PLDocNo": 0,
    "Period": 6,
    "ProductNo": 9775,
    "ProjectNo": 14678,
    "Quantity": 0,
    "ReferenceRemainderValue": 0,
    "ReferenceType": 0,
    "SAFTStdVatCode": 0,
    "SLAccount": 54254,
    "SelfEmployedBatchReportNo": 0,
    "StatusTransaction": 0,
    "SupplierNo": 54254,
    "TaxClassNo": 1,
    "TravelCostTransferDate": "~t1970-01-01T00:00:00Z",
    "TravelNo": 0,
    "UniqueNo": 6486110,
    "UtilityBits": "~bAAAAAAAA",
    "VATChainNo": 0,
    "VATChainStatus": 0,
    "VATCode": 0,
    "VATReportCode": "0",
    "VatReportID": 0,
    "VoucherChainNo": 209924,
    "VoucherDate": "~t2020-06-03T00:00:00Z",
    "VoucherID": 260368,
    "VoucherNo": 428507,
    "VoucherTypeNo": 7,
    "WeekNo": 23,
    "_id": "6486110",
    "type": "~:visma-glaccounttransaction"
  },
  {
    "AccountingYear": 2020,
    "Amount": 171270,
    "AssetNo": 0,
    "AssetTransType": 0,
    "AttestStatus": 0,
    "BankReconciliationStatus": 0,
    "BatchNo": 77268,
    "ChangeDone": 0,
    "ContraEntryChainBalance": 171270,
    "ContraEntryChainNo": 6486112,
    "ContraEntryChainStatus": 0,
    "CorrectedFromUniqueNo": 0,
    "CountryType": 0,
    "Created": "~t2020-06-05T15:21:14Z",
    "CreatedBy": 8,
    "CurrencyNo": 0,
    "CustomerNo": 0,
    "DepNo": 401,
    "Description": "54254 Aakerholt AS _173 t a 990",
    "EmployeeNo": 3056,
    "EntryDate": "~t2020-05-31T00:00:00Z",
    "ExchangeAmount": 0,
    "ExchangeRate": 0,
    "ExpenseTransUniqueID": 0,
    "ExtraCostUnitIIINo": 0,
    "ExtraCostUnitIINo": 0,
    "ExtraCostUnitINo": 0,
    "ExtraCostUnitIVNo": 0,
    "GLAccountNo": 4930,
    "LastUpdate": "~t2020-06-05T15:21:14Z",
    "LastUpdatedBy": 8,
    "LastUploadDataStorage": "~t1970-01-01T00:00:00Z",
    "NetAmountSelfEmployed": 0,
    "PLDocNo": 0,
    "Period": 5,
    "ProductNo": 9775,
    "ProjectNo": 14678,
    "Quantity": 0,
    "ReferenceRemainderValue": 0,
    "ReferenceType": 0,
    "SAFTStdVatCode": 0,
    "SLAccount": 54254,
    "SelfEmployedBatchReportNo": 0,
    "StatusTransaction": 0,
    "SupplierNo": 54254,
    "TaxClassNo": 1,
    "TravelCostTransferDate": "~t1970-01-01T00:00:00Z",
    "TravelNo": 0,
    "UniqueNo": 6486112,
    "UtilityBits": "~bAAAAAAAA",
    "VATChainNo": 0,
    "VATChainStatus": 0,
    "VATCode": 0,
    "VATReportCode": "0",
    "VatReportID": 0,
    "VoucherChainNo": 209924,
    "VoucherDate": "~t2020-06-03T00:00:00Z",
    "VoucherID": 260368,
    "VoucherNo": 428507,
    "VoucherTypeNo": 7,
    "WeekNo": 22,
    "_id": "6486112",
    "type": "~:visma-glaccounttransaction"
  }
]
