[
  {
    "AccountGroupNo": 0,
    "AccountType": 0,
    "AccountingRuleNo": 0,
    "ColumnAkelius": 0,
    "Created": "~t2011-03-11T16:35:12Z",
    "CreatedBy": 1,
    "CurrencyNo": 0,
    "DebitCredit": 0,
    "DepNo": 0,
    "DepNoSpec": 0,
    "DisabledForVoucherEntry": 0,
    "EmployeeNo": 0,
    "EmployeeNoSpec": 0,
    "ExtraCostUnit1Spec": 0,
    "ExtraCostUnit2Spec": 0,
    "ExtraCostUnit3Spec": 0,
    "ExtraCostUnit4Spec": 0,
    "GLAccountNo": 8161,
    "InActiveYesNo": 0,
    "InterimAccount": 0,
    "InterimTransactionYesNo": 0,
    "InterimYesNo": 0,
    "IsSelfEmployedWithoutFixedAddress": 0,
    "LastUpdate": "~t2020-01-09T09:52:32Z",
    "LastUpdatedBy": 2,
    "LastUploadDataStorage": "~t1970-01-01T00:00:00Z",
    "MDM_Deleted": 0,
    "MDM_ExternalId": "NO_996756246_GeneralLedgerAccount_Number_8161",
    "MDM_PublicId": "B3C50229-8182-4e98-82CD-8D6385301369",
    "MDM_SyncVersion": 2,
    "MDM_Version": 2,
    "MergeToGLAccountNo": "",
    "Name": "Valutatap l√•n (disagio)       ",
    "ProductNoSpec": 0,
    "ProjectNo": 0,
    "ProjectNoSpec": 0,
    "Quantity": 0,
    "QuantitySpec": 0,
    "SAFTAccountNo": 8160,
    "SRUCode1": 0,
    "SRUCode2": 0,
    "SingelCurrencyAccountYesNo": 0,
    "TaxClassNo": 1,
    "TransactionInfoSpec": 0,
    "UtilityBits": "~bAAAAAAAA",
    "VATCode": 0,
    "_id": "8161",
    "type": "~:visma-olavstoppen-glaccount"
  },
  {
    "AccountGroupNo": 0,
    "AccountType": 0,
    "AccountingRuleNo": 0,
    "ColumnAkelius": 0,
    "Created": "~t2020-02-20T15:59:17Z",
    "CreatedBy": 2,
    "CurrencyNo": 0,
    "DebitCredit": 0,
    "DepNo": 0,
    "DepNoSpec": 0,
    "DisabledForVoucherEntry": 0,
    "EmployeeNo": 0,
    "EmployeeNoSpec": 0,
    "ExtraCostUnit1Spec": 0,
    "ExtraCostUnit2Spec": 0,
    "ExtraCostUnit3Spec": 0,
    "ExtraCostUnit4Spec": 0,
    "GLAccountNo": 8328,
    "InActiveYesNo": 0,
    "InterimAccount": 0,
    "InterimTransactionYesNo": 0,
    "InterimYesNo": 0,
    "IsSelfEmployedWithoutFixedAddress": 0,
    "LastUpdate": "~t2020-02-20T16:01:01Z",
    "LastUpdatedBy": 2,
    "LastUploadDataStorage": "~t1970-01-01T00:00:00Z",
    "MDM_Deleted": 0,
    "MDM_ExternalId": "46260409-5D01-42a7-B0AA-B23D9BBD19C1",
    "MDM_PublicId": "46260409-5D01-42a7-B0AA-B23D9BBD19C1",
    "MDM_SyncVersion": 1,
    "MDM_Version": 1,
    "MergeToGLAccountNo": "",
    "Name": "Endring utsatt skatt rett-til-bruk-eiend/leieforpl",
    "ProductNoSpec": 0,
    "ProjectNo": 0,
    "ProjectNoSpec": 0,
    "Quantity": 0,
    "QuantitySpec": 0,
    "SAFTAccountNo": 8320,
    "SRUCode1": 0,
    "SRUCode2": 0,
    "SingelCurrencyAccountYesNo": 0,
    "TaxClassNo": 1,
    "TransactionInfoSpec": 0,
    "UtilityBits": "~bAAAAgEAA",
    "VATCode": 0,
    "_id": "8328",
    "type": "~:visma-olavstoppen-glaccount"
  }
]
