[
  {
    "AvdelingslederID": null,
    "AvdelingslederNavn": null,
    "AvdelingsnavnFolk": "Norge Felles",
    "AvdelingsnummerFolk": 100,
    "Kommentar": "",
    "Mnd": 7,
    "Sjekket": false,
    "_id": "100;07.2018",
    "År": 2018
  },
  {
    "AvdelingslederID": null,
    "AvdelingslederNavn": null,
    "AvdelingsnavnFolk": "IT Drift",
    "AvdelingsnummerFolk": 150,
    "Kommentar": "",
    "Mnd": 9,
    "Sjekket": false,
    "_id": "150;09.2018",
    "År": 2018
  },
  {
    "AvdelingslederID": null,
    "AvdelingslederNavn": null,
    "AvdelingsnavnFolk": "Øst Kurs",
    "AvdelingsnummerFolk": 200,
    "Kommentar": "",
    "Mnd": 7,
    "Sjekket": false,
    "_id": "200;07.2018",
    "År": 2018
  },
  {
    "AvdelingslederID": null,
    "AvdelingslederNavn": null,
    "AvdelingsnavnFolk": "Øst Felles",
    "AvdelingsnummerFolk": 210,
    "Kommentar": "",
    "Mnd": 7,
    "Sjekket": false,
    "_id": "210;07.2018",
    "År": 2018
  },
  {
    "AvdelingslederID": null,
    "AvdelingslederNavn": null,
    "AvdelingsnavnFolk": "Øst Salg",
    "AvdelingsnummerFolk": 211,
    "Kommentar": "",
    "Mnd": 9,
    "Sjekket": false,
    "_id": "211;09.2018",
    "År": 2018
  },
  {
    "AvdelingslederID": null,
    "AvdelingslederNavn": null,
    "AvdelingsnavnFolk": "Region Øst",
    "AvdelingsnummerFolk": 299,
    "Kommentar": "",
    "Mnd": 9,
    "Sjekket": false,
    "_id": "299;09.2018",
    "År": 2018
  },
  {
    "AvdelingslederID": null,
    "AvdelingslederNavn": null,
    "AvdelingsnavnFolk": "Bouvet Norge AS",
    "AvdelingsnummerFolk": 2,
    "Kommentar": "",
    "Mnd": 9,
    "Sjekket": false,
    "_id": "2;09.2018",
    "År": 2018
  },
  {
    "AvdelingslederID": null,
    "AvdelingslederNavn": null,
    "AvdelingsnavnFolk": "Øst Tech 1",
    "AvdelingsnummerFolk": 301,
    "Kommentar": "",
    "Mnd": 9,
    "Sjekket": false,
    "_id": "301;09.2018",
    "År": 2018
  },
  {
    "AvdelingslederID": null,
    "AvdelingslederNavn": null,
    "AvdelingsnavnFolk": "Øst Tech 2",
    "AvdelingsnummerFolk": 302,
    "Kommentar": "",
    "Mnd": 9,
    "Sjekket": false,
    "_id": "302;09.2018",
    "År": 2018
  },
  {
    "AvdelingslederID": null,
    "AvdelingslederNavn": null,
    "AvdelingsnavnFolk": "Øst Kundeopplevelse",
    "AvdelingsnummerFolk": 303,
    "Kommentar": "",
    "Mnd": 9,
    "Sjekket": false,
    "_id": "303;09.2018",
    "År": 2018
  },
  {
    "AvdelingslederID": null,
    "AvdelingslederNavn": null,
    "AvdelingsnavnFolk": "Øst Dev 2",
    "AvdelingsnummerFolk": 312,
    "Kommentar": "",
    "Mnd": 9,
    "Sjekket": false,
    "_id": "312;09.2018",
    "År": 2018
  },
  {
    "AvdelingslederID": null,
    "AvdelingslederNavn": null,
    "AvdelingsnavnFolk": "Øst Dev 3",
    "AvdelingsnummerFolk": 315,
    "Kommentar": "",
    "Mnd": 9,
    "Sjekket": false,
    "_id": "315;09.2018",
    "År": 2018
  },
  {
    "AvdelingslederID": null,
    "AvdelingslederNavn": null,
    "AvdelingsnavnFolk": "Øst Dev 4",
    "AvdelingsnummerFolk": 316,
    "Kommentar": "",
    "Mnd": 9,
    "Sjekket": false,
    "_id": "316;09.2018",
    "År": 2018
  },
  {
    "AvdelingslederID": null,
    "AvdelingslederNavn": null,
    "AvdelingsnavnFolk": "Øst Dev 5",
    "AvdelingsnummerFolk": 317,
    "Kommentar": "",
    "Mnd": 9,
    "Sjekket": false,
    "_id": "317;09.2018",
    "År": 2018
  },
  {
    "AvdelingslederID": null,
    "AvdelingslederNavn": null,
    "AvdelingsnavnFolk": "Øst Data Science",
    "AvdelingsnummerFolk": 318,
    "Kommentar": "",
    "Mnd": 9,
    "Sjekket": false,
    "_id": "318;09.2018",
    "År": 2018
  },
  {
    "AvdelingslederID": null,
    "AvdelingslederNavn": null,
    "AvdelingsnavnFolk": "Øst Microsoft 1",
    "AvdelingsnummerFolk": 320,
    "Kommentar": "",
    "Mnd": 9,
    "Sjekket": false,
    "_id": "320;09.2018",
    "År": 2018
  },
  {
    "AvdelingslederID": null,
    "AvdelingslederNavn": null,
    "AvdelingsnavnFolk": "Øst Microsoft 2",
    "AvdelingsnummerFolk": 321,
    "Kommentar": "",
    "Mnd": 9,
    "Sjekket": false,
    "_id": "321;09.2018",
    "År": 2018
  },
  {
    "AvdelingslederID": null,
    "AvdelingslederNavn": null,
    "AvdelingsnavnFolk": "Øst Microsoft 3",
    "AvdelingsnummerFolk": 322,
    "Kommentar": "",
    "Mnd": 9,
    "Sjekket": false,
    "_id": "322;09.2018",
    "År": 2018
  },
  {
    "AvdelingslederID": null,
    "AvdelingslederNavn": null,
    "AvdelingsnavnFolk": "Øst Microsoft 4",
    "AvdelingsnummerFolk": 323,
    "Kommentar": "",
    "Mnd": 9,
    "Sjekket": false,
    "_id": "323;09.2018",
    "År": 2018
  },
  {
    "AvdelingslederID": null,
    "AvdelingslederNavn": null,
    "AvdelingsnavnFolk": "Øst Microsoft 5",
    "AvdelingsnummerFolk": 324,
    "Kommentar": "",
    "Mnd": 10,
    "Sjekket": false,
    "_id": "324;10.2018",
    "År": 2018
  },
  {
    "AvdelingslederID": null,
    "AvdelingslederNavn": null,
    "AvdelingsnavnFolk": "Øst Webapps 1",
    "AvdelingsnummerFolk": 325,
    "Kommentar": "",
    "Mnd": 9,
    "Sjekket": false,
    "_id": "325;09.2018",
    "År": 2018
  },
  {
    "AvdelingslederID": null,
    "AvdelingslederNavn": null,
    "AvdelingsnavnFolk": "Øst Webapps 2",
    "AvdelingsnummerFolk": 326,
    "Kommentar": "",
    "Mnd": 9,
    "Sjekket": false,
    "_id": "326;09.2018",
    "År": 2018
  },
  {
    "AvdelingslederID": null,
    "AvdelingslederNavn": null,
    "AvdelingsnavnFolk": "Øst Microsoft",
    "AvdelingsnummerFolk": 327,
    "Kommentar": "",
    "Mnd": 9,
    "Sjekket": false,
    "_id": "327;09.2018",
    "År": 2018
  },
  {
    "AvdelingslederID": null,
    "AvdelingslederNavn": null,
    "AvdelingsnavnFolk": "Øst Tjenesteleveranser",
    "AvdelingsnummerFolk": 329,
    "Kommentar": "",
    "Mnd": 9,
    "Sjekket": false,
    "_id": "329;09.2018",
    "År": 2018
  },
  {
    "AvdelingslederID": null,
    "AvdelingslederNavn": null,
    "AvdelingsnavnFolk": "Øst Innsikt",
    "AvdelingsnummerFolk": 330,
    "Kommentar": "",
    "Mnd": 9,
    "Sjekket": false,
    "_id": "330;09.2018",
    "År": 2018
  },
  {
    "AvdelingslederID": null,
    "AvdelingslederNavn": null,
    "AvdelingsnavnFolk": "Øst Ria 1",
    "AvdelingsnummerFolk": 331,
    "Kommentar": "",
    "Mnd": 9,
    "Sjekket": false,
    "_id": "331;09.2018",
    "År": 2018
  },
  {
    "AvdelingslederID": null,
    "AvdelingslederNavn": null,
    "AvdelingsnavnFolk": "Øst Design 1",
    "AvdelingsnummerFolk": 333,
    "Kommentar": "",
    "Mnd": 9,
    "Sjekket": false,
    "_id": "333;09.2018",
    "År": 2018
  },
  {
    "AvdelingslederID": null,
    "AvdelingslederNavn": null,
    "AvdelingsnavnFolk": "Øst Design 2",
    "AvdelingsnummerFolk": 334,
    "Kommentar": "",
    "Mnd": 9,
    "Sjekket": false,
    "_id": "334;09.2018",
    "År": 2018
  },
  {
    "AvdelingslederID": null,
    "AvdelingslederNavn": null,
    "AvdelingsnavnFolk": "Øst Ria 3",
    "AvdelingsnummerFolk": 337,
    "Kommentar": "",
    "Mnd": 9,
    "Sjekket": false,
    "_id": "337;09.2018",
    "År": 2018
  },
  {
    "AvdelingslederID": null,
    "AvdelingslederNavn": null,
    "AvdelingsnavnFolk": "Øst Råd Tjenestedesign",
    "AvdelingsnummerFolk": 338,
    "Kommentar": "",
    "Mnd": 10,
    "Sjekket": false,
    "_id": "338;10.2018",
    "År": 2018
  },
  {
    "AvdelingslederID": null,
    "AvdelingslederNavn": null,
    "AvdelingsnavnFolk": "Øst Råd KO",
    "AvdelingsnummerFolk": 339,
    "Kommentar": "",
    "Mnd": 9,
    "Sjekket": false,
    "_id": "339;09.2018",
    "År": 2018
  },
  {
    "AvdelingslederID": null,
    "AvdelingslederNavn": null,
    "AvdelingsnavnFolk": "Øst Dev 1",
    "AvdelingsnummerFolk": 340,
    "Kommentar": "",
    "Mnd": 9,
    "Sjekket": false,
    "_id": "340;09.2018",
    "År": 2018
  },
  {
    "AvdelingslederID": null,
    "AvdelingslederNavn": null,
    "AvdelingsnavnFolk": "Øst Cloud 1",
    "AvdelingsnummerFolk": 400,
    "Kommentar": "",
    "Mnd": 9,
    "Sjekket": false,
    "_id": "400;09.2018",
    "År": 2018
  },
  {
    "AvdelingslederID": null,
    "AvdelingslederNavn": null,
    "AvdelingsnavnFolk": "Øst Cloud",
    "AvdelingsnummerFolk": 409,
    "Kommentar": "",
    "Mnd": 9,
    "Sjekket": false,
    "_id": "409;09.2018",
    "År": 2018
  },
  {
    "AvdelingslederID": null,
    "AvdelingslederNavn": null,
    "AvdelingsnavnFolk": "Øst PIA",
    "AvdelingsnummerFolk": 450,
    "Kommentar": "",
    "Mnd": 1,
    "Sjekket": false,
    "_id": "450;01.2020",
    "År": 2020
  },
  {
    "AvdelingslederID": null,
    "AvdelingslederNavn": null,
    "AvdelingsnavnFolk": "Øst PIA 1",
    "AvdelingsnummerFolk": 451,
    "Kommentar": "",
    "Mnd": 1,
    "Sjekket": false,
    "_id": "451;01.2020",
    "År": 2020
  },
  {
    "AvdelingslederID": null,
    "AvdelingslederNavn": null,
    "AvdelingsnavnFolk": "Øst PIA 2",
    "AvdelingsnummerFolk": 452,
    "Kommentar": "",
    "Mnd": 1,
    "Sjekket": false,
    "_id": "452;01.2020",
    "År": 2020
  },
  {
    "AvdelingslederID": null,
    "AvdelingslederNavn": null,
    "AvdelingsnavnFolk": "Øst PIA 3",
    "AvdelingsnummerFolk": 453,
    "Kommentar": "",
    "Mnd": 1,
    "Sjekket": false,
    "_id": "453;01.2020",
    "År": 2020
  },
  {
    "AvdelingslederID": null,
    "AvdelingslederNavn": null,
    "AvdelingsnavnFolk": "Øst Råd og Prosjekt",
    "AvdelingsnummerFolk": 500,
    "Kommentar": "",
    "Mnd": 9,
    "Sjekket": false,
    "_id": "500;09.2018",
    "År": 2018
  },
  {
    "AvdelingslederID": null,
    "AvdelingslederNavn": null,
    "AvdelingsnavnFolk": "Øst Virksomhetsstyring",
    "AvdelingsnummerFolk": 501,
    "Kommentar": "",
    "Mnd": 9,
    "Sjekket": false,
    "_id": "501;09.2018",
    "År": 2018
  },
  {
    "AvdelingslederID": null,
    "AvdelingslederNavn": null,
    "AvdelingsnavnFolk": "Øst Sandvika",
    "AvdelingsnummerFolk": 502,
    "Kommentar": "",
    "Mnd": 9,
    "Sjekket": false,
    "_id": "502;09.2018",
    "År": 2018
  },
  {
    "AvdelingslederID": null,
    "AvdelingslederNavn": null,
    "AvdelingsnavnFolk": "Øst Programledelse",
    "AvdelingsnummerFolk": 511,
    "Kommentar": "",
    "Mnd": 9,
    "Sjekket": false,
    "_id": "511;09.2019",
    "År": 2019
  },
  {
    "AvdelingslederID": null,
    "AvdelingslederNavn": null,
    "AvdelingsnavnFolk": "Øst Prosjektledelse 1",
    "AvdelingsnummerFolk": 512,
    "Kommentar": "",
    "Mnd": 9,
    "Sjekket": false,
    "_id": "512;09.2018",
    "År": 2018
  },
  {
    "AvdelingslederID": null,
    "AvdelingslederNavn": null,
    "AvdelingsnavnFolk": "Øst Prosjektledelse 2",
    "AvdelingsnummerFolk": 513,
    "Kommentar": "",
    "Mnd": 9,
    "Sjekket": false,
    "_id": "513;09.2018",
    "År": 2018
  },
  {
    "AvdelingslederID": null,
    "AvdelingslederNavn": null,
    "AvdelingsnavnFolk": "Øst Test og Testledelse",
    "AvdelingsnummerFolk": 514,
    "Kommentar": "",
    "Mnd": 9,
    "Sjekket": false,
    "_id": "514;09.2018",
    "År": 2018
  },
  {
    "AvdelingslederID": null,
    "AvdelingslederNavn": null,
    "AvdelingsnavnFolk": "Øst Råd og Prosjekt Felles",
    "AvdelingsnummerFolk": 515,
    "Kommentar": "",
    "Mnd": 9,
    "Sjekket": false,
    "_id": "515;09.2018",
    "År": 2018
  },
  {
    "AvdelingslederID": null,
    "AvdelingslederNavn": null,
    "AvdelingsnavnFolk": "Øst Rådgivning arkitektur",
    "AvdelingsnummerFolk": 516,
    "Kommentar": "",
    "Mnd": 9,
    "Sjekket": false,
    "_id": "516;09.2018",
    "År": 2018
  },
  {
    "AvdelingslederID": null,
    "AvdelingslederNavn": null,
    "AvdelingsnavnFolk": "Øst Rådgivning innføring og endring",
    "AvdelingsnummerFolk": 517,
    "Kommentar": "",
    "Mnd": 9,
    "Sjekket": false,
    "_id": "517;09.2018",
    "År": 2018
  },
  {
    "AvdelingslederID": null,
    "AvdelingslederNavn": null,
    "AvdelingsnavnFolk": "Øst Råd og Prosjekt UK",
    "AvdelingsnummerFolk": 518,
    "Kommentar": "",
    "Mnd": 9,
    "Sjekket": false,
    "_id": "518;09.2018",
    "År": 2018
  },
  {
    "AvdelingslederID": null,
    "AvdelingslederNavn": null,
    "AvdelingsnavnFolk": "Applikasjon og Prosess",
    "AvdelingsnummerFolk": 522,
    "Kommentar": "",
    "Mnd": 9,
    "Sjekket": false,
    "_id": "522;09.2018",
    "År": 2018
  },
  {
    "AvdelingslederID": null,
    "AvdelingslederNavn": null,
    "AvdelingsnavnFolk": "SAP Tech og forvaltning",
    "AvdelingsnummerFolk": 523,
    "Kommentar": "",
    "Mnd": 9,
    "Sjekket": false,
    "_id": "523;09.2018",
    "År": 2018
  },
  {
    "AvdelingslederID": null,
    "AvdelingslederNavn": null,
    "AvdelingsnavnFolk": "Prosjekt og Arkitekt",
    "AvdelingsnummerFolk": 525,
    "Kommentar": "",
    "Mnd": 9,
    "Sjekket": false,
    "_id": "525;09.2018",
    "År": 2018
  },
  {
    "AvdelingslederID": null,
    "AvdelingslederNavn": null,
    "AvdelingsnavnFolk": "Øst Sandvika 1",
    "AvdelingsnummerFolk": 550,
    "Kommentar": "",
    "Mnd": 9,
    "Sjekket": false,
    "_id": "550;09.2018",
    "År": 2018
  },
  {
    "AvdelingslederID": null,
    "AvdelingslederNavn": null,
    "AvdelingsnavnFolk": "Øst Sandvika 2",
    "AvdelingsnummerFolk": 551,
    "Kommentar": "",
    "Mnd": 9,
    "Sjekket": false,
    "_id": "551;09.2018",
    "År": 2018
  },
  {
    "AvdelingslederID": null,
    "AvdelingslederNavn": null,
    "AvdelingsnavnFolk": "Øst Sandvika UK",
    "AvdelingsnummerFolk": 552,
    "Kommentar": "",
    "Mnd": 9,
    "Sjekket": false,
    "_id": "552;09.2018",
    "År": 2018
  },
  {
    "AvdelingslederID": null,
    "AvdelingslederNavn": null,
    "AvdelingsnavnFolk": "Øst Sandvika 3",
    "AvdelingsnummerFolk": 553,
    "Kommentar": "",
    "Mnd": 9,
    "Sjekket": false,
    "_id": "553;09.2018",
    "År": 2018
  },
  {
    "AvdelingslederID": null,
    "AvdelingslederNavn": null,
    "AvdelingsnavnFolk": "Sør Felles",
    "AvdelingsnummerFolk": 600,
    "Kommentar": "",
    "Mnd": 12,
    "Sjekket": false,
    "_id": "600;12.2018",
    "År": 2018
  },
  {
    "AvdelingslederID": null,
    "AvdelingslederNavn": null,
    "AvdelingsnavnFolk": "Region Sør",
    "AvdelingsnummerFolk": 609,
    "Kommentar": "",
    "Mnd": 9,
    "Sjekket": false,
    "_id": "609;09.2018",
    "År": 2018
  },
  {
    "AvdelingslederID": null,
    "AvdelingslederNavn": null,
    "AvdelingsnavnFolk": "Arendal",
    "AvdelingsnummerFolk": 620,
    "Kommentar": "",
    "Mnd": 9,
    "Sjekket": false,
    "_id": "620;09.2018",
    "År": 2018
  },
  {
    "AvdelingslederID": null,
    "AvdelingslederNavn": null,
    "AvdelingsnavnFolk": "Kristiansand",
    "AvdelingsnummerFolk": 630,
    "Kommentar": "",
    "Mnd": 9,
    "Sjekket": false,
    "_id": "630;09.2018",
    "År": 2018
  },
  {
    "AvdelingslederID": null,
    "AvdelingslederNavn": null,
    "AvdelingsnavnFolk": "Vestfold",
    "AvdelingsnummerFolk": 640,
    "Kommentar": "",
    "Mnd": 9,
    "Sjekket": false,
    "_id": "640;09.2018",
    "År": 2018
  },
  {
    "AvdelingslederID": null,
    "AvdelingslederNavn": null,
    "AvdelingsnavnFolk": "Rogaland Virksomhetsstøtte",
    "AvdelingsnummerFolk": 700,
    "Kommentar": "",
    "Mnd": 9,
    "Sjekket": false,
    "_id": "700;09.2018",
    "År": 2018
  },
  {
    "AvdelingslederID": null,
    "AvdelingslederNavn": null,
    "AvdelingsnavnFolk": "Rogaland Økonomi og IT",
    "AvdelingsnummerFolk": 701,
    "Kommentar": "",
    "Mnd": 11,
    "Sjekket": false,
    "_id": "701;11.2018",
    "År": 2018
  },
  {
    "AvdelingslederID": null,
    "AvdelingslederNavn": null,
    "AvdelingsnavnFolk": "Rogaland Klyngestøtte",
    "AvdelingsnummerFolk": 702,
    "Kommentar": "",
    "Mnd": 9,
    "Sjekket": false,
    "_id": "702;09.2018",
    "År": 2018
  },
  {
    "AvdelingslederID": null,
    "AvdelingslederNavn": null,
    "AvdelingsnavnFolk": "Rogaland Tech Center",
    "AvdelingsnummerFolk": 703,
    "Kommentar": "",
    "Mnd": 9,
    "Sjekket": false,
    "_id": "703;09.2018",
    "År": 2018
  },
  {
    "AvdelingslederID": null,
    "AvdelingslederNavn": null,
    "AvdelingsnavnFolk": "Rogaland Equinox",
    "AvdelingsnummerFolk": 704,
    "Kommentar": "",
    "Mnd": 10,
    "Sjekket": false,
    "_id": "704;10.2018",
    "År": 2018
  },
  {
    "AvdelingslederID": null,
    "AvdelingslederNavn": null,
    "AvdelingsnavnFolk": "Kontorstøtte Stavanger",
    "AvdelingsnummerFolk": 705,
    "Kommentar": "",
    "Mnd": 9,
    "Sjekket": false,
    "_id": "705;09.2018",
    "År": 2018
  },
  {
    "AvdelingslederID": null,
    "AvdelingslederNavn": null,
    "AvdelingsnavnFolk": "Kontorstøtte Haugesund",
    "AvdelingsnummerFolk": 730,
    "Kommentar": "",
    "Mnd": 9,
    "Sjekket": false,
    "_id": "730;09.2018",
    "År": 2018
  },
  {
    "AvdelingslederID": null,
    "AvdelingslederNavn": null,
    "AvdelingsnavnFolk": "Rogaland Industristøtte",
    "AvdelingsnummerFolk": 731,
    "Kommentar": "",
    "Mnd": 9,
    "Sjekket": false,
    "_id": "731;09.2018",
    "År": 2018
  },
  {
    "AvdelingslederID": null,
    "AvdelingslederNavn": null,
    "AvdelingsnavnFolk": "Rogaland Formel 1",
    "AvdelingsnummerFolk": 751,
    "Kommentar": "",
    "Mnd": 9,
    "Sjekket": false,
    "_id": "751;09.2018",
    "År": 2018
  },
  {
    "AvdelingslederID": null,
    "AvdelingslederNavn": null,
    "AvdelingsnavnFolk": "Rogaland Enigma",
    "AvdelingsnummerFolk": 752,
    "Kommentar": "",
    "Mnd": 9,
    "Sjekket": false,
    "_id": "752;09.2018",
    "År": 2018
  },
  {
    "AvdelingslederID": null,
    "AvdelingslederNavn": null,
    "AvdelingsnavnFolk": "Rogaland Alpha",
    "AvdelingsnummerFolk": 754,
    "Kommentar": "",
    "Mnd": 9,
    "Sjekket": false,
    "_id": "754;09.2018",
    "År": 2018
  },
  {
    "AvdelingslederID": null,
    "AvdelingslederNavn": null,
    "AvdelingsnavnFolk": "Rogaland Invicta",
    "AvdelingsnummerFolk": 755,
    "Kommentar": "",
    "Mnd": 9,
    "Sjekket": false,
    "_id": "755;09.2018",
    "År": 2018
  },
  {
    "AvdelingslederID": null,
    "AvdelingslederNavn": null,
    "AvdelingsnavnFolk": "Rogaland Syndicate",
    "AvdelingsnummerFolk": 756,
    "Kommentar": "",
    "Mnd": 9,
    "Sjekket": false,
    "_id": "756;09.2018",
    "År": 2018
  },
  {
    "AvdelingslederID": null,
    "AvdelingslederNavn": null,
    "AvdelingsnavnFolk": "Rogaland Morgenstiern",
    "AvdelingsnummerFolk": 757,
    "Kommentar": "",
    "Mnd": 9,
    "Sjekket": false,
    "_id": "757;09.2018",
    "År": 2018
  },
  {
    "AvdelingslederID": null,
    "AvdelingslederNavn": null,
    "AvdelingsnavnFolk": "Rogaland DAIM",
    "AvdelingsnummerFolk": 758,
    "Kommentar": "",
    "Mnd": 9,
    "Sjekket": false,
    "_id": "758;09.2018",
    "År": 2018
  },
  {
    "AvdelingslederID": null,
    "AvdelingslederNavn": null,
    "AvdelingsnavnFolk": "Rogaland DIGG",
    "AvdelingsnummerFolk": 759,
    "Kommentar": "",
    "Mnd": 9,
    "Sjekket": false,
    "_id": "759;09.2018",
    "År": 2018
  },
  {
    "AvdelingslederID": null,
    "AvdelingslederNavn": null,
    "AvdelingsnavnFolk": "Rogaland Skynet",
    "AvdelingsnummerFolk": 760,
    "Kommentar": "",
    "Mnd": 9,
    "Sjekket": false,
    "_id": "760;09.2018",
    "År": 2018
  },
  {
    "AvdelingslederID": null,
    "AvdelingslederNavn": null,
    "AvdelingsnavnFolk": "Rogaland SQAD",
    "AvdelingsnummerFolk": 761,
    "Kommentar": "",
    "Mnd": 9,
    "Sjekket": false,
    "_id": "761;09.2018",
    "År": 2018
  },
  {
    "AvdelingslederID": null,
    "AvdelingslederNavn": null,
    "AvdelingsnavnFolk": "Rogaland Atlas",
    "AvdelingsnummerFolk": 762,
    "Kommentar": "",
    "Mnd": 9,
    "Sjekket": false,
    "_id": "762;09.2018",
    "År": 2018
  },
  {
    "AvdelingslederID": null,
    "AvdelingslederNavn": null,
    "AvdelingsnavnFolk": "Rogaland Spectre",
    "AvdelingsnummerFolk": 763,
    "Kommentar": "",
    "Mnd": 9,
    "Sjekket": false,
    "_id": "763;09.2018",
    "År": 2018
  },
  {
    "AvdelingslederID": null,
    "AvdelingslederNavn": null,
    "AvdelingsnavnFolk": "Rogaland SPOCK",
    "AvdelingsnummerFolk": 764,
    "Kommentar": "",
    "Mnd": 12,
    "Sjekket": false,
    "_id": "764;12.2018",
    "År": 2018
  },
  {
    "AvdelingslederID": null,
    "AvdelingslederNavn": null,
    "AvdelingsnavnFolk": "Rogaland MCS",
    "AvdelingsnummerFolk": 765,
    "Kommentar": "",
    "Mnd": 12,
    "Sjekket": false,
    "_id": "765;12.2018",
    "År": 2018
  },
  {
    "AvdelingslederID": null,
    "AvdelingslederNavn": null,
    "AvdelingsnavnFolk": "Rogaland Optimus",
    "AvdelingsnummerFolk": 766,
    "Kommentar": "",
    "Mnd": 5,
    "Sjekket": false,
    "_id": "766;05.2019",
    "År": 2019
  },
  {
    "AvdelingslederID": null,
    "AvdelingslederNavn": null,
    "AvdelingsnavnFolk": "Rogaland ACME",
    "AvdelingsnummerFolk": 767,
    "Kommentar": "",
    "Mnd": 6,
    "Sjekket": false,
    "_id": "767;06.2019",
    "År": 2019
  },
  {
    "AvdelingslederID": null,
    "AvdelingslederNavn": null,
    "AvdelingsnavnFolk": "Rogaland Phoenix",
    "AvdelingsnummerFolk": 768,
    "Kommentar": "",
    "Mnd": 9,
    "Sjekket": false,
    "_id": "768;09.2019",
    "År": 2019
  },
  {
    "AvdelingslederID": null,
    "AvdelingslederNavn": null,
    "AvdelingsnavnFolk": "Rogaland Administrasjon",
    "AvdelingsnummerFolk": 777,
    "Kommentar": "",
    "Mnd": 11,
    "Sjekket": false,
    "_id": "777;11.2019",
    "År": 2019
  },
  {
    "AvdelingslederID": null,
    "AvdelingslederNavn": null,
    "AvdelingsnavnFolk": "Rogaland Felles",
    "AvdelingsnummerFolk": 778,
    "Kommentar": "",
    "Mnd": 11,
    "Sjekket": false,
    "_id": "778;11.2019",
    "År": 2019
  },
  {
    "AvdelingslederID": null,
    "AvdelingslederNavn": null,
    "AvdelingsnavnFolk": "Rogaland Enheter",
    "AvdelingsnummerFolk": 779,
    "Kommentar": "",
    "Mnd": 11,
    "Sjekket": false,
    "_id": "779;11.2019",
    "År": 2019
  },
  {
    "AvdelingslederID": null,
    "AvdelingslederNavn": null,
    "AvdelingsnavnFolk": "Bergen Felles",
    "AvdelingsnummerFolk": 780,
    "Kommentar": "",
    "Mnd": 9,
    "Sjekket": false,
    "_id": "780;09.2018",
    "År": 2018
  },
  {
    "AvdelingslederID": null,
    "AvdelingslederNavn": null,
    "AvdelingsnavnFolk": "Ulriken",
    "AvdelingsnummerFolk": 781,
    "Kommentar": "",
    "Mnd": 9,
    "Sjekket": false,
    "_id": "781;09.2018",
    "År": 2018
  },
  {
    "AvdelingslederID": null,
    "AvdelingslederNavn": null,
    "AvdelingsnavnFolk": "Fløien",
    "AvdelingsnummerFolk": 782,
    "Kommentar": "",
    "Mnd": 9,
    "Sjekket": false,
    "_id": "782;09.2018",
    "År": 2018
  },
  {
    "AvdelingslederID": null,
    "AvdelingslederNavn": null,
    "AvdelingsnavnFolk": "Lyderhorn",
    "AvdelingsnummerFolk": 783,
    "Kommentar": "",
    "Mnd": 9,
    "Sjekket": false,
    "_id": "783;09.2018",
    "År": 2018
  },
  {
    "AvdelingslederID": null,
    "AvdelingslederNavn": null,
    "AvdelingsnavnFolk": "Løvstakken",
    "AvdelingsnummerFolk": 784,
    "Kommentar": "",
    "Mnd": 9,
    "Sjekket": false,
    "_id": "784;09.2018",
    "År": 2018
  },
  {
    "AvdelingslederID": null,
    "AvdelingslederNavn": null,
    "AvdelingsnavnFolk": "Rundemanen",
    "AvdelingsnummerFolk": 785,
    "Kommentar": "",
    "Mnd": 9,
    "Sjekket": false,
    "_id": "785;09.2018",
    "År": 2018
  },
  {
    "AvdelingslederID": null,
    "AvdelingslederNavn": null,
    "AvdelingsnavnFolk": "Blåmanen",
    "AvdelingsnummerFolk": 786,
    "Kommentar": "",
    "Mnd": 9,
    "Sjekket": false,
    "_id": "786;09.2018",
    "År": 2018
  },
  {
    "AvdelingslederID": null,
    "AvdelingslederNavn": null,
    "AvdelingsnavnFolk": "Gullfjellet",
    "AvdelingsnummerFolk": 787,
    "Kommentar": "",
    "Mnd": 9,
    "Sjekket": false,
    "_id": "787;09.2019",
    "År": 2019
  },
  {
    "AvdelingslederID": null,
    "AvdelingslederNavn": null,
    "AvdelingsnavnFolk": "Region Bergen",
    "AvdelingsnummerFolk": 789,
    "Kommentar": "",
    "Mnd": 9,
    "Sjekket": false,
    "_id": "789;09.2018",
    "År": 2018
  },
  {
    "AvdelingslederID": null,
    "AvdelingslederNavn": null,
    "AvdelingsnavnFolk": "Region Rogaland",
    "AvdelingsnummerFolk": 799,
    "Kommentar": "",
    "Mnd": 9,
    "Sjekket": false,
    "_id": "799;09.2018",
    "År": 2018
  },
  {
    "AvdelingslederID": null,
    "AvdelingslederNavn": null,
    "AvdelingsnavnFolk": "Nord Felles",
    "AvdelingsnummerFolk": 800,
    "Kommentar": "",
    "Mnd": 9,
    "Sjekket": false,
    "_id": "800;09.2018",
    "År": 2018
  },
  {
    "AvdelingslederID": null,
    "AvdelingslederNavn": null,
    "AvdelingsnavnFolk": "Trondheim Tech 1",
    "AvdelingsnummerFolk": 801,
    "Kommentar": "",
    "Mnd": 9,
    "Sjekket": false,
    "_id": "801;09.2018",
    "År": 2018
  },
  {
    "AvdelingslederID": null,
    "AvdelingslederNavn": null,
    "AvdelingsnavnFolk": "Trondheim Tech 2",
    "AvdelingsnummerFolk": 802,
    "Kommentar": "",
    "Mnd": 9,
    "Sjekket": false,
    "_id": "802;09.2018",
    "År": 2018
  },
  {
    "AvdelingslederID": null,
    "AvdelingslederNavn": null,
    "AvdelingsnavnFolk": "Trondheim Brukeropplevelse",
    "AvdelingsnummerFolk": 803,
    "Kommentar": "",
    "Mnd": 9,
    "Sjekket": false,
    "_id": "803;09.2018",
    "År": 2018
  },
  {
    "AvdelingslederID": null,
    "AvdelingslederNavn": null,
    "AvdelingsnavnFolk": "Trondheim Tech 3",
    "AvdelingsnummerFolk": 804,
    "Kommentar": "",
    "Mnd": 9,
    "Sjekket": false,
    "_id": "804;09.2018",
    "År": 2018
  },
  {
    "AvdelingslederID": null,
    "AvdelingslederNavn": null,
    "AvdelingsnavnFolk": "Trondheim Rådgivning\u0026Prosjektledelse",
    "AvdelingsnummerFolk": 805,
    "Kommentar": "",
    "Mnd": 9,
    "Sjekket": false,
    "_id": "805;09.2018",
    "År": 2018
  },
  {
    "AvdelingslederID": null,
    "AvdelingslederNavn": null,
    "AvdelingsnavnFolk": "Trondheim FrontEnd",
    "AvdelingsnummerFolk": 806,
    "Kommentar": "",
    "Mnd": 9,
    "Sjekket": false,
    "_id": "806;09.2018",
    "År": 2018
  },
  {
    "AvdelingslederID": null,
    "AvdelingslederNavn": null,
    "AvdelingsnavnFolk": "Region Nord",
    "AvdelingsnummerFolk": 809,
    "Kommentar": "",
    "Mnd": 9,
    "Sjekket": false,
    "_id": "809;09.2018",
    "År": 2018
  }
]
