[
  {
    "Adresse": "test adresse",
    "Ansatt-ID": 1,
    "Ansettelsestype": "Fast ansatt",
    "Arbeidssted": "Test location",
    "By": "test by",
    "Folk-signert-kontrakt": "Ja",
    "Kontonummer": "test konto",
    "Land": "test land",
    "Leder": "test leder",
    "Mnd": 8,
    "Navn": "Max Manus",
    "Organisasjon": "test avdeling",
    "Postnr": null,
    "Startdato": "~t2017-08-01T00:00:00Z",
    "Stillingsprosent": "100.0%",
    "Timelønn": "test timelønn",
    "Vismabruker-opprettet": "OK",
    "_id": "0001",
    "År": 2017,
    "Årslønn": null
  },
  {
    "Adresse": "test adresse",
    "Ansatt-ID": 4,
    "Ansettelsestype": "Fast ansatt",
    "Arbeidssted": "Test location",
    "By": "test by",
    "Folk-signert-kontrakt": "Ja",
    "Kontonummer": "test konto",
    "Land": "test land",
    "Leder": "test leder",
    "Mnd": 8,
    "Navn": "Test Tester",
    "Organisasjon": "Rundemannen",
    "Postnr": null,
    "Startdato": "~t2017-08-01T00:00:00Z",
    "Stillingsprosent": "100.0%",
    "Timelønn": "test timelønn",
    "Vismabruker-opprettet": "NO",
    "_id": "0004",
    "År": 2017,
    "Årslønn": null
  },
  {
    "Adresse": "test adresse",
    "Ansatt-ID": 7,
    "Ansettelsestype": "Fast ansatt",
    "Arbeidssted": "Test location",
    "By": "test by",
    "Folk-signert-kontrakt": "Ja",
    "Kontonummer": "test konto",
    "Land": "test land",
    "Leder": "test leder",
    "Mnd": 8,
    "Navn": "Karl Michael Bergman",
    "Organisasjon": "Øst Prosjektledelse 2",
    "Postnr": null,
    "Startdato": "~t2017-08-01T00:00:00Z",
    "Stillingsprosent": "100.0%",
    "Timelønn": "test timelønn",
    "Vismabruker-opprettet": "NO",
    "_id": "0007",
    "År": 2017,
    "Årslønn": null
  },
  {
    "Adresse": "test adresse",
    "Ansatt-ID": 9,
    "Ansettelsestype": "Fast ansatt",
    "Arbeidssted": "Test location",
    "By": "test by",
    "Folk-signert-kontrakt": "Ja",
    "Kontonummer": "test konto",
    "Land": "test land",
    "Leder": "test leder",
    "Mnd": 8,
    "Navn": "Bruce Wayne",
    "Organisasjon": "Stavanger Morgenstiern",
    "Postnr": null,
    "Startdato": "~t2017-08-01T00:00:00Z",
    "Stillingsprosent": "100.0%",
    "Timelønn": "test timelønn",
    "Vismabruker-opprettet": "NO",
    "_id": "0009",
    "År": 2017,
    "Årslønn": null
  },
  {
    "Adresse": "test adresse",
    "Ansatt-ID": 10,
    "Ansettelsestype": "Fast ansatt",
    "Arbeidssted": "Test location",
    "By": "test by",
    "Folk-signert-kontrakt": "Ja",
    "Kontonummer": "test konto",
    "Land": "test land",
    "Leder": "test leder",
    "Mnd": 8,
    "Navn": "Lynvingen ",
    "Organisasjon": "Stavanger Morgenstiern",
    "Postnr": null,
    "Startdato": "~t2017-08-01T00:00:00Z",
    "Stillingsprosent": "100.0%",
    "Timelønn": "test timelønn",
    "Vismabruker-opprettet": "OK",
    "_id": "0010",
    "År": 2017,
    "Årslønn": null
  },
  {
    "Adresse": "test adresse",
    "Ansatt-ID": 1316,
    "Ansettelsestype": "Fast ansatt",
    "Arbeidssted": "Test location",
    "By": "test by",
    "Folk-signert-kontrakt": "Ja",
    "Kontonummer": "test konto",
    "Land": "test land",
    "Leder": "test leder",
    "Mnd": 8,
    "Navn": "User Userson",
    "Organisasjon": "Øst Ria 2",
    "Postnr": null,
    "Startdato": "~t2017-08-01T00:00:00Z",
    "Stillingsprosent": "100.0%",
    "Timelønn": "test timelønn",
    "Vismabruker-opprettet": "NO",
    "_id": "1316",
    "År": 2017,
    "Årslønn": null
  },
  {
    "Adresse": "IkkeKomHjemTilMeg 1",
    "Ansatt-ID": 132,
    "Ansettelsestype": "Fast ansatt",
    "Arbeidssted": "Bergen",
    "By": "BØNES",
    "Folk-signert-kontrakt": "Ja",
    "Kontonummer": "mitt.bank.nummer",
    "Land": "Norge",
    "Leder": "Anne Hasselgreen",
    "Mnd": 7,
    "Navn": "Gjett Mail",
    "Organisasjon": "Ulriken",
    "Postnr": 5153,
    "Region": "600 Sør",
    "Startdato": "~t1995-07-01T00:00:00Z",
    "Stillingsprosent": "100.0%",
    "Timelønn": null,
    "Vismabruker-opprettet": "NO",
    "_id": "132",
    "År": 1995,
    "Årslønn": 3
  },
  {
    "Adresse": "Mintestvei 1",
    "Ansatt-ID": 1528,
    "Ansettelsestype": "Fast ansatt",
    "Arbeidssted": "Trondheim",
    "By": "Nordpolen",
    "Folk-signert-kontrakt": "Ja",
    "Kontonummer": "1111.11.1111",
    "Land": "Norge",
    "Leder": "Robert Bààr",
    "Mnd": 11,
    "Navn": "Jeg Etternavn",
    "Organisasjon": "Trondheim Tech 1",
    "Postnr": 5555,
    "Startdato": "~t2014-11-01T00:00:00Z",
    "Stillingsprosent": "100.0%",
    "Timelønn": null,
    "Vismabruker-opprettet": "NO",
    "_id": "1528",
    "År": 2014,
    "Årslønn": null
  },
  {
    "Adresse": "En hjemmelig adresse",
    "Ansatt-ID": 1847,
    "Ansettelsestype": "Fast ansatt",
    "Arbeidssted": "Oslo",
    "By": "LILLESTRØM",
    "Folk-signert-kontrakt": "Ja",
    "Kontonummer": "7777.77.77777",
    "Land": "Norge",
    "Leder": "Thomas Wilhelmsen",
    "Mnd": 2,
    "Navn": "Ehm Noe",
    "Organisasjon": "SAP Tech og forvaltning",
    "Postnr": 101,
    "Region": "xKommunikasjon",
    "Startdato": "~t2017-02-01T00:00:00Z",
    "Stillingsprosent": "100.0%",
    "Timelønn": null,
    "Vismabruker-opprettet": "NO",
    "_id": "1847",
    "År": 2017,
    "Årslønn": 2
  },
  {
    "Adresse": "16 Heathgate",
    "Ansatt-ID": 1872,
    "Ansettelsestype": "Fast ansatt",
    "Arbeidssted": "Bergen",
    "By": "Hampstead Garden Suburb, London",
    "Folk-signert-kontrakt": "Ja",
    "Kontonummer": "54654.5.54654",
    "Land": "England",
    "Leder": "Øyvind Litlere",
    "Mnd": 2,
    "Navn": "Hermione Granger",
    "Organisasjon": "Ulriken",
    "Postnr": 0,
    "Region": "600 Sør",
    "Startdato": "~t2017-02-01T00:00:00Z",
    "Stillingsprosent": "100.0%",
    "Timelønn": null,
    "Vismabruker-opprettet": "NO",
    "_id": "1872",
    "År": 2017,
    "Årslønn": 6
  },
  {
    "Adresse": "DenVilDuNokVite 1",
    "Ansatt-ID": 1938,
    "Ansettelsestype": "Fast ansatt",
    "Arbeidssted": "Oslo",
    "By": "OSLO",
    "Folk-signert-kontrakt": "Ja",
    "Kontonummer": "2223.66.16251",
    "Land": "Norge",
    "Leder": "Espen Ottar",
    "Mnd": 8,
    "Navn": "Lite Ambisjon",
    "Organisasjon": "Øst Webapps 2",
    "Postnr": 1111,
    "Region": "xKommunikasjon",
    "Startdato": "~t2017-08-01T00:00:00Z",
    "Stillingsprosent": "100.0%",
    "Timelønn": null,
    "Vismabruker-opprettet": "NO",
    "_id": "1938",
    "År": 2017,
    "Årslønn": 5
  },
  {
    "Adresse": "Min hjemmegate",
    "Ansatt-ID": 2015,
    "Ansettelsestype": "Fast ansatt",
    "Arbeidssted": "Trondheim",
    "By": "TRONDHEIM",
    "Folk-signert-kontrakt": "Ja",
    "Kontonummer": "123.123.123",
    "Land": "Norge",
    "Leder": "Robert Bààr",
    "Mnd": 8,
    "Navn": "Meg Finnepå",
    "Organisasjon": "Trondheim Tech 1",
    "Postnr": 6666,
    "Startdato": "~t2017-08-01T00:00:00Z",
    "Stillingsprosent": "100.0%",
    "Timelønn": null,
    "Vismabruker-opprettet": "NO",
    "_id": "2015",
    "År": 2017,
    "Årslønn": null
  },
  {
    "Adresse": "Hjemmeveien 64",
    "Ansatt-ID": 2156,
    "Ansettelsestype": "Fast ansatt",
    "Arbeidssted": "Stavanger",
    "By": "STAVANGER",
    "Folk-signert-kontrakt": "Ja",
    "Kontonummer": "2222.22.2222",
    "Land": "Norge",
    "Leder": "Steffen Myklebust",
    "Mnd": 11,
    "Navn": "Fornavn Testetternavn",
    "Organisasjon": "Rogaland Syndicate",
    "Postnr": 2222,
    "Region": "xForretningsrådgivning",
    "Startdato": "~t2019-11-01T00:00:00Z",
    "Stillingsprosent": "80.0%",
    "Timelønn": null,
    "Vismabruker-opprettet": "NO",
    "_id": "2156",
    "År": 2019,
    "Årslønn": null
  },
  {
    "Adresse": "Hjemmeligveien 1",
    "Ansatt-ID": 2276,
    "Ansettelsestype": "Fast ansatt",
    "Arbeidssted": "Oslo",
    "By": "OSLO",
    "Folk-signert-kontrakt": "Ja",
    "Kontonummer": "333.33.33333",
    "Land": "Norge",
    "Leder": "Lars Harald Øverbø",
    "Mnd": 8,
    "Navn": "Test Testsson",
    "Organisasjon": "Øst Microsoft 2",
    "Postnr": 0,
    "Region": "xKommunikasjon",
    "Startdato": "~t2018-08-01T00:00:00Z",
    "Stillingsprosent": "100.0%",
    "Timelønn": null,
    "Vismabruker-opprettet": "NO",
    "_id": "2276",
    "År": 2018,
    "Årslønn": 1
  },
  {
    "Adresse": "JegLikerIkkeNaboeneMine1",
    "Ansatt-ID": 2288,
    "Ansettelsestype": "Fast ansatt",
    "Arbeidssted": "Trondheim",
    "By": "Nabobyen",
    "Folk-signert-kontrakt": "Ja",
    "Kontonummer": "44.44.444894",
    "Land": "Norge",
    "Leder": "Gudrun Marie Tvedt Svinsås",
    "Mnd": 9,
    "Navn": "Min Nabo",
    "Organisasjon": "Trondheim Rådgivning\u0026Prosjektledelse",
    "Postnr": 1212,
    "Startdato": "~t2018-09-01T00:00:00Z",
    "Stillingsprosent": "100.0%",
    "Timelønn": null,
    "Vismabruker-opprettet": "NO",
    "_id": "2288",
    "År": 2018,
    "Årslønn": 4
  },
  {
    "Adresse": "4 Privet Drive",
    "Ansatt-ID": 2978,
    "Ansettelsestype": "Fast ansatt",
    "Arbeidssted": "Stavanger",
    "By": "Little Whinging, Surrey",
    "Folk-signert-kontrakt": "Ja",
    "Kontonummer": "352413512",
    "Land": null,
    "Leder": "Finn Arild Johannessen",
    "Mnd": 6,
    "Navn": "Harry Potter",
    "Organisasjon": "Rogaland Formel 1",
    "Postnr": 0,
    "Region": "xForretningsrådgivning",
    "Startdato": "~t2019-06-10T00:00:00Z",
    "Stillingsprosent": "100.0%",
    "Timelønn": null,
    "Vismabruker-opprettet": "NO",
    "_id": "2978",
    "År": 2019,
    "Årslønn": 6
  },
  {
    "Adresse": "test adresse",
    "Ansatt-ID": 391,
    "Ansettelsestype": "Fast ansatt",
    "Arbeidssted": "Test location",
    "By": "test by",
    "Folk-signert-kontrakt": "Ja",
    "Kontonummer": "test konto",
    "Land": "test land",
    "Leder": "test leder",
    "Mnd": 8,
    "Navn": "bruker brukersen",
    "Organisasjon": "Øst Design 1",
    "Postnr": null,
    "Startdato": "~t2017-08-01T00:00:00Z",
    "Stillingsprosent": "100.0%",
    "Timelønn": "test timelønn",
    "Vismabruker-opprettet": "NO",
    "_id": "391",
    "År": 2017,
    "Årslønn": null
  }
]
