[
  {
    "_id": "175cd5ca-5bc4-4318-91b7-c8677fc7ab53",
    "content_type": "text/html",
    "data": "Creator: user:bouvet:eszter.horvati-bouvet.no\n\u003cp\u003eI forbindelse med at Bouvet deltar p\u0026aring; Holmenkollstafetten 5. mai og R\u0026aring;skinnet 12. mai st\u0026oslash;tter vi som bedrift Kreftforeningen med 10.000,-!\u003c/p\u003e\n\u003cp\u003eVi kjenner alle noen som direkte eller indirekte er rammet av kreft. Sammen kan vi gj\u0026oslash;re en enda st\u0026oslash;rre forskjell. Vil du hjelpe oss og Kreftforeningen, s\u0026aring; st\u0026oslash;tt gjerne v\u0026aring;r kampanje med et valgfritt bel\u0026oslash;p p\u0026aring; \u003ca href=\"https://innsamling.kreftforeningen.no/8594\" target=\"_blank\" title=\"Bli med Bouvet \u0026aring; st\u0026oslash;tte Kreftforeningen\" rel=\"noopener noreferrer\"\u003ekampanjesiden\u003c/a\u003e.\u003cbr /\u003eLa oss sammen gi alt vi kan i l\u0026oslash;pene og for Kreftforeningen.\u003c/p\u003e",
    "filename": "175cd5ca-5bc4-4318-91b7-c8677fc7ab53.txt"
  },
  {
    "_id": "de7a371e-099a-4ad4-b1ca-d9146c946055",
    "content_type": "text/html",
    "data": "Creator: user:bouvet:renee.hamsund-bouvet.no\n\u003cfigure class=\"justify\"\u003e\u003cimg src=\"image://6e87b6a4-be2c-4432-b5ba-cd67bb046ce4\" alt=\"KodeklubbenBouvet\" style=\"text-align: justify; width: 100%;\" /\u003e\n\u003cfigcaption style=\"text-align: left;\"\u003e\u003c/figcaption\u003e\n\u003c/figure\u003e\n\u003cp\u003e\u003cstrong\u003eTid:\u003c/strong\u003e\u0026nbsp;S\u0026oslash;ndag 29. april klokka 14 \u0026ndash;17\u003c/p\u003e\n\u003cp\u003e\u003cstrong\u003eSted:\u003c/strong\u003e\u0026nbsp;Bouvethuset\u003c/p\u003e\n\u003cp\u003eVi serverer p\u0026oslash;lser, frukt og noe \u0026aring; drikke underveis.\u003c/p\u003e\n\u003cp\u003eVi ser for oss at vi skal tilbyr oppgaver i Scratch for barn i alderen 6-14 \u0026aring;r og vil oppfordre b\u0026aring;de gutter og jenter til \u0026aring; bli med. Barna m\u0026aring; kunne stille med egen PC, men om det skulle v\u0026aelig;re et problem, gi beskjed s\u0026aring; ser vi hva vi f\u0026aring;r til.\u003c/p\u003e\n\u003cp\u003eMed p\u0026aring; laget har vi kollega Nora Tessem, som har bidratt til b\u0026aring;de L\u0026aelig;r kidsa koding og organisering av Kodeklubben Oslo i 3 \u0026aring;r. Til daglig jobber hun med back-end i Tech 1, men om kvelden l\u0026aelig;rer hun bort blokkprogrammering i Scratch til barn p\u0026aring; en datalab p\u0026aring; Institutt for informatikk. I forkant av kodekvelden vil hun vil holde en workshop i Scratch for alle som er nysgjerrig p\u0026aring; hvordan man l\u0026aelig;rer bort programmering, og gi et slags kr\u0026aelig;sjkurs i hva som skal til for \u0026aring; f\u0026aring; det til.\u003c/p\u003e\n\u003cp\u003e\u003cstrong\u003eStikkord:\u003c/strong\u003e Pedagogikk, soft skills og debugging.\u003c/p\u003e\n\u003cp\u003eBli med som veileder!\u0026nbsp;Akkurat hvilke oppgaver og hvor mange barn vi kan ta imot, avhenger av antall veiledere og her er vi avhengig av at dere har lyst til \u0026aring; stille opp. Kanskje har du en id\u0026eacute; om et annet opplegg du har lyst til \u0026aring; bidra med?\u0026nbsp;Gi oss tilbakemelding p\u0026aring; hva du evt. \u0026oslash;nsker \u0026aring; gj\u0026oslash;re, hvilken aldersgruppe det passer for og hvor stor gruppe det kan passe for.\u003c/p\u003e\n\u003cp\u003eVi ser for oss at b\u0026aring;de workshopen i forkant og selve kodeklubben kan bli en sosial samlingsstund for b\u0026aring;de voksne og barn. Det er ingen krav til at du skal ha barn for \u0026aring; delta \u0026ndash; alle er hjertelig velkomne som veiledere. Kan du ikke kode, men har lyst til \u0026aring; bidra allikevel? Kom igjen og bli med! ðŸ˜Š\u003c/p\u003e\n\u003cp\u003eHar du en id\u0026eacute; til et morsomt prosjekt man kunne gjort, men har ikke tid n\u0026aring;? Gi beskjed, s\u0026aring; kanskje vi f\u0026aring;r det til en annen gang. Dette kan v\u0026aelig;re begynnelsen p\u0026aring; en ny tradisjon!\u003c/p\u003e\n\u003cp\u003e\u003cstrong\u003eP\u0026aring;melding:\u003c/strong\u003e https://goo.gl/forms/JgIu27xWtc56qsjG2\u003c/p\u003e\n\u003cp\u003e\u003cstrong\u003eP\u0026aring;meldingsfrist:\u003c/strong\u003e Innen 16. april\u003c/p\u003e\n\u003cp\u003eArrangementet er for barn, barnebarn, nev\u0026oslash;er og nieser til de ansatte. Venner av barna m\u0026aring; vi nok henvise til de vanlige kodeklubbene denne kvelden.\u003c/p\u003e\n\u003cp\u003eAntall barn vi kan ta i mot avhenger av hvor mange veiledere vi f\u0026aring;r. Forel\u0026oslash;big er det f\u0026oslash;rste mann til m\u0026oslash;lla!\u003c/p\u003e\n\u003cp\u003e\u003cstrong\u003eWorkshop for veiledere:\u003c/strong\u003e Tirsdag 10. april 16 \u0026ndash; 18. P\u0026aring;melding kommer p\u0026aring; event.bouvet.no\u003c/p\u003e\n\u003cp\u003eFor sp\u0026oslash;rsm\u0026aring;l om det praktiske: Kontakt \u003ca href=\"slack://user?team=T024XURJ2\u0026amp;id=U64MK3UJV\" target=\"_blank\" rel=\"noopener noreferrer\"\u003eEkaterina Yurchenko\u003c/a\u003e eller \u003ca href=\"slack://user?team=T024XURJ2\u0026amp;id=U04RNVBB3\" target=\"_blank\" rel=\"noopener noreferrer\"\u003eRen\u0026eacute;e Hamsund\u003c/a\u003e\u003c/p\u003e\n\u003cp\u003eOm du har sp\u0026oslash;rsm\u0026aring;l om undervisningsopplegget, eller vil melde deg som veileder: Kontakt \u003ca href=\"slack://user?team=T024XURJ2\u0026amp;id=U8MTNHZRC\" target=\"_blank\" rel=\"noopener noreferrer\"\u003eNora Aamb\u0026oslash; Tessem\u003c/a\u003e\u003c/p\u003e\n\u003cp\u003eVi har ogs\u0026aring; en egen kanal (#kodeklubben) p\u0026aring; Slack for arbeidet med dette og tar gjerne imot forslag og innspill der.\u003c/p\u003e",
    "filename": "de7a371e-099a-4ad4-b1ca-d9146c946055.txt"
  }
]
