[
  {
    "_id": "16393f93-b899-444e-9433-361b4c0c002b",
    "id": "16393f93-b899-444e-9433-361b4c0c002b",
    "name": "Ola Norrman"
  },
  {
    "_id": "1bd11ea2-90e2-4a05-af03-f2764b8f6356",
    "id": "1bd11ea2-90e2-4a05-af03-f2764b8f6356",
    "name": "Lynvingen"
  },
  {
    "_id": "6895fa0d-60d4-4ebb-9d13-eaa6487ba760",
    "id": "6895fa0d-60d4-4ebb-9d13-eaa6487ba760",
    "name": "Max Manus"
  },
  {
    "_id": "a332a54d-f0fd-4792-93fc-7f9a19530716",
    "id": "a332a54d-f0fd-4792-93fc-7f9a19530716",
    "name": "Sven Svensson"
  }
]
