[
  {
    "Created": "~t2018-11-09T12:22:09Z",
    "CreatedBy": 8,
    "DepNo": 800,
    "InActiveYesNo": 0,
    "LastUpdate": "~t2018-11-09T12:22:24Z",
    "LastUpdatedBy": 8,
    "MDM_Deleted": 0,
    "MDM_ExternalId": "F2094529-4DD0-4aa0-9383-2449C4968810",
    "MDM_PublicId": "F2094529-4DD0-4aa0-9383-2449C4968810",
    "MDM_SyncVersion": 1,
    "MDM_Version": 1,
    "Name": "Haugen",
    "ProductNo": 10803,
    "RespEmployeeNo": 0,
    "StartTime": "~t2000-01-01T00:00:00Z",
    "StopTime": "~t2069-12-31T00:00:00Z",
    "TransferNewYearYesNo": 0,
    "_id": "10803",
    "type": "~:visma-product"
  },
  {
    "Created": "~t2018-02-21T13:43:13Z",
    "CreatedBy": 1035,
    "DepNo": 752,
    "InActiveYesNo": 0,
    "LastUpdate": "~t2018-11-05T14:57:26Z",
    "LastUpdatedBy": 2,
    "MDM_Deleted": 0,
    "MDM_ExternalId": "D5F46687-3790-405F-8DB8-428CBB6736DC",
    "MDM_PublicId": "D5F46687-3790-405F-8DB8-428CBB6736DC",
    "MDM_SyncVersion": 2,
    "MDM_Version": 2,
    "Name": "Lynet McGordon",
    "ProductNo": 2107,
    "RespEmployeeNo": 0,
    "StartTime": "~t2017-01-01T00:00:00Z",
    "StopTime": "~t2069-12-31T00:00:00Z",
    "TransferNewYearYesNo": 0,
    "_id": "2107",
    "type": "~:visma-product"
  },
  {
    "Created": "~t2011-03-11T16:47:38Z",
    "CreatedBy": 1,
    "DepNo": 516,
    "InActiveYesNo": 1,
    "LastUpdate": "~t2018-11-07T15:17:56Z",
    "LastUpdatedBy": 1035,
    "MDM_Deleted": 0,
    "MDM_ExternalId": "764DEB7C-D0D7-44E6-94E8-B6D494394EF8",
    "MDM_PublicId": "764DEB7C-D0D7-44E6-94E8-B6D494394EF8",
    "MDM_SyncVersion": 4,
    "MDM_Version": 4,
    "Name": "Spider Man",
    "ProductNo": 620,
    "RespEmployeeNo": 0,
    "StartTime": "~t2011-01-01T00:00:00Z",
    "StopTime": "~t2029-12-31T00:00:00Z",
    "TransferNewYearYesNo": 0,
    "_id": "620",
    "type": "~:visma-product"
  },
  {
    "Created": "~t2011-08-01T10:28:46Z",
    "CreatedBy": 8,
    "DepNo": 700,
    "InActiveYesNo": 0,
    "LastUpdate": "~t2018-11-05T10:55:53Z",
    "LastUpdatedBy": 1061,
    "MDM_Deleted": 0,
    "MDM_ExternalId": "8B54329C-38B8-43F4-A919-9A21E883A122",
    "MDM_PublicId": "8B54329C-38B8-43F4-A919-9A21E883A122",
    "MDM_SyncVersion": 3,
    "MDM_Version": 3,
    "Name": "Kristiansund",
    "ProductNo": 8030,
    "RespEmployeeNo": 0,
    "StartTime": "~t2000-01-01T00:00:00Z",
    "StopTime": "~t2069-12-31T00:00:00Z",
    "TransferNewYearYesNo": 0,
    "_id": "8030",
    "type": "~:visma-product"
  },
  {
    "Created": "~t2011-03-11T16:47:40Z",
    "CreatedBy": 1,
    "DepNo": 990,
    "InActiveYesNo": 1,
    "LastUpdate": "~t2014-06-02T14:34:05Z",
    "LastUpdatedBy": 5,
    "MDM_Deleted": 0,
    "MDM_ExternalId": "04E055AF-0AA7-40B4-B57C-1ABF445D44C2",
    "MDM_PublicId": "04E055AF-0AA7-40B4-B57C-1ABF445D44C2",
    "MDM_SyncVersion": 1,
    "MDM_Version": 1,
    "Name": "Nye Greier",
    "ProductNo": 9213,
    "RespEmployeeNo": 0,
    "StartTime": "~t2007-06-01T00:00:00Z",
    "StopTime": "~t2010-12-31T00:00:00Z",
    "TransferNewYearYesNo": 0,
    "_id": "9213",
    "type": "~:visma-product"
  },
  {
    "Created": "~t2011-03-11T16:47:43Z",
    "CreatedBy": 1,
    "DepNo": 990,
    "InActiveYesNo": 1,
    "LastUpdate": "~t2014-06-02T14:34:05Z",
    "LastUpdatedBy": 5,
    "MDM_Deleted": 0,
    "MDM_ExternalId": "54D2D843-0497-4D25-B061-5C97771D9196",
    "MDM_PublicId": "54D2D843-0497-4D25-B061-5C97771D9196",
    "MDM_SyncVersion": 1,
    "MDM_Version": 1,
    "Name": "Xanders test",
    "ProductNo": 9405,
    "RespEmployeeNo": 0,
    "StartTime": "~t2010-06-07T00:00:00Z",
    "StopTime": "~t2010-12-31T00:00:00Z",
    "TransferNewYearYesNo": 0,
    "_id": "9405",
    "type": "~:visma-product"
  },
  {
    "Created": "~t2011-03-11T16:47:43Z",
    "CreatedBy": 1,
    "DepNo": 801,
    "InActiveYesNo": 1,
    "LastUpdate": "~t2014-06-02T14:34:05Z",
    "LastUpdatedBy": 5,
    "MDM_Deleted": 0,
    "MDM_ExternalId": "395E7D7A-E5D0-4D11-A013-F1F3141E9245",
    "MDM_PublicId": "395E7D7A-E5D0-4D11-A013-F1F3141E9245",
    "MDM_SyncVersion": 1,
    "MDM_Version": 1,
    "Name": "Nytr produkt",
    "ProductNo": 9407,
    "RespEmployeeNo": 0,
    "StartTime": "~t2010-06-08T00:00:00Z",
    "StopTime": "~t2012-12-31T00:00:00Z",
    "TransferNewYearYesNo": 0,
    "_id": "9407",
    "type": "~:visma-product"
  },
  {
    "Created": "~t2011-03-11T16:47:43Z",
    "CreatedBy": 1,
    "DepNo": 990,
    "InActiveYesNo": 1,
    "LastUpdate": "~t2014-06-02T14:34:06Z",
    "LastUpdatedBy": 5,
    "MDM_Deleted": 0,
    "MDM_ExternalId": "3CCF67FF-C653-4151-A8FD-8DFA565CD4D8",
    "MDM_PublicId": "3CCF67FF-C653-4151-A8FD-8DFA565CD4D8",
    "MDM_SyncVersion": 1,
    "MDM_Version": 1,
    "Name": "HDTV",
    "ProductNo": 9413,
    "RespEmployeeNo": 0,
    "StartTime": "~t2010-05-01T00:00:00Z",
    "StopTime": "~t2010-12-31T00:00:00Z",
    "TransferNewYearYesNo": 0,
    "_id": "9413",
    "type": "~:visma-product"
  },
  {
    "Created": "~t2011-03-11T16:47:43Z",
    "CreatedBy": 1,
    "DepNo": 990,
    "InActiveYesNo": 1,
    "LastUpdate": "~t2014-06-02T14:34:06Z",
    "LastUpdatedBy": 5,
    "MDM_Deleted": 0,
    "MDM_ExternalId": "A8FF7C35-0979-4BD5-8026-FAC685B49105",
    "MDM_PublicId": "A8FF7C35-0979-4BD5-8026-FAC685B49105",
    "MDM_SyncVersion": 1,
    "MDM_Version": 1,
    "Name": "Jarras",
    "ProductNo": 9435,
    "RespEmployeeNo": 0,
    "StartTime": "~t2010-09-13T00:00:00Z",
    "StopTime": "~t2010-12-31T00:00:00Z",
    "TransferNewYearYesNo": 0,
    "_id": "9435",
    "type": "~:visma-product"
  },
  {
    "Created": "~t2011-03-11T16:47:43Z",
    "CreatedBy": 1,
    "DepNo": 350,
    "InActiveYesNo": 1,
    "LastUpdate": "~t2014-06-02T14:34:06Z",
    "LastUpdatedBy": 5,
    "MDM_Deleted": 0,
    "MDM_ExternalId": "4DF5D07E-E1F1-463B-AE29-0DADE84F1FFA",
    "MDM_PublicId": "4DF5D07E-E1F1-463B-AE29-0DADE84F1FFA",
    "MDM_SyncVersion": 1,
    "MDM_Version": 1,
    "Name": "Aqua Man Project",
    "ProductNo": 9437,
    "RespEmployeeNo": 0,
    "StartTime": "~t2010-09-16T00:00:00Z",
    "StopTime": "~t2012-12-31T00:00:00Z",
    "TransferNewYearYesNo": 0,
    "_id": "9437",
    "type": "~:visma-product"
  }
]
