[
  {
    "AccessLevel": 0,
    "AccountingRuleNo": 0,
    "Address1": "En gate 45",
    "AnnualSales": 33675000,
    "AttestationResponsible": 0,
    "AutoGiroSupplier": 0,
    "AvgArticlesDelivered1stRec": 0,
    "AvgDaysDelayedDelivery": 0,
    "BankAccount": "45786547854",
    "BankConNo": 0,
    "BuContactNo": 0,
    "BusinessNo": 0,
    "ChainLeaderYesNo": 0,
    "ChainNo": 0,
    "ChartererCompanyNo": 0,
    "CompanyNo": "963451641",
    "ContactNo": 0,
    "CostTrackingProfileNo": 0,
    "CountryNo": 0,
    "Created": "~t2011-03-11T16:45:38Z",
    "CreatedBy": 1,
    "CreditLimit": "~f99999999.99",
    "CurrencyAccount": 0,
    "CurrencyNo": 0,
    "CustomerNo": 0,
    "DateLastFinancialStatement": "~t2018-12-31T00:00:00Z",
    "DateUpdatedFinancialData": "~t2015-08-03T00:00:00Z",
    "DeliveryMethodsNo": 0,
    "DepNo": 0,
    "DiscountGrpSupplNo": 0,
    "DistrictNo": 0,
    "EbusinessType": 0,
    "EdiTestYesNo": 0,
    "EmailAddress": "mail@mail.no",
    "EmployeeNo": 0,
    "EuroFicka": 0,
    "ExtraCostUnitIIINo": 0,
    "ExtraCostUnitIINo": 0,
    "ExtraCostUnitINo": 0,
    "ExtraCostUnitIVNo": 0,
    "FinancialDataUpdatedInBizWeb": 0,
    "FloatGroupNo": 0,
    "ForeignPaymentYesNo": 0,
    "FormProfileSuppNo": 0,
    "GLAccPay": 2400,
    "InActiveYesNo": 0,
    "IsEmployedWithoutFixedAddress": 0,
    "IsIntellectualProperty": 0,
    "KIDSupplier": 0,
    "LanguageNo": 0,
    "LastMovementDate": "~t2008-04-07T00:00:00Z",
    "LastUpdate": "~t2020-06-05T11:36:49Z",
    "LastUpdatedBy": 2014,
    "LastUpdatedInBizWeb": "~t2018-02-17T00:00:00Z",
    "LastUploadDataStorage": "~t1970-01-01T00:00:00Z",
    "LastupdatedFromBizWeb": "~t2020-06-05T11:36:23Z",
    "LocalGovernmentNo": 219,
    "LockedYesNo": 0,
    "MDM_Deleted": 0,
    "MDM_ExternalId": "6290EC4A-ABB6-434E-9C36-61B90B6E9697",
    "MDM_PublicId": "6290EC4A-ABB6-434E-9C36-61B90B6E9697",
    "MDM_SyncVersion": 4,
    "MDM_Version": 4,
    "MaindataUpdatedInBizWeb": 0,
    "MergeToSupplierNo": 0,
    "Name": "Firmanavn",
    "NoOfEmployees": 6,
    "NoOfOrderInRest1stRec": 0,
    "NoOfReceivedPrOrder": 0,
    "OrderConfirmationTime": 0,
    "PLAttResponsible": 0,
    "PLFloatGroupNo": 0,
    "PaymentMethod": 0,
    "PostCode": "1364",
    "PostOffice": "Fornebu",
    "PrefGLAccountNo": 0,
    "PrintProfileNo": 0,
    "ProductNo": 0,
    "ProjectNo": 0,
    "RegistrationDate": "~t2011-03-11T00:00:00Z",
    "RemainderHandling": 0,
    "RemainderOrderYesNo": 0,
    "ReminderProfileNo": 0,
    "RemittanceProfileNo": 1,
    "Result": 2211000,
    "RiksBankKod": 0,
    "SeqNo": 0,
    "SortName": "Firmanavn",
    "SupplierClassification": 0,
    "SupplierEdiProfileNo": 0,
    "SupplierGrpNo": 0,
    "SupplierNo": 50426,
    "SupplierProfileNo": 1,
    "SupplierTypeNo": 0,
    "SwiftCodeNo": 0,
    "Telefax": "67827231",
    "Telephone": "67106565",
    "TermsOfDeliveryNo": 0,
    "TermsOfPaySupplNo": 1,
    "TransType": 0,
    "TypeOfChain": 0,
    "UtilityBits": "~bAAAAAAAA",
    "WWWAddress": "www.website.no",
    "WareHouseNo": 0,
    "_id": "50426",
    "type": "~:visma-supplier"
  },
  {
    "AccessLevel": 0,
    "AccountingRuleNo": 0,
    "Address1": "PB 17 Oslo",
    "AnnualSales": 0,
    "AttestationResponsible": 0,
    "AutoGiroSupplier": 0,
    "AvgArticlesDelivered1stRec": 0,
    "AvgDaysDelayedDelivery": 0,
    "BankAccount": "56462138754",
    "BankConNo": 0,
    "BuContactNo": 0,
    "BusinessNo": 0,
    "ChainLeaderYesNo": 0,
    "ChainNo": 0,
    "ChartererCompanyNo": 0,
    "CompanyNo": "914782945",
    "ContactNo": 0,
    "CostTrackingProfileNo": 0,
    "CountryNo": 0,
    "Created": "~t2020-06-03T09:06:01Z",
    "CreatedBy": 10,
    "CreditLimit": 0,
    "CurrencyAccount": 0,
    "CurrencyNo": 0,
    "CustomerNo": 0,
    "DateLastFinancialStatement": "~t1970-01-01T00:00:00Z",
    "DateUpdatedFinancialData": "~t1970-01-01T00:00:00Z",
    "DeliveryMethodsNo": 0,
    "DepNo": 0,
    "DiscountGrpSupplNo": 0,
    "DistrictNo": 0,
    "EbusinessType": 0,
    "EdiTestYesNo": 0,
    "EmployeeNo": 0,
    "EuroFicka": 0,
    "ExtraCostUnitIIINo": 0,
    "ExtraCostUnitIINo": 0,
    "ExtraCostUnitINo": 0,
    "ExtraCostUnitIVNo": 0,
    "FinancialDataUpdatedInBizWeb": 0,
    "FloatGroupNo": 0,
    "ForeignPaymentYesNo": 0,
    "FormProfileSuppNo": 0,
    "GLAccPay": 2400,
    "InActiveYesNo": 0,
    "IsEmployedWithoutFixedAddress": 0,
    "IsIntellectualProperty": 0,
    "KIDSupplier": 0,
    "LanguageNo": 0,
    "LastMovementDate": "~t1970-01-01T00:00:00Z",
    "LastUpdate": "~t2020-06-03T10:13:01Z",
    "LastUpdatedBy": 10,
    "LastUpdatedInBizWeb": "~t1970-01-01T00:00:00Z",
    "LastUploadDataStorage": "~t1970-01-01T00:00:00Z",
    "LastupdatedFromBizWeb": "~t1970-01-01T00:00:00Z",
    "LocalGovernmentNo": 301,
    "LockedYesNo": 0,
    "MDM_Deleted": 0,
    "MDM_ExternalId": "1C54D3CA-9DE9-432c-BF3A-A7FD138539C7",
    "MDM_PublicId": "1C54D3CA-9DE9-432c-BF3A-A7FD138539C7",
    "MDM_SyncVersion": 2,
    "MDM_Version": 2,
    "MaindataUpdatedInBizWeb": 0,
    "MergeToSupplierNo": 0,
    "Name": "Company AS",
    "NoOfEmployees": 0,
    "NoOfOrderInRest1stRec": 0,
    "NoOfReceivedPrOrder": 0,
    "OrderConfirmationTime": 0,
    "PLAttResponsible": 0,
    "PLFloatGroupNo": 0,
    "PaymentMethod": 0,
    "PostCode": "0413",
    "PostOffice": "OSLO",
    "PrefGLAccountNo": 0,
    "PrintProfileNo": 0,
    "ProductNo": 0,
    "ProjectNo": 0,
    "RegistrationDate": "~t2020-06-03T00:00:00Z",
    "RemainderHandling": 0,
    "RemainderOrderYesNo": 0,
    "ReminderProfileNo": 0,
    "RemittanceProfileNo": 1,
    "Result": 0,
    "RiksBankKod": 0,
    "SeqNo": 0,
    "SortName": "Company AS",
    "SupplierClassification": 0,
    "SupplierEdiProfileNo": 0,
    "SupplierGrpNo": 0,
    "SupplierNo": 56116,
    "SupplierProfileNo": 1,
    "SupplierTypeNo": 0,
    "SwiftCodeNo": 0,
    "TermsOfDeliveryNo": 0,
    "TermsOfPaySupplNo": 0,
    "TransType": 0,
    "TypeOfChain": 0,
    "UtilityBits": "~bAAAAAAAA",
    "WareHouseNo": 0,
    "_id": "56116",
    "type": "~:visma-supplier"
  }
]
