[
  {
    "Aarsloenn_heltid": "test lønn",
    "Ansatt_ID": "0001",
    "Ansettelsetype": "Fast ansatt",
    "Bruttoloennsreduksjon": null,
    "Datobakgrunnssjekk": "21.03.2019",
    "Faktiskloenn": null,
    "Forespoerselomsikkerhetsklareringsendt": "test forespørsel sendt",
    "GrunnlagDersomMidlertidigKontrakt": "Sommerjobb",
    "Grunnloenn_beloep": null,
    "Grunnloenn_valuta": null,
    "Klareringsnivaasikkerhetsklarering": "test klareringsnivå, test2 klareringsnivå",
    "Loennstype": null,
    "Navn": "Max Manus",
    "Organisasjon": "test avdeling",
    "Saerskilte_vilkaar": "test særskilte vilkår",
    "Selskap": "Bouvet Norge AS",
    "Sikkerhetsklarering_Svarmottatt": "test svar mottat",
    "Sluttaarsak": "test sluttårsak",
    "Statussikkerhetsklarering": "test status",
    "Stillingsprosent": "100.0%",
    "Timeloenn": "test timelønn",
    "Utloepsdatosikkerhetsklarering": "test utløpsdato sikkerhetsklarering",
    "_id": "0001"
  },
  {
    "Aarsloenn_heltid": "test lønn",
    "Ansatt_ID": "0002",
    "Ansettelsetype": "Fast ansatt",
    "Bruttoloennsreduksjon": null,
    "Datobakgrunnssjekk": "21.03.2019",
    "Faktiskloenn": null,
    "Forespoerselomsikkerhetsklareringsendt": "test forespørsel sendt",
    "GrunnlagDersomMidlertidigKontrakt": "Sommerjobb",
    "Grunnloenn_beloep": null,
    "Grunnloenn_valuta": null,
    "Klareringsnivaasikkerhetsklarering": "test klareringsnivå, test2 klareringsnivå",
    "Loennstype": null,
    "Navn": "Ola Norrman",
    "Organisasjon": "Alle Sesam",
    "Saerskilte_vilkaar": "test særskilte vilkår",
    "Selskap": "Bouvet Norge AS",
    "Sikkerhetsklarering_Svarmottatt": "test svar mottat",
    "Sluttaarsak": "test sluttårsak",
    "Statussikkerhetsklarering": "test status",
    "Stillingsprosent": "100.0%",
    "Timeloenn": "test timelønn",
    "Utloepsdatosikkerhetsklarering": "test utløpsdato sikkerhetsklarering",
    "_id": "0002"
  },
  {
    "Aarsloenn_heltid": "test lønn",
    "Ansatt_ID": "0003",
    "Ansettelsetype": "Fast ansatt",
    "Bruttoloennsreduksjon": null,
    "Datobakgrunnssjekk": "21.03.2019",
    "Faktiskloenn": null,
    "Forespoerselomsikkerhetsklareringsendt": "test forespørsel sendt",
    "GrunnlagDersomMidlertidigKontrakt": "Sommerjobb",
    "Grunnloenn_beloep": null,
    "Grunnloenn_valuta": null,
    "Klareringsnivaasikkerhetsklarering": "test klareringsnivå, test2 klareringsnivå",
    "Loennstype": null,
    "Navn": "Sven Svensson",
    "Organisasjon": "Alle Sesam",
    "Saerskilte_vilkaar": "test særskilte vilkår",
    "Selskap": "Bouvet Norge AS",
    "Sikkerhetsklarering_Svarmottatt": "test svar mottat",
    "Sluttaarsak": "test sluttårsak",
    "Statussikkerhetsklarering": "test status",
    "Stillingsprosent": "100.0%",
    "Timeloenn": "test timelønn",
    "Utloepsdatosikkerhetsklarering": "test utløpsdato sikkerhetsklarering",
    "_id": "0003"
  },
  {
    "Aarsloenn_heltid": "test lønn",
    "Ansatt_ID": "0004",
    "Ansettelsetype": "Fast ansatt",
    "Bruttoloennsreduksjon": null,
    "Datobakgrunnssjekk": "21.03.2019",
    "Faktiskloenn": null,
    "Forespoerselomsikkerhetsklareringsendt": "test forespørsel sendt",
    "GrunnlagDersomMidlertidigKontrakt": "Sommerjobb",
    "Grunnloenn_beloep": null,
    "Grunnloenn_valuta": null,
    "Klareringsnivaasikkerhetsklarering": "test klareringsnivå, test2 klareringsnivå",
    "Loennstype": null,
    "Navn": "Test Tester",
    "Organisasjon": "Rundemannen",
    "Saerskilte_vilkaar": "test særskilte vilkår",
    "Selskap": "Bouvet Norge AS",
    "Sikkerhetsklarering_Svarmottatt": "test svar mottat",
    "Sluttaarsak": "test sluttårsak",
    "Statussikkerhetsklarering": "test status",
    "Stillingsprosent": "100.0%",
    "Timeloenn": "test timelønn",
    "Utloepsdatosikkerhetsklarering": "test utløpsdato sikkerhetsklarering",
    "_id": "0004"
  },
  {
    "Aarsloenn_heltid": "test lønn",
    "Ansatt_ID": "0006",
    "Ansettelsetype": "Fast ansatt",
    "Bruttoloennsreduksjon": null,
    "Datobakgrunnssjekk": "21.03.2019",
    "Faktiskloenn": null,
    "Forespoerselomsikkerhetsklareringsendt": "test forespørsel sendt",
    "GrunnlagDersomMidlertidigKontrakt": "Sommerjobb",
    "Grunnloenn_beloep": null,
    "Grunnloenn_valuta": null,
    "Klareringsnivaasikkerhetsklarering": "test klareringsnivå, test2 klareringsnivå",
    "Loennstype": null,
    "Navn": "Testina Testsen",
    "Organisasjon": "TI\u0026IIT",
    "Saerskilte_vilkaar": "test særskilte vilkår",
    "Selskap": "Bouvet Norge AS",
    "Sikkerhetsklarering_Svarmottatt": "test svar mottat",
    "Sluttaarsak": "test sluttårsak",
    "Statussikkerhetsklarering": "test status",
    "Stillingsprosent": "100.0%",
    "Timeloenn": "test timelønn",
    "Utloepsdatosikkerhetsklarering": "test utløpsdato sikkerhetsklarering",
    "_id": "0006"
  },
  {
    "Aarsloenn_heltid": "test lønn",
    "Ansatt_ID": "0007",
    "Ansettelsetype": "Fast ansatt",
    "Bruttoloennsreduksjon": null,
    "Datobakgrunnssjekk": "21.03.2019",
    "Faktiskloenn": null,
    "Forespoerselomsikkerhetsklareringsendt": "test forespørsel sendt",
    "GrunnlagDersomMidlertidigKontrakt": "Sommerjobb",
    "Grunnloenn_beloep": null,
    "Grunnloenn_valuta": null,
    "Klareringsnivaasikkerhetsklarering": "test klareringsnivå, test2 klareringsnivå",
    "Loennstype": null,
    "Navn": "Karl Michael Bergman",
    "Organisasjon": "Øst Prosjektledelse 2",
    "Saerskilte_vilkaar": "test særskilte vilkår",
    "Selskap": "Bouvet Norge AS",
    "Sikkerhetsklarering_Svarmottatt": "test svar mottat",
    "Sluttaarsak": "test sluttårsak",
    "Statussikkerhetsklarering": "test status",
    "Stillingsprosent": "100.0%",
    "Timeloenn": "test timelønn",
    "Utloepsdatosikkerhetsklarering": "test utløpsdato sikkerhetsklarering",
    "_id": "0007"
  },
  {
    "Aarsloenn_heltid": "test lønn",
    "Ansatt_ID": "0008",
    "Ansettelsetype": "Fast ansatt",
    "Bruttoloennsreduksjon": null,
    "Datobakgrunnssjekk": "21.03.2019",
    "Faktiskloenn": null,
    "Forespoerselomsikkerhetsklareringsendt": "test forespørsel sendt",
    "GrunnlagDersomMidlertidigKontrakt": "Sommerjobb",
    "Grunnloenn_beloep": null,
    "Grunnloenn_valuta": null,
    "Klareringsnivaasikkerhetsklarering": "test klareringsnivå, test2 klareringsnivå",
    "Loennstype": null,
    "Navn": "Gal Gadot",
    "Organisasjon": "Olavstoppen",
    "Saerskilte_vilkaar": "test særskilte vilkår",
    "Selskap": "Bouvet Norge AS",
    "Sikkerhetsklarering_Svarmottatt": "test svar mottat",
    "Sluttaarsak": "test sluttårsak",
    "Statussikkerhetsklarering": "test status",
    "Stillingsprosent": "100.0%",
    "Timeloenn": "test timelønn",
    "Utloepsdatosikkerhetsklarering": "test utløpsdato sikkerhetsklarering",
    "_id": "0008"
  },
  {
    "Aarsloenn_heltid": "test lønn",
    "Ansatt_ID": "0009",
    "Ansettelsetype": "Fast ansatt",
    "Bruttoloennsreduksjon": null,
    "Datobakgrunnssjekk": "21.03.2019",
    "Faktiskloenn": null,
    "Forespoerselomsikkerhetsklareringsendt": "test forespørsel sendt",
    "GrunnlagDersomMidlertidigKontrakt": "Sommerjobb",
    "Grunnloenn_beloep": null,
    "Grunnloenn_valuta": null,
    "Klareringsnivaasikkerhetsklarering": "test klareringsnivå, test2 klareringsnivå",
    "Loennstype": null,
    "Navn": "Bruce Wayne",
    "Organisasjon": "Stavanger Morgenstiern",
    "Saerskilte_vilkaar": "test særskilte vilkår",
    "Selskap": "Bouvet Norge AS",
    "Sikkerhetsklarering_Svarmottatt": "test svar mottat",
    "Sluttaarsak": "test sluttårsak",
    "Statussikkerhetsklarering": "test status",
    "Stillingsprosent": "100.0%",
    "Timeloenn": "test timelønn",
    "Utloepsdatosikkerhetsklarering": "test utløpsdato sikkerhetsklarering",
    "_id": "0009"
  },
  {
    "Aarsloenn_heltid": "test lønn",
    "Ansatt_ID": "0010",
    "Ansettelsetype": "Fast ansatt",
    "Bruttoloennsreduksjon": null,
    "Datobakgrunnssjekk": "21.03.2019",
    "Faktiskloenn": null,
    "Forespoerselomsikkerhetsklareringsendt": "test forespørsel sendt",
    "GrunnlagDersomMidlertidigKontrakt": "Sommerjobb",
    "Grunnloenn_beloep": null,
    "Grunnloenn_valuta": null,
    "Klareringsnivaasikkerhetsklarering": "test klareringsnivå, test2 klareringsnivå",
    "Loennstype": null,
    "Navn": "Lynvingen",
    "Organisasjon": "Stavanger Morgenstiern",
    "Saerskilte_vilkaar": "test særskilte vilkår",
    "Selskap": "Bouvet Norge AS",
    "Sikkerhetsklarering_Svarmottatt": "test svar mottat",
    "Sluttaarsak": "test sluttårsak",
    "Statussikkerhetsklarering": "test status",
    "Stillingsprosent": "100.0%",
    "Timeloenn": "test timelønn",
    "Utloepsdatosikkerhetsklarering": "test utløpsdato sikkerhetsklarering",
    "_id": "0010"
  },
  {
    "Aarsloenn_heltid": "test lønn",
    "Ansatt_ID": "0011",
    "Ansettelsetype": "Fast ansatt",
    "Bruttoloennsreduksjon": null,
    "Datobakgrunnssjekk": "21.03.2019",
    "Faktiskloenn": null,
    "Forespoerselomsikkerhetsklareringsendt": "test forespørsel sendt",
    "GrunnlagDersomMidlertidigKontrakt": "Sommerjobb",
    "Grunnloenn_beloep": null,
    "Grunnloenn_valuta": null,
    "Klareringsnivaasikkerhetsklarering": "test klareringsnivå, test2 klareringsnivå",
    "Loennstype": null,
    "Navn": "Virat Kohli",
    "Organisasjon": "Stavanger mIMe",
    "Saerskilte_vilkaar": "test særskilte vilkår",
    "Selskap": "Bouvet Norge AS",
    "Sikkerhetsklarering_Svarmottatt": "test svar mottat",
    "Sluttaarsak": "test sluttårsak",
    "Statussikkerhetsklarering": "test status",
    "Stillingsprosent": "100.0%",
    "Timeloenn": "test timelønn",
    "Utloepsdatosikkerhetsklarering": "test utløpsdato sikkerhetsklarering",
    "_id": "0011"
  },
  {
    "Aarsloenn_heltid": "test lønn",
    "Ansatt_ID": "1316",
    "Ansettelsetype": "Fast ansatt",
    "Bruttoloennsreduksjon": null,
    "Datobakgrunnssjekk": "21.03.2019",
    "Faktiskloenn": null,
    "Forespoerselomsikkerhetsklareringsendt": "test forespørsel sendt",
    "GrunnlagDersomMidlertidigKontrakt": "Sommerjobb",
    "Grunnloenn_beloep": null,
    "Grunnloenn_valuta": null,
    "Klareringsnivaasikkerhetsklarering": "test klareringsnivå, test2 klareringsnivå",
    "Loennstype": null,
    "Navn": "User Userson",
    "Organisasjon": "Øst Ria 2",
    "Saerskilte_vilkaar": "test særskilte vilkår",
    "Selskap": "Bouvet Norge AS",
    "Sikkerhetsklarering_Svarmottatt": "test svar mottat",
    "Sluttaarsak": "test sluttårsak",
    "Statussikkerhetsklarering": "test status",
    "Stillingsprosent": "100.0%",
    "Timeloenn": "test timelønn",
    "Utloepsdatosikkerhetsklarering": "test utløpsdato sikkerhetsklarering",
    "_id": "1316"
  },
  {
    "Aarsloenn_heltid": "3",
    "Ansatt_ID": "132",
    "Ansettelsetype": "Fast ansatt",
    "Bruttoloennsreduksjon": null,
    "Datobakgrunnssjekk": null,
    "Faktiskloenn": null,
    "Forespoerselomsikkerhetsklareringsendt": null,
    "GrunnlagDersomMidlertidigKontrakt": null,
    "Grunnloenn_beloep": null,
    "Grunnloenn_valuta": null,
    "Klareringsnivaasikkerhetsklarering": null,
    "Loennstype": null,
    "Navn": "Gjett Mail",
    "Organisasjon": "Ulriken",
    "Saerskilte_vilkaar": "Individuell kompensasjon for avsluttet ytelsesbasert pensjonsordning",
    "Selskap": "Bouvet Norge AS",
    "Sikkerhetsklarering_Svarmottatt": null,
    "Sluttaarsak": null,
    "Statussikkerhetsklarering": null,
    "Stillingsprosent": "100.0%",
    "Timeloenn": null,
    "Utloepsdatosikkerhetsklarering": null,
    "_id": "132"
  },
  {
    "Aarsloenn_heltid": "min lønn",
    "Ansatt_ID": "1528",
    "Ansettelsetype": "Fast ansatt",
    "Bruttoloennsreduksjon": null,
    "Datobakgrunnssjekk": null,
    "Faktiskloenn": null,
    "Forespoerselomsikkerhetsklareringsendt": null,
    "GrunnlagDersomMidlertidigKontrakt": null,
    "Grunnloenn_beloep": null,
    "Grunnloenn_valuta": null,
    "Klareringsnivaasikkerhetsklarering": null,
    "Loennstype": null,
    "Navn": "Jeg Etternavn",
    "Organisasjon": "Trondheim Tech 1",
    "Saerskilte_vilkaar": null,
    "Selskap": "Bouvet Norge AS",
    "Sikkerhetsklarering_Svarmottatt": null,
    "Sluttaarsak": null,
    "Statussikkerhetsklarering": null,
    "Stillingsprosent": "100.0%",
    "Timeloenn": null,
    "Utloepsdatosikkerhetsklarering": null,
    "_id": "1528"
  },
  {
    "Aarsloenn_heltid": "2",
    "Ansatt_ID": "1847",
    "Ansettelsetype": "Fast ansatt",
    "Bruttoloennsreduksjon": null,
    "Datobakgrunnssjekk": null,
    "Faktiskloenn": null,
    "Forespoerselomsikkerhetsklareringsendt": null,
    "GrunnlagDersomMidlertidigKontrakt": null,
    "Grunnloenn_beloep": null,
    "Grunnloenn_valuta": null,
    "Klareringsnivaasikkerhetsklarering": null,
    "Loennstype": null,
    "Navn": "Ehm Noe",
    "Organisasjon": "SAP Tech og forvaltning",
    "Saerskilte_vilkaar": null,
    "Selskap": "Bouvet Norge AS",
    "Sikkerhetsklarering_Svarmottatt": null,
    "Sluttaarsak": null,
    "Statussikkerhetsklarering": null,
    "Stillingsprosent": "100.0%",
    "Timeloenn": null,
    "Utloepsdatosikkerhetsklarering": null,
    "_id": "1847"
  },
  {
    "Aarsloenn_heltid": "6",
    "Ansatt_ID": "1872",
    "Ansettelsetype": "Fast ansatt",
    "Bruttoloennsreduksjon": null,
    "Datobakgrunnssjekk": null,
    "Faktiskloenn": null,
    "Forespoerselomsikkerhetsklareringsendt": null,
    "GrunnlagDersomMidlertidigKontrakt": null,
    "Grunnloenn_beloep": null,
    "Grunnloenn_valuta": null,
    "Klareringsnivaasikkerhetsklarering": null,
    "Loennstype": null,
    "Navn": "Hermione Granger",
    "Organisasjon": "Ulriken",
    "Saerskilte_vilkaar": null,
    "Selskap": "Bouvet Norge AS",
    "Sikkerhetsklarering_Svarmottatt": null,
    "Sluttaarsak": null,
    "Statussikkerhetsklarering": null,
    "Stillingsprosent": "100.0%",
    "Timeloenn": null,
    "Utloepsdatosikkerhetsklarering": null,
    "_id": "1872"
  },
  {
    "Aarsloenn_heltid": "5",
    "Ansatt_ID": "1938",
    "Ansettelsetype": "Fast ansatt",
    "Bruttoloennsreduksjon": null,
    "Datobakgrunnssjekk": null,
    "Faktiskloenn": null,
    "Forespoerselomsikkerhetsklareringsendt": "14.08.2017",
    "GrunnlagDersomMidlertidigKontrakt": null,
    "Grunnloenn_beloep": null,
    "Grunnloenn_valuta": null,
    "Klareringsnivaasikkerhetsklarering": "Hemmelig",
    "Loennstype": null,
    "Navn": "Lite Ambisjon",
    "Organisasjon": "Øst Webapps 2",
    "Saerskilte_vilkaar": null,
    "Selskap": "Bouvet Norge AS",
    "Sikkerhetsklarering_Svarmottatt": "25.09.2017",
    "Sluttaarsak": null,
    "Statussikkerhetsklarering": "Klarert",
    "Stillingsprosent": "100.0%",
    "Timeloenn": null,
    "Utloepsdatosikkerhetsklarering": "11.09.2022",
    "_id": "1938"
  },
  {
    "Aarsloenn_heltid": "testlønn",
    "Ansatt_ID": "2015",
    "Ansettelsetype": "Fast ansatt",
    "Bruttoloennsreduksjon": null,
    "Datobakgrunnssjekk": null,
    "Faktiskloenn": null,
    "Forespoerselomsikkerhetsklareringsendt": null,
    "GrunnlagDersomMidlertidigKontrakt": null,
    "Grunnloenn_beloep": null,
    "Grunnloenn_valuta": null,
    "Klareringsnivaasikkerhetsklarering": null,
    "Loennstype": null,
    "Navn": "Meg Finnepå",
    "Organisasjon": "Trondheim Tech 1",
    "Saerskilte_vilkaar": null,
    "Selskap": "Bouvet Norge AS",
    "Sikkerhetsklarering_Svarmottatt": null,
    "Sluttaarsak": null,
    "Statussikkerhetsklarering": null,
    "Stillingsprosent": "100.0%",
    "Timeloenn": null,
    "Utloepsdatosikkerhetsklarering": null,
    "_id": "2015"
  },
  {
    "Aarsloenn_heltid": "Min Lønn",
    "Ansatt_ID": "2156",
    "Ansettelsetype": "Fast ansatt",
    "Bruttoloennsreduksjon": null,
    "Datobakgrunnssjekk": null,
    "Faktiskloenn": null,
    "Forespoerselomsikkerhetsklareringsendt": null,
    "GrunnlagDersomMidlertidigKontrakt": null,
    "Grunnloenn_beloep": null,
    "Grunnloenn_valuta": null,
    "Klareringsnivaasikkerhetsklarering": null,
    "Loennstype": null,
    "Navn": "Fornavn Testetternavn",
    "Organisasjon": "Rogaland Syndicate",
    "Saerskilte_vilkaar": "Endret kontrakt fra timelønn til årslønn. Ny avtale gjelder fra 01.11.2019",
    "Selskap": "Bouvet Norge AS",
    "Sikkerhetsklarering_Svarmottatt": null,
    "Sluttaarsak": null,
    "Statussikkerhetsklarering": null,
    "Stillingsprosent": "80.0%",
    "Timeloenn": null,
    "Utloepsdatosikkerhetsklarering": null,
    "_id": "2156"
  },
  {
    "Aarsloenn_heltid": "1",
    "Ansatt_ID": "2276",
    "Ansettelsetype": "Fast ansatt",
    "Bruttoloennsreduksjon": null,
    "Datobakgrunnssjekk": null,
    "Faktiskloenn": null,
    "Forespoerselomsikkerhetsklareringsendt": "15.08.2018",
    "GrunnlagDersomMidlertidigKontrakt": null,
    "Grunnloenn_beloep": null,
    "Grunnloenn_valuta": null,
    "Klareringsnivaasikkerhetsklarering": "Hemmelig",
    "Loennstype": null,
    "Navn": "Mitt Testnavn",
    "Organisasjon": "Øst Microsoft 2",
    "Saerskilte_vilkaar": null,
    "Selskap": "Bouvet Norge AS",
    "Sikkerhetsklarering_Svarmottatt": null,
    "Sluttaarsak": null,
    "Statussikkerhetsklarering": "Retur med feil",
    "Stillingsprosent": "100.0%",
    "Timeloenn": null,
    "Utloepsdatosikkerhetsklarering": null,
    "_id": "2276"
  },
  {
    "Aarsloenn_heltid": "4",
    "Ansatt_ID": "2288",
    "Ansettelsetype": "Fast ansatt",
    "Bruttoloennsreduksjon": null,
    "Datobakgrunnssjekk": null,
    "Faktiskloenn": null,
    "Forespoerselomsikkerhetsklareringsendt": null,
    "GrunnlagDersomMidlertidigKontrakt": null,
    "Grunnloenn_beloep": null,
    "Grunnloenn_valuta": null,
    "Klareringsnivaasikkerhetsklarering": null,
    "Loennstype": null,
    "Navn": "Min Nabo",
    "Organisasjon": "Trondheim Rådgivning\u0026Prosjektledelse",
    "Saerskilte_vilkaar": null,
    "Selskap": "Bouvet Norge AS",
    "Sikkerhetsklarering_Svarmottatt": null,
    "Sluttaarsak": null,
    "Statussikkerhetsklarering": null,
    "Stillingsprosent": "100.0%",
    "Timeloenn": null,
    "Utloepsdatosikkerhetsklarering": null,
    "_id": "2288"
  },
  {
    "Aarsloenn_heltid": "444444",
    "Ansatt_ID": "2507",
    "Ansettelsetype": "Fast ansatt",
    "Bruttoloennsreduksjon": null,
    "Datobakgrunnssjekk": null,
    "Faktiskloenn": null,
    "Forespoerselomsikkerhetsklareringsendt": null,
    "GrunnlagDersomMidlertidigKontrakt": null,
    "Grunnloenn_beloep": null,
    "Grunnloenn_valuta": null,
    "Klareringsnivaasikkerhetsklarering": null,
    "Loennstype": null,
    "Navn": "Et Navn",
    "Organisasjon": "Tech In Da Tech 1",
    "Saerskilte_vilkaar": null,
    "Selskap": "Bouvet Sverige AB",
    "Sikkerhetsklarering_Svarmottatt": null,
    "Sluttaarsak": null,
    "Statussikkerhetsklarering": null,
    "Stillingsprosent": null,
    "Timeloenn": null,
    "Utloepsdatosikkerhetsklarering": null,
    "_id": "2507"
  },
  {
    "Aarsloenn_heltid": "6",
    "Ansatt_ID": "2978",
    "Ansettelsetype": "Fast ansatt",
    "Bruttoloennsreduksjon": null,
    "Datobakgrunnssjekk": null,
    "Faktiskloenn": null,
    "Forespoerselomsikkerhetsklareringsendt": null,
    "GrunnlagDersomMidlertidigKontrakt": null,
    "Grunnloenn_beloep": null,
    "Grunnloenn_valuta": null,
    "Klareringsnivaasikkerhetsklarering": null,
    "Loennstype": null,
    "Navn": "Harry Potter",
    "Organisasjon": "Rogaland Formel 1",
    "Saerskilte_vilkaar": null,
    "Selskap": "Bouvet Norge AS",
    "Sikkerhetsklarering_Svarmottatt": null,
    "Sluttaarsak": null,
    "Statussikkerhetsklarering": null,
    "Stillingsprosent": "100.0%",
    "Timeloenn": null,
    "Utloepsdatosikkerhetsklarering": null,
    "_id": "2978"
  },
  {
    "Aarsloenn_heltid": "123123123",
    "Ansatt_ID": "3471",
    "Ansettelsetype": "Fast ansatt",
    "Bruttoloennsreduksjon": null,
    "Datobakgrunnssjekk": null,
    "Faktiskloenn": null,
    "Forespoerselomsikkerhetsklareringsendt": null,
    "GrunnlagDersomMidlertidigKontrakt": null,
    "Grunnloenn_beloep": null,
    "Grunnloenn_valuta": null,
    "Klareringsnivaasikkerhetsklarering": null,
    "Loennstype": null,
    "Navn": "Severus Snape",
    "Organisasjon": "Olavstoppen AS",
    "Saerskilte_vilkaar": null,
    "Selskap": "Olavstoppen AS",
    "Sikkerhetsklarering_Svarmottatt": null,
    "Sluttaarsak": null,
    "Statussikkerhetsklarering": null,
    "Stillingsprosent": "100.0%",
    "Timeloenn": null,
    "Utloepsdatosikkerhetsklarering": null,
    "_id": "3471"
  },
  {
    "Aarsloenn_heltid": "444444",
    "Ansatt_ID": "3636",
    "Ansettelsetype": "Fast ansatt",
    "Bruttoloennsreduksjon": null,
    "Datobakgrunnssjekk": null,
    "Faktiskloenn": null,
    "Forespoerselomsikkerhetsklareringsendt": null,
    "GrunnlagDersomMidlertidigKontrakt": null,
    "Grunnloenn_beloep": null,
    "Grunnloenn_valuta": null,
    "Klareringsnivaasikkerhetsklarering": null,
    "Loennstype": null,
    "Navn": "Et Navn",
    "Organisasjon": "Tech In Da Tech 1",
    "Saerskilte_vilkaar": null,
    "Selskap": "Bouvet Sverige AB",
    "Sikkerhetsklarering_Svarmottatt": null,
    "Sluttaarsak": null,
    "Statussikkerhetsklarering": null,
    "Stillingsprosent": null,
    "Timeloenn": null,
    "Utloepsdatosikkerhetsklarering": null,
    "_id": "3636"
  },
  {
    "Aarsloenn_heltid": "test lønn",
    "Ansatt_ID": "391",
    "Ansettelsetype": "Fast ansatt",
    "Bruttoloennsreduksjon": null,
    "Datobakgrunnssjekk": "21.03.2019",
    "Faktiskloenn": null,
    "Forespoerselomsikkerhetsklareringsendt": "test forespørsel sendt",
    "GrunnlagDersomMidlertidigKontrakt": "Sommerjobb",
    "Grunnloenn_beloep": null,
    "Grunnloenn_valuta": null,
    "Klareringsnivaasikkerhetsklarering": "test klareringsnivå, test2 klareringsnivå",
    "Loennstype": null,
    "Navn": "bruker brukersen",
    "Organisasjon": "Øst Design 1",
    "Saerskilte_vilkaar": "test særskilte vilkår",
    "Selskap": "Bouvet Norge AS",
    "Sikkerhetsklarering_Svarmottatt": "test svar mottat",
    "Sluttaarsak": "test sluttårsak",
    "Statussikkerhetsklarering": "test status",
    "Stillingsprosent": "100.0%",
    "Timeloenn": "test timelønn",
    "Utloepsdatosikkerhetsklarering": "test utløpsdato sikkerhetsklarering",
    "_id": "391"
  },
  {
    "Aarsloenn_heltid": "444444",
    "Ansatt_ID": "7777",
    "Ansettelsetype": "Fast ansatt",
    "Bruttoloennsreduksjon": null,
    "Datobakgrunnssjekk": null,
    "Faktiskloenn": null,
    "Forespoerselomsikkerhetsklareringsendt": null,
    "GrunnlagDersomMidlertidigKontrakt": null,
    "Grunnloenn_beloep": null,
    "Grunnloenn_valuta": null,
    "Klareringsnivaasikkerhetsklarering": null,
    "Loennstype": null,
    "Navn": "Alfie Collin",
    "Organisasjon": "Olavstoppen",
    "Saerskilte_vilkaar": null,
    "Selskap": "Bouvet Norge AS",
    "Sikkerhetsklarering_Svarmottatt": null,
    "Sluttaarsak": null,
    "Statussikkerhetsklarering": null,
    "Stillingsprosent": null,
    "Timeloenn": null,
    "Utloepsdatosikkerhetsklarering": null,
    "_id": "7777"
  }
]
