[
  {
    "_id": "7777",
    "deleted": false,
    "username": "codeChamp01"
  }
]
