[
  {
    "_id": "0001",
    "employeenumber": "0001",
    "image": "https://image.com/1"
  },
  {
    "_id": "0003",
    "employeenumber": "0003",
    "image": "https://image.com/9"
  },
  {
    "_id": "0004",
    "employeenumber": "0004",
    "image": "https://image.com/3"
  },
  {
    "_id": "0007",
    "employeenumber": "0007",
    "image": "https://image.com/6"
  },
  {
    "_id": "0008",
    "employeenumber": "0008",
    "image": "https://image.com/7"
  }
]
