[
  {
    "Aktiv i Current": true,
    "Aktiv i Visma": false,
    "AnsattID": 1,
    "AnsattIDPersonalansvarlig": 13,
    "AnsattTypeID": 3,
    "AnsattTypeNavn": "",
    "AvdelingsID": 801,
    "AvdelingsKilde": "Folk",
    "FraDatoMnd": "01.04.2020",
    "Fritekst": null,
    "Leder": false,
    "Mnd": 4,
    "Personalansvar": false,
    "TilDatoMnd": "30.04.2020",
    "_id": "0001",
    "År": 2020
  },
  {
    "Aktiv i Current": true,
    "Aktiv i Visma": false,
    "AnsattID": 3,
    "AnsattIDPersonalansvarlig": 13,
    "AnsattTypeID": 6,
    "AnsattTypeNavn": "Underkons. Konsern",
    "AvdelingsID": 732,
    "AvdelingsKilde": "Folk",
    "FraDatoMnd": "01.04.2020",
    "Fritekst": null,
    "Leder": false,
    "Mnd": 4,
    "Personalansvar": false,
    "TilDatoMnd": "30.04.2020",
    "_id": "0003",
    "År": 2020
  },
  {
    "Aktiv i Current": true,
    "Aktiv i Visma": false,
    "AnsattID": 4,
    "AnsattIDPersonalansvarlig": 13,
    "AnsattTypeID": 3,
    "AnsattTypeNavn": "",
    "AvdelingsID": 785,
    "AvdelingsKilde": "Folk",
    "FraDatoMnd": "01.04.2020",
    "Fritekst": null,
    "Leder": false,
    "Mnd": 4,
    "Personalansvar": false,
    "TilDatoMnd": "30.04.2020",
    "_id": "0004",
    "År": 2020
  },
  {
    "Aktiv i Current": true,
    "Aktiv i Visma": false,
    "AnsattID": 6,
    "AnsattIDPersonalansvarlig": 13,
    "AnsattTypeID": 3,
    "AnsattTypeNavn": "",
    "AvdelingsID": 732,
    "AvdelingsKilde": "Folk",
    "FraDatoMnd": "01.04.2020",
    "Fritekst": null,
    "Leder": false,
    "Mnd": 4,
    "Personalansvar": false,
    "TilDatoMnd": "30.04.2020",
    "_id": "0006",
    "År": 2020
  },
  {
    "Aktiv i Current": true,
    "Aktiv i Visma": false,
    "AnsattID": 7,
    "AnsattIDPersonalansvarlig": 13,
    "AnsattTypeID": 3,
    "AnsattTypeNavn": "",
    "AvdelingsID": 513,
    "AvdelingsKilde": "Folk",
    "FraDatoMnd": "01.04.2020",
    "Fritekst": null,
    "Leder": false,
    "Mnd": 4,
    "Personalansvar": false,
    "TilDatoMnd": "30.04.2020",
    "_id": "0007",
    "År": 2020
  },
  {
    "Aktiv i Current": true,
    "Aktiv i Visma": false,
    "AnsattID": 8,
    "AnsattIDPersonalansvarlig": 13,
    "AnsattTypeID": 3,
    "AnsattTypeNavn": "",
    "AvdelingsID": 753,
    "AvdelingsKilde": "Folk",
    "FraDatoMnd": "01.04.2020",
    "Fritekst": null,
    "Leder": false,
    "Mnd": 4,
    "Personalansvar": false,
    "TilDatoMnd": "30.04.2020",
    "_id": "0008",
    "År": 2020
  },
  {
    "Aktiv i Current": true,
    "Aktiv i Visma": false,
    "AnsattID": 10,
    "AnsattIDPersonalansvarlig": 13,
    "AnsattTypeID": 3,
    "AnsattTypeNavn": "",
    "AvdelingsID": 757,
    "AvdelingsKilde": "Folk",
    "FraDatoMnd": "01.04.2020",
    "Fritekst": null,
    "Leder": false,
    "Mnd": 4,
    "Personalansvar": false,
    "TilDatoMnd": "30.04.2020",
    "_id": "0010",
    "År": 2020
  },
  {
    "Aktiv i Current": false,
    "Aktiv i Visma": false,
    "AnsattID": 11,
    "AnsattIDPersonalansvarlig": 13,
    "AnsattTypeID": null,
    "AnsattTypeNavn": "ansatt",
    "AvdelingsID": 753,
    "AvdelingsKilde": "Folk",
    "FraDatoMnd": "01.04.2020",
    "Fritekst": null,
    "Leder": false,
    "Mnd": 4,
    "Personalansvar": false,
    "TilDatoMnd": "30.04.2020",
    "_id": "0011",
    "År": 2020
  },
  {
    "Aktiv i Current": false,
    "Aktiv i Visma": false,
    "AnsattID": 132,
    "AnsattIDPersonalansvarlig": 222,
    "AnsattTypeID": null,
    "AnsattTypeNavn": "ansatt",
    "AvdelingsID": 781,
    "AvdelingsKilde": "Folk",
    "FraDatoMnd": "01.04.2020",
    "Fritekst": null,
    "Leder": false,
    "Mnd": 4,
    "Personalansvar": true,
    "TilDatoMnd": "30.04.2020",
    "_id": "132",
    "År": 2020
  },
  {
    "Aktiv i Current": false,
    "Aktiv i Visma": false,
    "AnsattID": 1528,
    "AnsattIDPersonalansvarlig": 915,
    "AnsattTypeID": null,
    "AnsattTypeNavn": "ansatt",
    "AvdelingsID": 801,
    "AvdelingsKilde": "Folk",
    "FraDatoMnd": "01.04.2020",
    "Fritekst": null,
    "Leder": false,
    "Mnd": 4,
    "Personalansvar": false,
    "TilDatoMnd": "30.04.2020",
    "_id": "1528",
    "År": 2020
  },
  {
    "Aktiv i Current": false,
    "Aktiv i Visma": false,
    "AnsattID": 1847,
    "AnsattIDPersonalansvarlig": 1155,
    "AnsattTypeID": null,
    "AnsattTypeNavn": "ansatt",
    "AvdelingsID": 523,
    "AvdelingsKilde": "Folk",
    "FraDatoMnd": "01.04.2020",
    "Fritekst": null,
    "Leder": false,
    "Mnd": 4,
    "Personalansvar": false,
    "TilDatoMnd": "30.04.2020",
    "_id": "1847",
    "År": 2020
  },
  {
    "Aktiv i Current": false,
    "Aktiv i Visma": false,
    "AnsattID": 1938,
    "AnsattIDPersonalansvarlig": 1397,
    "AnsattTypeID": null,
    "AnsattTypeNavn": "ansatt",
    "AvdelingsID": 326,
    "AvdelingsKilde": "Folk",
    "FraDatoMnd": "01.04.2020",
    "Fritekst": null,
    "Leder": false,
    "Mnd": 4,
    "Personalansvar": false,
    "TilDatoMnd": "30.04.2020",
    "_id": "1938",
    "År": 2020
  },
  {
    "Aktiv i Current": false,
    "Aktiv i Visma": false,
    "AnsattID": 2015,
    "AnsattIDPersonalansvarlig": 915,
    "AnsattTypeID": null,
    "AnsattTypeNavn": "ansatt",
    "AvdelingsID": 801,
    "AvdelingsKilde": "Folk",
    "FraDatoMnd": "01.04.2020",
    "Fritekst": null,
    "Leder": false,
    "Mnd": 4,
    "Personalansvar": false,
    "TilDatoMnd": "30.04.2020",
    "_id": "2015",
    "År": 2020
  },
  {
    "Aktiv i Current": false,
    "Aktiv i Visma": false,
    "AnsattID": 2156,
    "AnsattIDPersonalansvarlig": 421,
    "AnsattTypeID": null,
    "AnsattTypeNavn": "ansatt",
    "AvdelingsID": 756,
    "AvdelingsKilde": "Folk",
    "FraDatoMnd": "01.04.2020",
    "Fritekst": null,
    "Leder": false,
    "Mnd": 4,
    "Personalansvar": false,
    "TilDatoMnd": "30.04.2020",
    "_id": "2156",
    "År": 2020
  },
  {
    "Aktiv i Current": true,
    "Aktiv i Visma": false,
    "AnsattID": 2276,
    "AnsattIDPersonalansvarlig": 1224,
    "AnsattTypeID": 3,
    "AnsattTypeNavn": "",
    "AvdelingsID": 321,
    "AvdelingsKilde": "Folk",
    "FraDatoMnd": "01.04.2020",
    "Fritekst": null,
    "Leder": false,
    "Mnd": 4,
    "Personalansvar": false,
    "TilDatoMnd": "30.04.2020",
    "_id": "2276",
    "År": 2020
  },
  {
    "Aktiv i Current": false,
    "Aktiv i Visma": false,
    "AnsattID": 2288,
    "AnsattIDPersonalansvarlig": 1311,
    "AnsattTypeID": null,
    "AnsattTypeNavn": "ansatt",
    "AvdelingsID": 805,
    "AvdelingsKilde": "Folk",
    "FraDatoMnd": "01.04.2020",
    "Fritekst": null,
    "Leder": false,
    "Mnd": 4,
    "Personalansvar": false,
    "RegionIDCurrent": 7,
    "TilDatoMnd": "30.04.2020",
    "_id": "2288",
    "År": 2020
  },
  {
    "Aktiv i Current": false,
    "Aktiv i Visma": false,
    "AnsattID": 2978,
    "AnsattIDPersonalansvarlig": 969,
    "AnsattTypeID": null,
    "AnsattTypeNavn": "ansatt",
    "AvdelingsID": 751,
    "AvdelingsKilde": "Folk",
    "FraDatoMnd": "01.04.2020",
    "Fritekst": null,
    "Leder": false,
    "Mnd": 4,
    "Personalansvar": false,
    "TilDatoMnd": "30.04.2020",
    "_id": "2978",
    "År": 2020
  },
  {
    "Aktiv i Current": false,
    "Aktiv i Visma": false,
    "AnsattID": 391,
    "AnsattIDPersonalansvarlig": 13,
    "AnsattTypeID": null,
    "AnsattTypeNavn": "ansatt",
    "AvdelingsID": 333,
    "AvdelingsKilde": "Folk",
    "FraDatoMnd": "01.04.2020",
    "Fritekst": null,
    "Leder": false,
    "Mnd": 4,
    "Personalansvar": false,
    "TilDatoMnd": "30.04.2020",
    "_id": "391",
    "År": 2020
  },
  {
    "Aktiv i Current": false,
    "Aktiv i Visma": false,
    "AnsattID": 7777,
    "AnsattIDPersonalansvarlig": 915,
    "AnsattTypeID": null,
    "AnsattTypeNavn": "ansatt",
    "AvdelingsID": 4,
    "AvdelingsKilde": "Folk",
    "FraDatoMnd": "01.04.2020",
    "Fritekst": null,
    "Leder": false,
    "Mnd": 4,
    "Personalansvar": false,
    "TilDatoMnd": "30.04.2020",
    "_id": "7777",
    "År": 2020
  }
]
